Component: ARM Compiler 5.05 update 1 (build 106) Tool: armlink [4d0efa]

==============================================================================

Section Cross References

    main.o(.text) refers to _printf_percent.o(.ARM.Collect$$_printf_percent$$00000000) for _printf_percent
    main.o(.text) refers to _printf_s.o(.ARM.Collect$$_printf_percent$$00000014) for _printf_s
    main.o(.text) refers to _printf_str.o(.text) for _printf_str
    main.o(.text) refers to _printf_d.o(.ARM.Collect$$_printf_percent$$00000009) for _printf_d
    main.o(.text) refers to _printf_dec.o(.text) for _printf_int_dec
    main.o(.text) refers to delay.o(.text) for delay_init
    main.o(.text) refers to misc.o(.text) for NVIC_PriorityGroupConfig
    main.o(.text) refers to usart.o(.text) for uart_init
    main.o(.text) refers to usart3.o(.text) for usart3_init
    main.o(.text) refers to esp8266.o(.text) for esp8266_start_trans
    main.o(.text) refers to ioi2c.o(.text) for IIC_Init
    main.o(.text) refers to mpu6050.o(.text) for MPU6050_initialize
    main.o(.text) refers to timer_mos.o(.text) for TIM3_PWM_Init
    main.o(.text) refers to stm32f10x_tim.o(.text) for TIM_SetCompare1
    main.o(.text) refers to ffix.o(x$fpl$ffix) for __aeabi_f2iz
    main.o(.text) refers to __2printf.o(.text) for __2printf
    main.o(.text) refers to usart3.o(.data) for USART3_RX_STA
    main.o(.text) refers to usart3.o(.bss) for USART3_RX_BUF
    system_stm32f10x.o(.text) refers to system_stm32f10x.o(.data) for SystemCoreClock
    esp8266.o(.text) refers to _printf_percent.o(.ARM.Collect$$_printf_percent$$00000000) for _printf_percent
    esp8266.o(.text) refers to _printf_s.o(.ARM.Collect$$_printf_percent$$00000014) for _printf_s
    esp8266.o(.text) refers to _printf_str.o(.text) for _printf_str
    esp8266.o(.text) refers to strstr.o(.text) for strstr
    esp8266.o(.text) refers to usart3.o(.text) for u3_printf
    esp8266.o(.text) refers to delay.o(.text) for delay_ms
    esp8266.o(.text) refers to __2printf.o(.text) for __2printf
    esp8266.o(.text) refers to usart3.o(.data) for USART3_RX_STA
    esp8266.o(.text) refers to usart3.o(.bss) for USART3_RX_BUF
    timer.o(.text) refers to stm32f10x_tim.o(.text) for TIM_GetITStatus
    timer.o(.text) refers to stm32f10x_rcc.o(.text) for RCC_APB1PeriphClockCmd
    timer.o(.text) refers to misc.o(.text) for NVIC_Init
    timer.o(.text) refers to usart3.o(.data) for USART3_RX_STA
    usart3.o(.text) refers to stm32f10x_usart.o(.text) for USART_GetITStatus
    usart3.o(.text) refers to stm32f10x_tim.o(.text) for TIM_SetCounter
    usart3.o(.text) refers to stm32f10x_rcc.o(.text) for RCC_APB2PeriphClockCmd
    usart3.o(.text) refers to stm32f10x_gpio.o(.text) for GPIO_Init
    usart3.o(.text) refers to misc.o(.text) for NVIC_Init
    usart3.o(.text) refers to timer.o(.text) for TIM7_Int_Init
    usart3.o(.text) refers to c89vsprintf.o(.text) for __c89vsprintf
    usart3.o(.text) refers to strlen.o(.text) for strlen
    usart3.o(.text) refers to usart3.o(.data) for USART3_RX_STA
    usart3.o(.text) refers to usart3.o(.bss) for USART3_RX_BUF
    timer_mos.o(.text) refers to stm32f10x_rcc.o(.text) for RCC_APB1PeriphClockCmd
    timer_mos.o(.text) refers to stm32f10x_tim.o(.text) for TIM_TimeBaseInit
    timer_mos.o(.text) refers to misc.o(.text) for NVIC_Init
    timer_mos.o(.text) refers to stm32f10x_gpio.o(.text) for GPIO_Init
    mpu6050.o(.text) refers to inv_mpu.o(.text) for mpu_run_self_test
    mpu6050.o(.text) refers to fflt_clz.o(x$fpl$fflt) for __aeabi_i2f
    mpu6050.o(.text) refers to fmul.o(x$fpl$fmul) for __aeabi_fmul
    mpu6050.o(.text) refers to ffix.o(x$fpl$ffix) for __aeabi_f2iz
    mpu6050.o(.text) refers to inv_mpu_dmp_motion_driver.o(.text) for dmp_set_gyro_bias
    mpu6050.o(.text) refers to __2printf.o(.text) for __2printf
    mpu6050.o(.text) refers to ioi2c.o(.text) for IICwriteBits
    mpu6050.o(.text) refers to fdiv.o(x$fpl$fdiv) for __aeabi_fdiv
    mpu6050.o(.text) refers to mpu6050.o(.bss) for MPU6050_FIFO
    mpu6050.o(.text) refers to mpu6050.o(.data) for gyro_orientation
    mpu6050.o(.text) refers to faddsub_clz.o(x$fpl$fsub) for __aeabi_fsub
    mpu6050.o(.text) refers to faddsub_clz.o(x$fpl$fadd) for __aeabi_fadd
    mpu6050.o(.text) refers to f2d.o(x$fpl$f2d) for __aeabi_f2d
    mpu6050.o(.text) refers to atan2.o(i.atan2) for atan2
    mpu6050.o(.text) refers to dmul.o(x$fpl$dmul) for __aeabi_dmul
    mpu6050.o(.text) refers to dfix.o(x$fpl$dfix) for __aeabi_d2iz
    mpu6050.o(.text) refers to asin.o(i.asin) for asin
    inv_mpu.o(.text) refers to _printf_percent.o(.ARM.Collect$$_printf_percent$$00000000) for _printf_percent
    inv_mpu.o(.text) refers to _printf_d.o(.ARM.Collect$$_printf_percent$$00000009) for _printf_d
    inv_mpu.o(.text) refers to _printf_dec.o(.text) for _printf_int_dec
    inv_mpu.o(.text) refers to ioi2c.o(.text) for i2cWrite
    inv_mpu.o(.text) refers to delay.o(.text) for delay_ms
[...]
    _printf_lld                              0x080001f7   Thumb Code     0  _printf_lld.o(.ARM.Collect$$_printf_percent$$0000000E)
    _printf_llu                              0x080001fd   Thumb Code     0  _printf_llu.o(.ARM.Collect$$_printf_percent$$0000000F)
    _printf_llo                              0x08000203   Thumb Code     0  _printf_llo.o(.ARM.Collect$$_printf_percent$$00000010)
    _printf_llx                              0x08000209   Thumb Code     0  _printf_llx.o(.ARM.Collect$$_printf_percent$$00000011)
    _printf_l                                0x0800020f   Thumb Code     0  _printf_l.o(.ARM.Collect$$_printf_percent$$00000012)
    _printf_c                                0x08000219   Thumb Code     0  _printf_c.o(.ARM.Collect$$_printf_percent$$00000013)
    _printf_s                                0x0800021f   Thumb Code     0  _printf_s.o(.ARM.Collect$$_printf_percent$$00000014)
    _printf_lc                               0x08000225   Thumb Code     0  _printf_lc.o(.ARM.Collect$$_printf_percent$$00000015)
    _printf_ls                               0x0800022b   Thumb Code     0  _printf_ls.o(.ARM.Collect$$_printf_percent$$00000016)
    _printf_percent_end                      0x08000231   Thumb Code     0  _printf_percent_end.o(.ARM.Collect$$_printf_percent$$00000017)
    __rt_lib_init                            0x08000235   Thumb Code     0  libinit.o(.ARM.Collect$$libinit$$00000000)
    __rt_lib_init_fp_1                       0x08000237   Thumb Code     0  libinit2.o(.ARM.Collect$$libinit$$00000002)
    __rt_lib_init_heap_1                     0x08000237   Thumb Code     0  libinit2.o(.ARM.Collect$$libinit$$0000000A)
    __rt_lib_init_lc_common                  0x08000237   Thumb Code     0  libinit2.o(.ARM.Collect$$libinit$$0000000F)
    __rt_lib_init_preinit_1                  0x08000237   Thumb Code     0  libinit2.o(.ARM.Collect$$libinit$$00000004)
    __rt_lib_init_rand_1                     0x08000237   Thumb Code     0  libinit2.o(.ARM.Collect$$libinit$$0000000E)
    __rt_lib_init_user_alloc_1               0x08000237   Thumb Code     0  libinit2.o(.ARM.Collect$$libinit$$0000000C)
    __rt_lib_init_lc_collate_1               0x0800023d   Thumb Code     0  libinit2.o(.ARM.Collect$$libinit$$00000011)
    __rt_lib_init_lc_ctype_2                 0x0800023d   Thumb Code     0  libinit2.o(.ARM.Collect$$libinit$$00000012)
    __rt_lib_init_lc_ctype_1                 0x08000249   Thumb Code     0  libinit2.o(.ARM.Collect$$libinit$$00000013)
    __rt_lib_init_lc_monetary_1              0x08000249   Thumb Code     0  libinit2.o(.ARM.Collect$$libinit$$00000015)
    __rt_lib_init_lc_numeric_2               0x08000249   Thumb Code     0  libinit2.o(.ARM.Collect$$libinit$$00000016)
    __rt_lib_init_alloca_1                   0x08000253   Thumb Code     0  libinit2.o(.ARM.Collect$$libinit$$0000002E)
    __rt_lib_init_argv_1                     0x08000253   Thumb Code     0  libinit2.o(.ARM.Collect$$libinit$$0000002C)
    __rt_lib_init_atexit_1                   0x08000253   Thumb Code     0  libinit2.o(.ARM.Collect$$libinit$$0000001B)
    __rt_lib_init_clock_1                    0x08000253   Thumb Code     0  libinit2.o(.ARM.Collect$$libinit$$00000021)
    __rt_lib_init_cpp_1                      0x08000253   Thumb Code     0  libinit2.o(.ARM.Collect$$libinit$$00000032)
    __rt_lib_init_exceptions_1               0x08000253   Thumb Code     0  libinit2.o(.ARM.Collect$$libinit$$00000030)
    __rt_lib_init_fp_trap_1                  0x08000253   Thumb Code     0  libinit2.o(.ARM.Collect$$libinit$$0000001F)
    __rt_lib_init_getenv_1                   0x08000253   Thumb Code     0  libinit2.o(.ARM.Collect$$libinit$$00000023)
    __rt_lib_init_lc_numeric_1               0x08000253   Thumb Code     0  libinit2.o(.ARM.Collect$$libinit$$00000017)
    __rt_lib_init_lc_time_1                  0x08000253   Thumb Code     0  libinit2.o(.ARM.Collect$$libinit$$00000019)
    __rt_lib_init_return                     0x08000253   Thumb Code     0  libinit2.o(.ARM.Collect$$libinit$$00000033)
    __rt_lib_init_signal_1                   0x08000253   Thumb Code     0  libinit2.o(.ARM.Collect$$libinit$$0000001D)
    __rt_lib_init_stdio_1                    0x08000253   Thumb Code     0  libinit2.o(.ARM.Collect$$libinit$$00000025)
    __rt_lib_shutdown                        0x08000255   Thumb Code     0  libshutdown.o(.ARM.Collect$$libshutdown$$00000000)
    __rt_lib_shutdown_fp_trap_1              0x08000257   Thumb Code     0  libshutdown2.o(.ARM.Collect$$libshutdown$$00000006)
    __rt_lib_shutdown_heap_1                 0x08000257   Thumb Code     0  libshutdown2.o(.ARM.Collect$$libshutdown$$0000000E)
    __rt_lib_shutdown_return                 0x08000257   Thumb Code     0  libshutdown2.o(.ARM.Collect$$libshutdown$$0000000F)
    __rt_lib_shutdown_signal_1               0x08000257   Thumb Code     0  libshutdown2.o(.ARM.Collect$$libshutdown$$00000009)
    __rt_lib_shutdown_stdio_1                0x08000257   Thumb Code     0  libshutdown2.o(.ARM.Collect$$libshutdown$$00000003)
    __rt_lib_shutdown_user_alloc_1           0x08000257   Thumb Code     0  libshutdown2.o(.ARM.Collect$$libshutdown$$0000000B)
    __rt_entry                               0x08000259   Thumb Code     0  __rtentry.o(.ARM.Collect$$rtentry$$00000000)
    __rt_entry_presh_1                       0x08000259   Thumb Code     0  __rtentry2.o(.ARM.Collect$$rtentry$$00000002)
    __rt_entry_sh                            0x08000259   Thumb Code     0  __rtentry4.o(.ARM.Collect$$rtentry$$00000004)
    __rt_entry_li                            0x0800025f   Thumb Code     0  __rtentry2.o(.ARM.Collect$$rtentry$$0000000A)
    __rt_entry_postsh_1                      0x0800025f   Thumb Code     0  __rtentry2.o(.ARM.Collect$$rtentry$$00000009)
    __rt_entry_main                          0x08000263   Thumb Code     0  __rtentry2.o(.ARM.Collect$$rtentry$$0000000D)
    __rt_entry_postli_1                      0x08000263   Thumb Code     0  __rtentry2.o(.ARM.Collect$$rtentry$$0000000C)
    __rt_exit                                0x0800026b   Thumb Code     0  rtexit.o(.ARM.Collect$$rtexit$$00000000)
    __rt_exit_ls                             0x0800026d   Thumb Code     0  rtexit2.o(.ARM.Collect$$rtexit$$00000003)
    __rt_exit_prels_1                        0x0800026d   Thumb Code     0  rtexit2.o(.ARM.Collect$$rtexit$$00000002)
    __rt_exit_exit                           0x08000271   Thumb Code     0  rtexit2.o(.ARM.Collect$$rtexit$$00000004)
    strict                                   0x08000279   Thumb Code    20  main.o(.text)
    main                                     0x0800028d   Thumb Code   582  main.o(.text)
    NMI_Handler                              0x08000519   Thumb Code     2  stm32f10x_it.o(.text)
    HardFault_Handler                        0x0800051b   Thumb Code     4  stm32f10x_it.o(.text)
    MemManage_Handler                        0x0800051f   Thumb Code     4  stm32f10x_it.o(.text)
    BusFault_Handler                         0x08000523   Thumb Code     4  stm32f10x_it.o(.text)
    UsageFault_Handler                       0x08000527   Thumb Code     4  stm32f10x_it.o(.text)
    SVC_Handler                              0x0800052b   Thumb Code     2  stm32f10x_it.o(.text)
    DebugMon_Handler                         0x0800052d   Thumb Code     2  stm32f10x_it.o(.text)
    PendSV_Handler                           0x0800052f   Thumb Code     2  stm32f10x_it.o(.text)
    SysTick_Handler                          0x08000531   Thumb Code     2  stm32f10x_it.o(.text)
    SystemInit                               0x08000613   Thumb Code    78  system_stm32f10x.o(.text)
    SystemCoreClockUpdate                    0x08000661   Thumb Code   142  system_stm32f10x.o(.text)
    esp8266_check_cmd                        0x08000715   Thumb Code    44  esp8266.o(.text)
    esp8266_send_cmd                         0x08000741   Thumb Code    92  esp8266.o(.text)
    esp8266_start_trans                      0x0800079d   Thumb Code   120  esp8266.o(.text)
    esp8266_quit_trans                       0x08000815   Thumb Code    50  esp8266.o(.text)
    esp8266_send_data                        0x08000847   Thumb Code    88  esp8266.o(.text)
    TIM2_IRQHandler                          0x08000991   Thumb Code    44  timer.o(.text)
    TIM7_Int_Init                            0x080009bd   Thumb Code    92  timer.o(.text)
    USART2_IRQHandler                        0x08000a1d   Thumb Code    96  usart3.o(.text)
    usart3_init                              0x08000a7d   Thumb Code   216  usart3.o(.text)
    u3_printf                                0x08000b55   Thumb Code    72  usart3.o(.text)
    TIM3_Int_Init                            0x08000bb5   Thumb Code    90  timer_mos.o(.text)
    TIM3_IRQHandler                          0x08000c0f   Thumb Code    22  timer_mos.o(.text)
    TIM3_PWM_Init                            0x08000c25   Thumb Code   248  timer_mos.o(.text)
    MPU6050_newValues                        0x08000e35   Thumb Code   494  mpu6050.o(.text)
    MPU6050_setClockSource                   0x08001023   Thumb Code    20  mpu6050.o(.text)
    MPU6050_setFullScaleGyroRange            0x08001037   Thumb Code    20  mpu6050.o(.text)
    MPU6050_setFullScaleAccelRange           0x0800104b   Thumb Code    20  mpu6050.o(.text)
    MPU6050_setSleepEnabled                  0x0800105f   Thumb Code    18  mpu6050.o(.text)
    MPU6050_getDeviceID                      0x08001071   Thumb Code    20  mpu6050.o(.text)
    MPU6050_testConnection                   0x08001085   Thumb Code    18  mpu6050.o(.text)
    MPU6050_setI2CMasterModeEnabled          0x08001097   Thumb Code    18  mpu6050.o(.text)
    MPU6050_setI2CBypassEnabled              0x080010a9   Thumb Code    18  mpu6050.o(.text)
    MPU6050_initialize                       0x080010bb   Thumb Code    40  mpu6050.o(.text)
    DMP_Init                                 0x080010e3   Thumb Code   200  mpu6050.o(.text)
    Read_DMP                                 0x080011ab   Thumb Code  1000  mpu6050.o(.text)
    mpu_reg_dump                             0x08001637   Thumb Code    72  inv_mpu.o(.text)
    mpu_read_reg                             0x0800167f   Thumb Code    66  inv_mpu.o(.text)
    mpu_set_int_latched                      0x080016c1   Thumb Code   102  inv_mpu.o(.text)
    mpu_set_sensors                          0x08001727   Thumb Code   202  inv_mpu.o(.text)
    mpu_set_bypass                           0x080017f1   Thumb Code   328  inv_mpu.o(.text)
    mpu_reset_fifo                           0x08001939   Thumb Code   444  inv_mpu.o(.text)
    mpu_configure_fifo                       0x08001af5   Thumb Code   106  inv_mpu.o(.text)
    mpu_set_lpf                              0x08001b5f   Thumb Code   126  inv_mpu.o(.text)
    mpu_lp_accel_mode                        0x08001bdd   Thumb Code   218  inv_mpu.o(.text)
    mpu_set_sample_rate                      0x08001cb7   Thumb Code   152  inv_mpu.o(.text)
    mpu_set_accel_fsr                        0x08001d4f   Thumb Code   132  inv_mpu.o(.text)
    mpu_set_gyro_fsr                         0x08001dd3   Thumb Code   132  inv_mpu.o(.text)
    mpu_init                                 0x08001e57   Thumb Code   416  inv_mpu.o(.text)
    myget_ms                                 0x08001ff7   Thumb Code     2  inv_mpu.o(.text)
    mpu_get_gyro_reg                         0x08001ff9   Thumb Code   110  inv_mpu.o(.text)
    mpu_get_accel_reg                        0x08002067   Thumb Code   110  inv_mpu.o(.text)
    mpu_get_temperature                      0x080020d5   Thumb Code   150  inv_mpu.o(.text)
    mpu_set_accel_bias                       0x0800216b   Thumb Code   468  inv_mpu.o(.text)
    mpu_get_gyro_fsr                         0x0800233f   Thumb Code    64  inv_mpu.o(.text)
    mpu_get_accel_fsr                        0x0800237f   Thumb Code    72  inv_mpu.o(.text)
    mpu_get_lpf                              0x080023c7   Thumb Code    74  inv_mpu.o(.text)
    mpu_get_sample_rate                      0x08002411   Thumb Code    26  inv_mpu.o(.text)
    mpu_get_compass_sample_rate              0x0800242b   Thumb Code    10  inv_mpu.o(.text)
    mpu_set_compass_sample_rate              0x08002435   Thumb Code     8  inv_mpu.o(.text)
    mpu_get_gyro_sens                        0x0800243d   Thumb Code    58  inv_mpu.o(.text)
    mpu_get_accel_sens                       0x08002477   Thumb Code    78  inv_mpu.o(.text)
    mpu_get_fifo_config                      0x080024c5   Thumb Code    12  inv_mpu.o(.text)
    mpu_get_power_state                      0x080024d1   Thumb Code    22  inv_mpu.o(.text)
    mpu_get_int_status                       0x080024e7   Thumb Code    64  inv_mpu.o(.text)
    mpu_read_fifo                            0x08002527   Thumb Code   520  inv_mpu.o(.text)
    mpu_read_fifo_stream                     0x0800272f   Thumb Code   186  inv_mpu.o(.text)
    mpu_set_int_level                        0x080027e9   Thumb Code    12  inv_mpu.o(.text)
    mpu_set_dmp_state                        0x08002eef   Thumb Code   138  inv_mpu.o(.text)
    mpu_run_self_test                        0x08002f79   Thumb Code   278  inv_mpu.o(.text)
    mpu_write_mem                            0x0800308f   Thumb Code   122  inv_mpu.o(.text)
    mpu_read_mem                             0x08003109   Thumb Code   122  inv_mpu.o(.text)
    mpu_load_firmware                        0x08003183   Thumb Code   184  inv_mpu.o(.text)
    mpu_get_dmp_state                        0x0800323b   Thumb Code    14  inv_mpu.o(.text)
    mpu_get_compass_reg                      0x08003249   Thumb Code     8  inv_mpu.o(.text)
    mpu_get_compass_fsr                      0x08003251   Thumb Code     8  inv_mpu.o(.text)
    mpu_lp_motion_interrupt                  0x08003259   Thumb Code   512  inv_mpu.o(.text)
    dmp_load_motion_driver_firmware          0x0800345d   Thumb Code    20  inv_mpu_dmp_motion_driver.o(.text)
    dmp_set_orientation                      0x08003471   Thumb Code   290  inv_mpu_dmp_motion_driver.o(.text)
    dmp_set_gyro_bias                        0x08003593   Thumb Code   294  inv_mpu_dmp_motion_driver.o(.text)
    dmp_set_accel_bias                       0x080036b9   Thumb Code   300  inv_mpu_dmp_motion_driver.o(.text)
    dmp_set_fifo_rate                        0x080037e5   Thumb Code   136  inv_mpu_dmp_motion_driver.o(.text)
    dmp_get_fifo_rate                        0x0800386d   Thumb Code    12  inv_mpu_dmp_motion_driver.o(.text)
    dmp_set_tap_thresh                       0x08003879   Thumb Code   396  inv_mpu_dmp_motion_driver.o(.text)
    dmp_set_tap_axes                         0x08003a05   Thumb Code    70  inv_mpu_dmp_motion_driver.o(.text)
    dmp_set_tap_count                        0x08003a4b   Thumb Code    38  inv_mpu_dmp_motion_driver.o(.text)
    dmp_set_tap_time                         0x08003a71   Thumb Code    38  inv_mpu_dmp_motion_driver.o(.text)
    dmp_set_tap_time_multi                   0x08003a97   Thumb Code    38  inv_mpu_dmp_motion_driver.o(.text)
    dmp_set_shake_reject_thresh              0x08003abd   Thumb Code    56  inv_mpu_dmp_motion_driver.o(.text)
    dmp_set_shake_reject_time                0x08003af5   Thumb Code    38  inv_mpu_dmp_motion_driver.o(.text)
    dmp_set_shake_reject_timeout             0x08003b1b   Thumb Code    38  inv_mpu_dmp_motion_driver.o(.text)
    dmp_get_pedometer_step_count             0x08003b41   Thumb Code    66  inv_mpu_dmp_motion_driver.o(.text)
    dmp_set_pedometer_step_count             0x08003b83   Thumb Code    42  inv_mpu_dmp_motion_driver.o(.text)
    dmp_get_pedometer_walk_time              0x08003bad   Thumb Code    72  inv_mpu_dmp_motion_driver.o(.text)
    dmp_set_pedometer_walk_time              0x08003bf5   Thumb Code    48  inv_mpu_dmp_motion_driver.o(.text)
    dmp_enable_6x_lp_quat                    0x08003c25   Thumb Code    84  inv_mpu_dmp_motion_driver.o(.text)
    dmp_enable_lp_quat                       0x08003c79   Thumb Code    60  inv_mpu_dmp_motion_driver.o(.text)
    dmp_enable_gyro_cal                      0x08003cb5   Thumb Code    62  inv_mpu_dmp_motion_driver.o(.text)
    dmp_enable_feature                       0x08003cf3   Thumb Code   530  inv_mpu_dmp_motion_driver.o(.text)
    dmp_get_enabled_features                 0x08003f05   Thumb Code    12  inv_mpu_dmp_motion_driver.o(.text)
    dmp_set_interrupt_mode                   0x08003f6f   Thumb Code    66  inv_mpu_dmp_motion_driver.o(.text)
    dmp_read_fifo                            0x08003fb1   Thumb Code   514  inv_mpu_dmp_motion_driver.o(.text)
    dmp_register_tap_cb                      0x080041b3   Thumb Code    10  inv_mpu_dmp_motion_driver.o(.text)
    dmp_register_android_orient_cb           0x080041bd   Thumb Code    10  inv_mpu_dmp_motion_driver.o(.text)
    IIC_Init                                 0x080041cd   Thumb Code    38  ioi2c.o(.text)
    IIC_Start                                0x080041f3   Thumb Code    92  ioi2c.o(.text)
    IIC_Stop                                 0x0800424f   Thumb Code    64  ioi2c.o(.text)
    IIC_Wait_Ack                             0x0800428f   Thumb Code    92  ioi2c.o(.text)
    IIC_Ack                                  0x080042eb   Thumb Code    68  ioi2c.o(.text)
    IIC_NAck                                 0x0800432f   Thumb Code    66  ioi2c.o(.text)
    IIC_Send_Byte                            0x08004371   Thumb Code    90  ioi2c.o(.text)
    i2cWrite                                 0x080043cb   Thumb Code    96  ioi2c.o(.text)
    IIC_Read_Byte                            0x0800442b   Thumb Code   100  ioi2c.o(.text)
    i2cRead                                  0x0800448f   Thumb Code   118  ioi2c.o(.text)
    I2C_ReadOneByte                          0x08004505   Thumb Code    70  ioi2c.o(.text)
    IICreadBytes                             0x0800454b   Thumb Code   100  ioi2c.o(.text)
    IICwriteBytes                            0x080045af   Thumb Code    82  ioi2c.o(.text)
    IICreadByte                              0x08004601   Thumb Code    22  ioi2c.o(.text)
    IICwriteByte                             0x08004617   Thumb Code    20  ioi2c.o(.text)
    IICwriteBits                             0x0800462b   Thumb Code   106  ioi2c.o(.text)
    IICwriteBit                              0x08004695   Thumb Code    64  ioi2c.o(.text)
    delay_init                               0x080046d5   Thumb Code    50  delay.o(.text)
    delay_us                                 0x08004707   Thumb Code    72  delay.o(.text)
    delay_ms                                 0x0800474f   Thumb Code    72  delay.o(.text)
    _sys_exit                                0x080047a9   Thumb Code     6  usart.o(.text)
    fputc                                    0x080047af   Thumb Code    24  usart.o(.text)
    uart_init                                0x080047c7   Thumb Code   152  usart.o(.text)
    USART1_IRQHandler                        0x0800485f   Thumb Code   122  usart.o(.text)
    Reset_Handler                            0x080048e9   Thumb Code     8  startup_stm32f10x_hd.o(.text)
    ADC1_2_IRQHandler                        0x08004903   Thumb Code     0  startup_stm32f10x_hd.o(.text)
    ADC3_IRQHandler                          0x08004903   Thumb Code     0  startup_stm32f10x_hd.o(.text)
    CAN1_RX1_IRQHandler                      0x08004903   Thumb Code     0  startup_stm32f10x_hd.o(.text)
    CAN1_SCE_IRQHandler                      0x08004903   Thumb Code     0  startup_stm32f10x_hd.o(.text)
    DMA1_Channel1_IRQHandler                 0x08004903   Thumb Code     0  startup_stm32f10x_hd.o(.text)
    DMA1_Channel2_IRQHandler                 0x08004903   Thumb Code     0  startup_stm32f10x_hd.o(.text)
    DMA1_Channel3_IRQHandler                 0x08004903   Thumb Code     0  startup_stm32f10x_hd.o(.text)
    DMA1_Channel4_IRQHandler                 0x08004903   Thumb Code     0  startup_stm32f10x_hd.o(.text)
    DMA1_Channel5_IRQHandler                 0x08004903   Thumb Code     0  startup_stm32f10x_hd.o(.text)
    DMA1_Channel6_IRQHandler                 0x08004903   Thumb Code     0  startup_stm32f10x_hd.o(.text)
    DMA1_Channel7_IRQHandler                 0x08004903   Thumb Code     0  startup_stm32f10x_hd.o(.text)
    DMA2_Channel1_IRQHandler                 0x08004903   Thumb Code     0  startup_stm32f10x_hd.o(.text)
    DMA2_Channel2_IRQHandler                 0x08004903   Thumb Code     0  startup_stm32f10x_hd.o(.text)
    DMA2_Channel3_IRQHandler                 0x08004903   Thumb Code     0  startup_stm32f10x_hd.o(.text)
    DMA2_Channel4_5_IRQHandler               0x08004903   Thumb Code     0  startup_stm32f10x_hd.o(.text)
    EXTI0_IRQHandler                         0x08004903   Thumb Code     0  startup_stm32f10x_hd.o(.text)
    EXTI15_10_IRQHandler                     0x08004903   Thumb Code     0  startup_stm32f10x_hd.o(.text)
    EXTI1_IRQHandler                         0x08004903   Thumb Code     0  startup_stm32f10x_hd.o(.text)
    EXTI2_IRQHandler                         0x08004903   Thumb Code     0  startup_stm32f10x_hd.o(.text)
    EXTI3_IRQHandler                         0x08004903   Thumb Code     0  startup_stm32f10x_hd.o(.text)
    EXTI4_IRQHandler                         0x08004903   Thumb Code     0  startup_stm32f10x_hd.o(.text)
    EXTI9_5_IRQHandler                       0x08004903   Thumb Code     0  startup_stm32f10x_hd.o(.text)
    FLASH_IRQHandler                         0x08004903   Thumb Code     0  startup_stm32f10x_hd.o(.text)
    FSMC_IRQHandler                          0x08004903   Thumb Code     0  startup_stm32f10x_hd.o(.text)
    I2C1_ER_IRQHandler                       0x08004903   Thumb Code     0  startup_stm32f10x_hd.o(.text)
    I2C1_EV_IRQHandler                       0x08004903   Thumb Code     0  startup_stm32f10x_hd.o(.text)
    I2C2_ER_IRQHandler                       0x08004903   Thumb Code     0  startup_stm32f10x_hd.o(.text)
    I2C2_EV_IRQHandler                       0x08004903   Thumb Code     0  startup_stm32f10x_hd.o(.text)
    PVD_IRQHandler                           0x08004903   Thumb Code     0  startup_stm32f10x_hd.o(.text)
    RCC_IRQHandler                           0x08004903   Thumb Code     0  startup_stm32f10x_hd.o(.text)
    RTCAlarm_IRQHandler                      0x08004903   Thumb Code     0  startup_stm32f10x_hd.o(.text)
    RTC_IRQHandler                           0x08004903   Thumb Code     0  startup_stm32f10x_hd.o(.text)
    SDIO_IRQHandler                          0x08004903   Thumb Code     0  startup_stm32f10x_hd.o(.text)
    SPI1_IRQHandler                          0x08004903   Thumb Code     0  startup_stm32f10x_hd.o(.text)
    SPI2_IRQHandler                          0x08004903   Thumb Code     0  startup_stm32f10x_hd.o(.text)
    SPI3_IRQHandler                          0x08004903   Thumb Code     0  startup_stm32f10x_hd.o(.text)
    TAMPER_IRQHandler                        0x08004903   Thumb Code     0  startup_stm32f10x_hd.o(.text)
    TIM1_BRK_IRQHandler                      0x08004903   Thumb Code     0  startup_stm32f10x_hd.o(.text)
    TIM1_CC_IRQHandler                       0x08004903   Thumb Code     0  startup_stm32f10x_hd.o(.text)
    TIM1_TRG_COM_IRQHandler                  0x08004903   Thumb Code     0  startup_stm32f10x_hd.o(.text)
    TIM1_UP_IRQHandler                       0x08004903   Thumb Code     0  startup_stm32f10x_hd.o(.text)
    TIM4_IRQHandler                          0x08004903   Thumb Code     0  startup_stm32f10x_hd.o(.text)
    TIM5_IRQHandler                          0x08004903   Thumb Code     0  startup_stm32f10x_hd.o(.text)
    TIM6_IRQHandler                          0x08004903   Thumb Code     0  startup_stm32f10x_hd.o(.text)
    TIM7_IRQHandler                          0x08004903   Thumb Code     0  startup_stm32f10x_hd.o(.text)
    TIM8_BRK_IRQHandler                      0x08004903   Thumb Code     0  startup_stm32f10x_hd.o(.text)
    TIM8_CC_IRQHandler                       0x08004903   Thumb Code     0  startup_stm32f10x_hd.o(.text)
    TIM8_TRG_COM_IRQHandler                  0x08004903   Thumb Code     0  startup_stm32f10x_hd.o(.text)
    TIM8_UP_IRQHandler                       0x08004903   Thumb Code     0  startup_stm32f10x_hd.o(.text)
    UART4_IRQHandler                         0x08004903   Thumb Code     0  startup_stm32f10x_hd.o(.text)
    UART5_IRQHandler                         0x08004903   Thumb Code     0  startup_stm32f10x_hd.o(.text)
    USART3_IRQHandler                        0x08004903   Thumb Code     0  startup_stm32f10x_hd.o(.text)
    USBWakeUp_IRQHandler                     0x08004903   Thumb Code     0  startup_stm32f10x_hd.o(.text)
    USB_HP_CAN1_TX_IRQHandler                0x08004903   Thumb Code     0  startup_stm32f10x_hd.o(.text)
    USB_LP_CAN1_RX0_IRQHandler               0x08004903   Thumb Code     0  startup_stm32f10x_hd.o(.text)
    WWDG_IRQHandler                          0x08004903   Thumb Code     0  startup_stm32f10x_hd.o(.text)
    __user_initial_stackheap                 0x08004905   Thumb Code     0  startup_stm32f10x_hd.o(.text)
    NVIC_PriorityGroupConfig                 0x08004929   Thumb Code    10  misc.o(.text)
    NVIC_Init                                0x08004933   Thumb Code   100  misc.o(.text)
    NVIC_SetVectorTable                      0x08004997   Thumb Code    14  misc.o(.text)
    NVIC_SystemLPConfig                      0x080049a5   Thumb Code    34  misc.o(.text)
    SysTick_CLKSourceConfig                  0x080049c7   Thumb Code    40  misc.o(.text)
    GPIO_DeInit                              0x08004a05   Thumb Code   172  stm32f10x_gpio.o(.text)
    GPIO_AFIODeInit                          0x08004ab1   Thumb Code    20  stm32f10x_gpio.o(.text)
    GPIO_Init                                0x08004ac5   Thumb Code   278  stm32f10x_gpio.o(.text)
    GPIO_StructInit                          0x08004bdb   Thumb Code    16  stm32f10x_gpio.o(.text)
    GPIO_ReadInputDataBit                    0x08004beb   Thumb Code    18  stm32f10x_gpio.o(.text)
    GPIO_ReadInputData                       0x08004bfd   Thumb Code     8  stm32f10x_gpio.o(.text)
    GPIO_ReadOutputDataBit                   0x08004c05   Thumb Code    18  stm32f10x_gpio.o(.text)
    GPIO_ReadOutputData                      0x08004c17   Thumb Code     8  stm32f10x_gpio.o(.text)
    GPIO_SetBits                             0x08004c1f   Thumb Code     4  stm32f10x_gpio.o(.text)
    GPIO_ResetBits                           0x08004c23   Thumb Code     4  stm32f10x_gpio.o(.text)
    GPIO_WriteBit                            0x08004c27   Thumb Code    10  stm32f10x_gpio.o(.text)
    GPIO_Write                               0x08004c31   Thumb Code     4  stm32f10x_gpio.o(.text)
    GPIO_PinLockConfig                       0x08004c35   Thumb Code    18  stm32f10x_gpio.o(.text)
    GPIO_EventOutputConfig                   0x08004c47   Thumb Code    26  stm32f10x_gpio.o(.text)
    GPIO_EventOutputCmd                      0x08004c61   Thumb Code     6  stm32f10x_gpio.o(.text)
    GPIO_PinRemapConfig                      0x08004c67   Thumb Code   138  stm32f10x_gpio.o(.text)
    GPIO_EXTILineConfig                      0x08004cf1   Thumb Code    66  stm32f10x_gpio.o(.text)
    GPIO_ETH_MediaInterfaceConfig            0x08004d33   Thumb Code     8  stm32f10x_gpio.o(.text)
    RCC_DeInit                               0x08004d61   Thumb Code    64  stm32f10x_rcc.o(.text)
    RCC_HSEConfig                            0x08004da1   Thumb Code    70  stm32f10x_rcc.o(.text)
    RCC_GetFlagStatus                        0x08004de7   Thumb Code    56  stm32f10x_rcc.o(.text)
    RCC_WaitForHSEStartUp                    0x08004e1f   Thumb Code    56  stm32f10x_rcc.o(.text)
    RCC_AdjustHSICalibrationValue            0x08004e57   Thumb Code    20  stm32f10x_rcc.o(.text)
    RCC_HSICmd                               0x08004e6b   Thumb Code     6  stm32f10x_rcc.o(.text)
    RCC_PLLConfig                            0x08004e71   Thumb Code    24  stm32f10x_rcc.o(.text)
    RCC_PLLCmd                               0x08004e89   Thumb Code     6  stm32f10x_rcc.o(.text)
    RCC_SYSCLKConfig                         0x08004e8f   Thumb Code    18  stm32f10x_rcc.o(.text)
    RCC_GetSYSCLKSource                      0x08004ea1   Thumb Code    10  stm32f10x_rcc.o(.text)
    RCC_HCLKConfig                           0x08004eab   Thumb Code    18  stm32f10x_rcc.o(.text)
    RCC_PCLK1Config                          0x08004ebd   Thumb Code    18  stm32f10x_rcc.o(.text)
    RCC_PCLK2Config                          0x08004ecf   Thumb Code    20  stm32f10x_rcc.o(.text)
    RCC_ITConfig                             0x08004ee3   Thumb Code    26  stm32f10x_rcc.o(.text)
    RCC_USBCLKConfig                         0x08004efd   Thumb Code     8  stm32f10x_rcc.o(.text)
    RCC_ADCCLKConfig                         0x08004f05   Thumb Code    18  stm32f10x_rcc.o(.text)
    RCC_LSEConfig                            0x08004f17   Thumb Code    50  stm32f10x_rcc.o(.text)
    RCC_LSICmd                               0x08004f49   Thumb Code     6  stm32f10x_rcc.o(.text)
    RCC_RTCCLKConfig                         0x08004f4f   Thumb Code    12  stm32f10x_rcc.o(.text)
    RCC_RTCCLKCmd                            0x08004f5b   Thumb Code     8  stm32f10x_rcc.o(.text)
    RCC_GetClocksFreq                        0x08004f63   Thumb Code   192  stm32f10x_rcc.o(.text)
    RCC_AHBPeriphClockCmd                    0x08005023   Thumb Code    26  stm32f10x_rcc.o(.text)
    RCC_APB2PeriphClockCmd                   0x0800503d   Thumb Code    26  stm32f10x_rcc.o(.text)
    RCC_APB1PeriphClockCmd                   0x08005057   Thumb Code    26  stm32f10x_rcc.o(.text)
    RCC_APB2PeriphResetCmd                   0x08005071   Thumb Code    26  stm32f10x_rcc.o(.text)
    RCC_APB1PeriphResetCmd                   0x0800508b   Thumb Code    26  stm32f10x_rcc.o(.text)
    RCC_BackupResetCmd                       0x080050a5   Thumb Code     8  stm32f10x_rcc.o(.text)
    RCC_ClockSecuritySystemCmd               0x080050ad   Thumb Code     6  stm32f10x_rcc.o(.text)
    RCC_MCOConfig                            0x080050b3   Thumb Code     6  stm32f10x_rcc.o(.text)
    RCC_ClearFlag                            0x080050b9   Thumb Code    14  stm32f10x_rcc.o(.text)
    RCC_GetITStatus                          0x080050c7   Thumb Code    20  stm32f10x_rcc.o(.text)
    RCC_ClearITPendingBit                    0x080050db   Thumb Code     6  stm32f10x_rcc.o(.text)
    USART_DeInit                             0x08005105   Thumb Code   134  stm32f10x_usart.o(.text)
    USART_Init                               0x0800518b   Thumb Code   210  stm32f10x_usart.o(.text)
    USART_StructInit                         0x0800525d   Thumb Code    24  stm32f10x_usart.o(.text)
    USART_ClockInit                          0x08005275   Thumb Code    34  stm32f10x_usart.o(.text)
    USART_ClockStructInit                    0x08005297   Thumb Code    12  stm32f10x_usart.o(.text)
    USART_Cmd                                0x080052a3   Thumb Code    24  stm32f10x_usart.o(.text)
    USART_ITConfig                           0x080052bb   Thumb Code    74  stm32f10x_usart.o(.text)
    USART_DMACmd                             0x08005305   Thumb Code    18  stm32f10x_usart.o(.text)
    USART_SetAddress                         0x08005317   Thumb Code    18  stm32f10x_usart.o(.text)
    USART_WakeUpConfig                       0x08005329   Thumb Code    18  stm32f10x_usart.o(.text)
    USART_ReceiverWakeUpCmd                  0x0800533b   Thumb Code    24  stm32f10x_usart.o(.text)
    USART_LINBreakDetectLengthConfig         0x08005353   Thumb Code    18  stm32f10x_usart.o(.text)
    USART_LINCmd                             0x08005365   Thumb Code    24  stm32f10x_usart.o(.text)
    USART_SendData                           0x0800537d   Thumb Code     8  stm32f10x_usart.o(.text)
    USART_ReceiveData                        0x08005385   Thumb Code    10  stm32f10x_usart.o(.text)
    USART_SendBreak                          0x0800538f   Thumb Code    10  stm32f10x_usart.o(.text)
    USART_SetGuardTime                       0x08005399   Thumb Code    16  stm32f10x_usart.o(.text)
    USART_SetPrescaler                       0x080053a9   Thumb Code    16  stm32f10x_usart.o(.text)
    USART_SmartCardCmd                       0x080053b9   Thumb Code    24  stm32f10x_usart.o(.text)
    USART_SmartCardNACKCmd                   0x080053d1   Thumb Code    24  stm32f10x_usart.o(.text)
    USART_HalfDuplexCmd                      0x080053e9   Thumb Code    24  stm32f10x_usart.o(.text)
    USART_OverSampling8Cmd                   0x08005401   Thumb Code    22  stm32f10x_usart.o(.text)
    USART_OneBitMethodCmd                    0x08005417   Thumb Code    24  stm32f10x_usart.o(.text)
    USART_IrDAConfig                         0x0800542f   Thumb Code    18  stm32f10x_usart.o(.text)
    USART_IrDACmd                            0x08005441   Thumb Code    24  stm32f10x_usart.o(.text)
    USART_GetFlagStatus                      0x08005459   Thumb Code    26  stm32f10x_usart.o(.text)
    USART_ClearFlag                          0x08005473   Thumb Code    18  stm32f10x_usart.o(.text)
    USART_GetITStatus                        0x08005485   Thumb Code    84  stm32f10x_usart.o(.text)
    USART_ClearITPendingBit                  0x080054d9   Thumb Code    52  stm32f10x_usart.o(.text)
    TIM_DeInit                               0x0800550d   Thumb Code   424  stm32f10x_tim.o(.text)
    TIM_TimeBaseInit                         0x080056b5   Thumb Code   122  stm32f10x_tim.o(.text)
    TIM_OC1Init                              0x0800572f   Thumb Code   132  stm32f10x_tim.o(.text)
    TIM_OC2Init                              0x080057b3   Thumb Code   154  stm32f10x_tim.o(.text)
    TIM_OC3Init                              0x0800584d   Thumb Code   150  stm32f10x_tim.o(.text)
    TIM_OC4Init                              0x080058e3   Thumb Code   182  stm32f10x_tim.o(.text)
    TIM_SetIC4Prescaler                      0x08005999   Thumb Code    26  stm32f10x_tim.o(.text)
    TIM_SetIC3Prescaler                      0x08005a35   Thumb Code    18  stm32f10x_tim.o(.text)
    TIM_SetIC2Prescaler                      0x08005ac1   Thumb Code    26  stm32f10x_tim.o(.text)
    TIM_SetIC1Prescaler                      0x08005b5d   Thumb Code    18  stm32f10x_tim.o(.text)
    TIM_ICInit                               0x08005bdb   Thumb Code   150  stm32f10x_tim.o(.text)
    TIM_PWMIConfig                           0x08005c71   Thumb Code   124  stm32f10x_tim.o(.text)
    TIM_BDTRConfig                           0x08005ced   Thumb Code    32  stm32f10x_tim.o(.text)
    TIM_TimeBaseStructInit                   0x08005d0d   Thumb Code    18  stm32f10x_tim.o(.text)
    TIM_OCStructInit                         0x08005d1f   Thumb Code    20  stm32f10x_tim.o(.text)
    TIM_ICStructInit                         0x08005d33   Thumb Code    18  stm32f10x_tim.o(.text)
    TIM_BDTRStructInit                       0x08005d45   Thumb Code    40  stm32f10x_tim.o(.text)
    TIM_Cmd                                  0x08005d6d   Thumb Code    24  stm32f10x_tim.o(.text)
    TIM_CtrlPWMOutputs                       0x08005d85   Thumb Code    30  stm32f10x_tim.o(.text)
    TIM_ITConfig                             0x08005da3   Thumb Code    18  stm32f10x_tim.o(.text)
    TIM_GenerateEvent                        0x08005db5   Thumb Code     4  stm32f10x_tim.o(.text)
    TIM_DMAConfig                            0x08005db9   Thumb Code    10  stm32f10x_tim.o(.text)
    TIM_DMACmd                               0x08005dc3   Thumb Code    18  stm32f10x_tim.o(.text)
    TIM_InternalClockConfig                  0x08005dd5   Thumb Code    12  stm32f10x_tim.o(.text)
    TIM_SelectInputTrigger                   0x08005de1   Thumb Code    18  stm32f10x_tim.o(.text)
    TIM_ITRxExternalClockConfig              0x08005df3   Thumb Code    24  stm32f10x_tim.o(.text)
    TIM_TIxExternalClockConfig               0x08005e0b   Thumb Code    62  stm32f10x_tim.o(.text)
    TIM_ETRConfig                            0x08005e49   Thumb Code    28  stm32f10x_tim.o(.text)
    TIM_ETRClockMode1Config                  0x08005e65   Thumb Code    54  stm32f10x_tim.o(.text)
    TIM_ETRClockMode2Config                  0x08005e9b   Thumb Code    32  stm32f10x_tim.o(.text)
    TIM_PrescalerConfig                      0x08005ebb   Thumb Code     6  stm32f10x_tim.o(.text)
    TIM_CounterModeConfig                    0x08005ec1   Thumb Code    18  stm32f10x_tim.o(.text)
    TIM_EncoderInterfaceConfig               0x08005ed3   Thumb Code    66  stm32f10x_tim.o(.text)
    TIM_ForcedOC1Config                      0x08005f15   Thumb Code    18  stm32f10x_tim.o(.text)
    TIM_ForcedOC2Config                      0x08005f27   Thumb Code    26  stm32f10x_tim.o(.text)
    TIM_ForcedOC3Config                      0x08005f41   Thumb Code    18  stm32f10x_tim.o(.text)
    TIM_ForcedOC4Config                      0x08005f53   Thumb Code    26  stm32f10x_tim.o(.text)
    TIM_ARRPreloadConfig                     0x08005f6d   Thumb Code    24  stm32f10x_tim.o(.text)
    TIM_SelectCOM                            0x08005f85   Thumb Code    24  stm32f10x_tim.o(.text)
    TIM_SelectCCDMA                          0x08005f9d   Thumb Code    24  stm32f10x_tim.o(.text)
    TIM_CCPreloadControl                     0x08005fb5   Thumb Code    24  stm32f10x_tim.o(.text)
    TIM_OC1PreloadConfig                     0x08005fcd   Thumb Code    18  stm32f10x_tim.o(.text)
    TIM_OC2PreloadConfig                     0x08005fdf   Thumb Code    26  stm32f10x_tim.o(.text)
    TIM_OC3PreloadConfig                     0x08005ff9   Thumb Code    18  stm32f10x_tim.o(.text)
    TIM_OC4PreloadConfig                     0x0800600b   Thumb Code    26  stm32f10x_tim.o(.text)
    TIM_OC1FastConfig                        0x08006025   Thumb Code    18  stm32f10x_tim.o(.text)
    TIM_OC2FastConfig                        0x08006037   Thumb Code    26  stm32f10x_tim.o(.text)
    TIM_OC3FastConfig                        0x08006051   Thumb Code    18  stm32f10x_tim.o(.text)
    TIM_OC4FastConfig                        0x08006063   Thumb Code    26  stm32f10x_tim.o(.text)
    TIM_ClearOC1Ref                          0x0800607d   Thumb Code    18  stm32f10x_tim.o(.text)
    TIM_ClearOC2Ref                          0x0800608f   Thumb Code    24  stm32f10x_tim.o(.text)
    TIM_ClearOC3Ref                          0x080060a7   Thumb Code    18  stm32f10x_tim.o(.text)
    TIM_ClearOC4Ref                          0x080060b9   Thumb Code    24  stm32f10x_tim.o(.text)
    TIM_OC1PolarityConfig                    0x080060d1   Thumb Code    18  stm32f10x_tim.o(.text)
    TIM_OC1NPolarityConfig                   0x080060e3   Thumb Code    18  stm32f10x_tim.o(.text)
    TIM_OC2PolarityConfig                    0x080060f5   Thumb Code    26  stm32f10x_tim.o(.text)
    TIM_OC2NPolarityConfig                   0x0800610f   Thumb Code    26  stm32f10x_tim.o(.text)
    TIM_OC3PolarityConfig                    0x08006129   Thumb Code    26  stm32f10x_tim.o(.text)
    TIM_OC3NPolarityConfig                   0x08006143   Thumb Code    26  stm32f10x_tim.o(.text)
    TIM_OC4PolarityConfig                    0x0800615d   Thumb Code    26  stm32f10x_tim.o(.text)
    TIM_CCxCmd                               0x08006177   Thumb Code    30  stm32f10x_tim.o(.text)
    TIM_CCxNCmd                              0x08006195   Thumb Code    30  stm32f10x_tim.o(.text)
    TIM_SelectOCxM                           0x080061b3   Thumb Code    82  stm32f10x_tim.o(.text)
    TIM_UpdateDisableConfig                  0x08006205   Thumb Code    24  stm32f10x_tim.o(.text)
    TIM_UpdateRequestConfig                  0x0800621d   Thumb Code    24  stm32f10x_tim.o(.text)
    TIM_SelectHallSensor                     0x08006235   Thumb Code    24  stm32f10x_tim.o(.text)
    TIM_SelectOnePulseMode                   0x0800624d   Thumb Code    18  stm32f10x_tim.o(.text)
    TIM_SelectOutputTrigger                  0x0800625f   Thumb Code    18  stm32f10x_tim.o(.text)
    TIM_SelectSlaveMode                      0x08006271   Thumb Code    18  stm32f10x_tim.o(.text)
    TIM_SelectMasterSlaveMode                0x08006283   Thumb Code    18  stm32f10x_tim.o(.text)
    TIM_SetCounter                           0x08006295   Thumb Code     4  stm32f10x_tim.o(.text)
    TIM_SetAutoreload                        0x08006299   Thumb Code     4  stm32f10x_tim.o(.text)
    TIM_SetCompare1                          0x0800629d   Thumb Code     4  stm32f10x_tim.o(.text)
    TIM_SetCompare2                          0x080062a1   Thumb Code     4  stm32f10x_tim.o(.text)
    TIM_SetCompare3                          0x080062a5   Thumb Code     4  stm32f10x_tim.o(.text)
    TIM_SetCompare4                          0x080062a9   Thumb Code     6  stm32f10x_tim.o(.text)
    TIM_SetClockDivision                     0x080062af   Thumb Code    18  stm32f10x_tim.o(.text)
    TIM_GetCapture1                          0x080062c1   Thumb Code     6  stm32f10x_tim.o(.text)
    TIM_GetCapture2                          0x080062c7   Thumb Code     6  stm32f10x_tim.o(.text)
    TIM_GetCapture3                          0x080062cd   Thumb Code     6  stm32f10x_tim.o(.text)
    TIM_GetCapture4                          0x080062d3   Thumb Code     8  stm32f10x_tim.o(.text)
    TIM_GetCounter                           0x080062db   Thumb Code     6  stm32f10x_tim.o(.text)
    TIM_GetPrescaler                         0x080062e1   Thumb Code     6  stm32f10x_tim.o(.text)
    TIM_GetFlagStatus                        0x080062e7   Thumb Code    18  stm32f10x_tim.o(.text)
    TIM_ClearFlag                            0x080062f9   Thumb Code     6  stm32f10x_tim.o(.text)
    TIM_GetITStatus                          0x080062ff   Thumb Code    34  stm32f10x_tim.o(.text)
    TIM_ClearITPendingBit                    0x08006321   Thumb Code     6  stm32f10x_tim.o(.text)
    __use_no_semihosting                     0x08006327   Thumb Code     2  use_no_semi_2.o(.text)
    __aeabi_ldivmod                          0x08006329   Thumb Code     0  llsdiv.o(.text)
    _ll_sdiv                                 0x08006329   Thumb Code    72  llsdiv.o(.text)
    __c89vsprintf                            0x08006371   Thumb Code    32  c89vsprintf.o(.text)
    __2printf                                0x08006395   Thumb Code    20  __2printf.o(.text)
    _printf_str                              0x080063ad   Thumb Code    82  _printf_str.o(.text)
    _printf_int_dec                          0x08006401   Thumb Code   104  _printf_dec.o(.text)
    __printf                                 0x08006479   Thumb Code   388  __printf_flags_ss_wp.o(.text)
    strstr                                   0x08006601   Thumb Code    36  strstr.o(.text)
    memcmp                                   0x08006625   Thumb Code    88  memcmp.o(.text)
    strlen                                   0x0800667d   Thumb Code    62  strlen.o(.text)
    __aeabi_memset                           0x080066bb   Thumb Code    16  aeabi_memset.o(.text)
    __use_two_region_memory                  0x080066cb   Thumb Code     2  heapauxi.o(.text)
    __rt_heap_escrow$2region                 0x080066cd   Thumb Code     2  heapauxi.o(.text)
    __rt_heap_expand$2region                 0x080066cf   Thumb Code     2  heapauxi.o(.text)
    __I$use$semihosting                      0x080066d1   Thumb Code     0  use_no_semi.o(.text)
    __use_no_semihosting_swi                 0x080066d1   Thumb Code     2  use_no_semi.o(.text)
    __aeabi_uldivmod                         0x080066d3   Thumb Code     0  lludivv7m.o(.text)
    _ll_udiv                                 0x080066d3   Thumb Code   238  lludivv7m.o(.text)
    __read_errno                             0x080067c1   Thumb Code    10  _rserrno.o(.text)
    __set_errno                              0x080067cb   Thumb Code    12  _rserrno.o(.text)
    _printf_pre_padding                      0x080067d7   Thumb Code    44  _printf_pad.o(.text)
    _printf_post_padding                     0x08006803   Thumb Code    34  _printf_pad.o(.text)
    _printf_truncate_signed                  0x08006825   Thumb Code    18  _printf_truncate.o(.text)
    _printf_truncate_unsigned                0x08006837   Thumb Code    18  _printf_truncate.o(.text)
    _printf_int_common                       0x08006849   Thumb Code   178  _printf_intcommon.o(.text)
    _printf_charcount                        0x080068fb   Thumb Code    40  _printf_charcount.o(.text)
    _printf_char_common                      0x0800692f   Thumb Code    32  _printf_char_common.o(.text)
    _sputc                                   0x08006955   Thumb Code    10  _sputc.o(.text)
    _printf_cs_common                        0x0800695f   Thumb Code    20  _printf_char.o(.text)
    _printf_char                             0x08006973   Thumb Code    16  _printf_char.o(.text)
    _printf_string                           0x08006983   Thumb Code     8  _printf_char.o(.text)
    _printf_char_file                        0x0800698d   Thumb Code    32  _printf_char_file.o(.text)
    _printf_wctomb                           0x080069b1   Thumb Code   182  _printf_wctomb.o(.text)
    _printf_longlong_dec                     0x08006a6d   Thumb Code   108  _printf_longlong_dec.o(.text)
    _printf_longlong_oct                     0x08006ae9   Thumb Code    68  _printf_oct_int_ll.o(.text)
    _printf_int_oct                          0x08006b2d   Thumb Code    24  _printf_oct_int_ll.o(.text)
    _printf_ll_oct                           0x08006b45   Thumb Code    12  _printf_oct_int_ll.o(.text)
    _printf_longlong_hex                     0x08006b59   Thumb Code    86  _printf_hex_int_ll_ptr.o(.text)
    _printf_int_hex                          0x08006baf   Thumb Code    28  _printf_hex_int_ll_ptr.o(.text)
    _printf_ll_hex                           0x08006bcb   Thumb Code    12  _printf_hex_int_ll_ptr.o(.text)
    _printf_hex_ptr                          0x08006bd7   Thumb Code    18  _printf_hex_int_ll_ptr.o(.text)
    __aeabi_memclr                           0x08006bed   Thumb Code     0  rt_memclr.o(.text)
    __rt_memclr                              0x08006bed   Thumb Code    68  rt_memclr.o(.text)
    _memset                                  0x08006bf1   Thumb Code     0  rt_memclr.o(.text)
    __aeabi_errno_addr                       0x08006c31   Thumb Code     8  rt_errno_addr_intlibspace.o(.text)
    __errno$intlibspace                      0x08006c31   Thumb Code     0  rt_errno_addr_intlibspace.o(.text)
    __rt_errno_addr$intlibspace              0x08006c31   Thumb Code     0  rt_errno_addr_intlibspace.o(.text)
    _ll_udiv10                               0x08006c39   Thumb Code   138  lludiv10.o(.text)
    __lib_sel_fp_printf                      0x08006cc3   Thumb Code     2  _printf_fp_dec.o(.text)
    _printf_fp_dec_real                      0x08006e71   Thumb Code   620  _printf_fp_dec.o(.text)
    _printf_lcs_common                       0x080070dd   Thumb Code    20  _printf_wchar.o(.text)
    _printf_wchar                            0x080070f1   Thumb Code    16  _printf_wchar.o(.text)
    _printf_wstring                          0x08007101   Thumb Code     8  _printf_wchar.o(.text)
    ferror                                   0x08007109   Thumb Code     8  ferror.o(.text)
    _wcrtomb                                 0x08007111   Thumb Code    64  _wcrtomb.o(.text)
    __aeabi_memclr4                          0x08007151   Thumb Code     0  rt_memclr_w.o(.text)
    __aeabi_memclr8                          0x08007151   Thumb Code     0  rt_memclr_w.o(.text)
    __rt_memclr_w                            0x08007151   Thumb Code    78  rt_memclr_w.o(.text)
    _memset_w                                0x08007155   Thumb Code     0  rt_memclr_w.o(.text)
    __user_libspace                          0x080071a1   Thumb Code     8  libspace.o(.text)
    __user_perproc_libspace                  0x080071a1   Thumb Code     0  libspace.o(.text)
    __user_perthread_libspace                0x080071a1   Thumb Code     0  libspace.o(.text)
    __user_setup_stackheap                   0x080071a9   Thumb Code    74  sys_stackheap_outer.o(.text)
    __rt_ctype_table                         0x080071f5   Thumb Code    16  rt_ctype_table.o(.text)
    __rt_locale                              0x08007205   Thumb Code     8  rt_locale_intlibspace.o(.text)
    _printf_fp_infnan                        0x0800720d   Thumb Code   112  _printf_fp_infnan.o(.text)
    _btod_etento                             0x0800728d   Thumb Code   216  bigflt0.o(.text)
    exit                                     0x08007369   Thumb Code    12  exit.o(.text)
    strcmp                                   0x08007375   Thumb Code   128  strcmpv7m.o(.text)
    _btod_d2e                                0x080073f5   Thumb Code    62  btod.o(CL$$btod_d2e)
    _d2e_denorm_low                          0x08007433   Thumb Code    70  btod.o(CL$$btod_d2e_denorm_low)
    _d2e_norm_op1                            0x08007479   Thumb Code    96  btod.o(CL$$btod_d2e_norm_op1)
    __btod_div_common                        0x080074d9   Thumb Code   696  btod.o(CL$$btod_div_common)
    _e2e                                     0x08007811   Thumb Code   198  btod.o(CL$$btod_e2e)
    _btod_ediv                               0x080078d7   Thumb Code    40  btod.o(CL$$btod_ediv)
    _btod_emul                               0x080078ff   Thumb Code    40  btod.o(CL$$btod_emul)
    __btod_mult_common                       0x08007927   Thumb Code   580  btod.o(CL$$btod_mult_common)
    __ARM_fpclassify                         0x08007b6b   Thumb Code    40  fpclassify.o(i.__ARM_fpclassify)
    __kernel_poly                            0x08007b93   Thumb Code   170  poly.o(i.__kernel_poly)
    __mathlib_dbl_infnan                     0x08007c3d   Thumb Code     6  dunder.o(i.__mathlib_dbl_infnan)
    __mathlib_dbl_infnan2                    0x08007c43   Thumb Code     4  dunder.o(i.__mathlib_dbl_infnan2)
    __mathlib_dbl_invalid                    0x08007c47   Thumb Code    12  dunder.o(i.__mathlib_dbl_invalid)
    __mathlib_dbl_underflow                  0x08007c55   Thumb Code    10  dunder.o(i.__mathlib_dbl_underflow)
    _is_digit                                0x08007c65   Thumb Code    14  __printf_wp.o(i._is_digit)
    asin                                     0x08007c75   Thumb Code   572  asin.o(i.asin)
    atan                                     0x08007ee5   Thumb Code   474  atan.o(i.atan)
    atan2                                    0x08008105   Thumb Code   346  atan2.o(i.atan2)
    sqrt                                     0x08008285   Thumb Code    76  sqrt.o(i.sqrt)
    _get_lc_numeric                          0x080082d1   Thumb Code    44  lc_numeric_c.o(locale$$code)
    _get_lc_ctype                            0x080082fd   Thumb Code    44  lc_ctype_c.o(locale$$code)
    __aeabi_dadd                             0x08008329   Thumb Code     0  daddsub_clz.o(x$fpl$dadd)
    _dadd                                    0x08008329   Thumb Code   332  daddsub_clz.o(x$fpl$dadd)
    __fpl_dcheck_NaN1                        0x08008479   Thumb Code    10  dcheck1.o(x$fpl$dcheck1)
    __aeabi_ddiv                             0x08008489   Thumb Code     0  ddiv.o(x$fpl$ddiv)
    _ddiv                                    0x08008489   Thumb Code   552  ddiv.o(x$fpl$ddiv)
    __aeabi_d2iz                             0x08008739   Thumb Code     0  dfix.o(x$fpl$dfix)
    _dfix                                    0x08008739   Thumb Code    94  dfix.o(x$fpl$dfix)
    __aeabi_dmul                             0x08008799   Thumb Code     0  dmul.o(x$fpl$dmul)
    _dmul                                    0x08008799   Thumb Code   332  dmul.o(x$fpl$dmul)
    __fpl_dnaninf                            0x080088ed   Thumb Code   156  dnaninf.o(x$fpl$dnaninf)
    __fpl_dretinf                            0x08008989   Thumb Code    12  dretinf.o(x$fpl$dretinf)
    __aeabi_drsub                            0x08008995   Thumb Code     0  daddsub_clz.o(x$fpl$drsb)
    _drsb                                    0x08008995   Thumb Code    22  daddsub_clz.o(x$fpl$drsb)
    _dsqrt                                   0x080089ad   Thumb Code   456  dsqrt_noumaal.o(x$fpl$dsqrt)
    __aeabi_dsub                             0x08008b79   Thumb Code     0  daddsub_clz.o(x$fpl$dsub)
    _dsub                                    0x08008b79   Thumb Code   464  daddsub_clz.o(x$fpl$dsub)
    __aeabi_f2d                              0x08008d4d   Thumb Code     0  f2d.o(x$fpl$f2d)
    _f2d                                     0x08008d4d   Thumb Code    86  f2d.o(x$fpl$f2d)
    __aeabi_fadd                             0x08008da5   Thumb Code     0  faddsub_clz.o(x$fpl$fadd)
    _fadd                                    0x08008da5   Thumb Code   196  faddsub_clz.o(x$fpl$fadd)
    __fpl_fcmp_Inf                           0x08008e69   Thumb Code    24  fcmpi.o(x$fpl$fcmpinf)
    __aeabi_fdiv                             0x08008e81   Thumb Code     0  fdiv.o(x$fpl$fdiv)
    _fdiv                                    0x08008e81   Thumb Code   384  fdiv.o(x$fpl$fdiv)
    __aeabi_cfcmpeq                          0x08009005   Thumb Code     0  feqf.o(x$fpl$feqf)
    _fcmpeq                                  0x08009005   Thumb Code   104  feqf.o(x$fpl$feqf)
    __aeabi_f2iz                             0x0800906d   Thumb Code     0  ffix.o(x$fpl$ffix)
    _ffix                                    0x0800906d   Thumb Code    54  ffix.o(x$fpl$ffix)
    __aeabi_f2uiz                            0x080090a5   Thumb Code     0  ffixu.o(x$fpl$ffixu)
    _ffixu                                   0x080090a5   Thumb Code    62  ffixu.o(x$fpl$ffixu)
    __aeabi_i2f                              0x080090e5   Thumb Code     0  fflt_clz.o(x$fpl$fflt)
    _fflt                                    0x080090e5   Thumb Code    48  fflt_clz.o(x$fpl$fflt)
    __aeabi_ui2f                             0x08009115   Thumb Code     0  fflt_clz.o(x$fpl$ffltu)
    _ffltu                                   0x08009115   Thumb Code    38  fflt_clz.o(x$fpl$ffltu)
    __aeabi_cfcmple                          0x0800913d   Thumb Code     0  fleqf.o(x$fpl$fleqf)
    _fcmple                                  0x0800913d   Thumb Code   104  fleqf.o(x$fpl$fleqf)
    __fpl_fcmple_InfNaN                      0x0800918f   Thumb Code     0  fleqf.o(x$fpl$fleqf)
    __aeabi_fmul                             0x080091a5   Thumb Code     0  fmul.o(x$fpl$fmul)
    _fmul                                    0x080091a5   Thumb Code   258  fmul.o(x$fpl$fmul)
    __fpl_fnaninf                            0x080092a7   Thumb Code   140  fnaninf.o(x$fpl$fnaninf)
    __fpl_fretinf                            0x08009333   Thumb Code    10  fretinf.o(x$fpl$fretinf)
    __aeabi_cfrcmple                         0x0800933d   Thumb Code     0  frleqf.o(x$fpl$frleqf)
    _frcmple                                 0x0800933d   Thumb Code    98  frleqf.o(x$fpl$frleqf)
    __aeabi_fsub                             0x080093a1   Thumb Code     0  faddsub_clz.o(x$fpl$fsub)
    _fsub                                    0x080093a1   Thumb Code   234  faddsub_clz.o(x$fpl$fsub)
    _printf_fp_dec                           0x0800948b   Thumb Code     4  printf1.o(x$fpl$printf1)
    __fpl_return_NaN                         0x0800948f   Thumb Code   100  retnan.o(x$fpl$retnan)
    __ARM_scalbn                             0x080094f3   Thumb Code    92  scalbn.o(x$fpl$scalbn)
    __fpl_cmpreturn                          0x0800954f   Thumb Code    48  trapv.o(x$fpl$trapveneer)
    __I$use$fp                               0x0800957e   Number         0  usenofp.o(x$fpl$usenofp)
    hw                                       0x08009580   Data          12  inv_mpu.o(.constdata)
    reg                                      0x0800958c   Data          27  inv_mpu.o(.constdata)
    test                                     0x080095a8   Data          40  inv_mpu.o(.constdata)
    __mathlib_zero                           0x0800a2f0   Data           8  qnan.o(.constdata)
    Region$$Table$$Base                      0x0800a3dc   Number         0  anon$$obj.o(Region$$Table)
    Region$$Table$$Limit                     0x0800a3fc   Number         0  anon$$obj.o(Region$$Table)
    __ctype                                  0x0800a425   Data           0  lc_ctype_c.o(locale$$data)
    SystemCoreClock                          0x20000000   Data           4  system_stm32f10x.o(.data)
    AHBPrescTable                            0x20000004   Data          16  system_stm32f10x.o(.data)
    USART3_RX_STA                            0x20000014   Data           2  usart3.o(.data)
    gyro                                     0x20000018   Data           6  mpu6050.o(.data)
    accel                                    0x2000001e   Data           6  mpu6050.o(.data)
    sensors                                  0x20000024   Data           2  mpu6050.o(.data)
    Roll                                     0x20000028   Data           4  mpu6050.o(.data)
    q0                                       0x2000002c   Data           4  mpu6050.o(.data)
    q1                                       0x20000030   Data           4  mpu6050.o(.data)
    q2                                       0x20000034   Data           4  mpu6050.o(.data)
    q3                                       0x20000038   Data           4  mpu6050.o(.data)
    Gx_offset                                0x20000046   Data           2  mpu6050.o(.data)
    Gy_offset                                0x20000048   Data           2  mpu6050.o(.data)
    Gz_offset                                0x2000004a   Data           2  mpu6050.o(.data)
    __stdout                                 0x2000007c   Data           4  usart.o(.data)
    USART_RX_STA                             0x20000080   Data           2  usart.o(.data)
    USART3_RX_BUF                            0x20000098   Data         600  usart3.o(.bss)
    USART3_TX_BUF                            0x200002f0   Data         600  usart3.o(.bss)
    buffer                                   0x20000548   Data          14  mpu6050.o(.bss)
    MPU6050_FIFO                             0x20000556   Data         132  mpu6050.o(.bss)
    USART_RX_BUF                             0x200005ec   Data         200  usart.o(.bss)
    __libspace_start                         0x200006b4   Data          96  libspace.o(.bss)
    __temporary_stack_top$libspace           0x20000714   Data           0  libspace.o(.bss)



==============================================================================

Memory Map of the image

  Image Entry point : 0x08000131

  Load Region LR_IROM1 (Base: 0x08000000, Size: 0x0000a5c0, Max: 0x00010000, ABSOLUTE)

    Execution Region ER_IROM1 (Base: 0x08000000, Size: 0x0000a528, Max: 0x00010000, ABSOLUTE)

    Base Addr    Size         Type   Attr      Idx    E Section Name        Object

    0x08000000   0x00000130   Data   RO          414    RESET               startup_stm32f10x_hd.o
    0x08000130   0x00000008   Code   RO          532  * !!!main             c_w.l(__main.o)
    0x08000138   0x00000034   Code   RO          972    !!!scatter          c_w.l(__scatter.o)
    0x0800016c   0x0000001a   Code   RO          974    !!handler_copy      c_w.l(__scatter_copy.o)
    0x08000186   0x00000002   PAD
    0x08000188   0x0000001c   Code   RO          976    !!handler_zi        c_w.l(__scatter_zi.o)
    0x080001a4   0x00000000   Code   RO          521    .ARM.Collect$$_printf_percent$$00000000  c_w.l(_printf_percent.o)
    0x080001a4   0x00000006   Code   RO          652    .ARM.Collect$$_printf_percent$$00000001  c_w.l(_printf_n.o)
    0x080001aa   0x00000006   Code   RO          654    .ARM.Collect$$_printf_percent$$00000002  c_w.l(_printf_p.o)
    0x080001b0   0x00000006   Code   RO          658    .ARM.Collect$$_printf_percent$$00000003  c_w.l(_printf_f.o)
    0x080001b6   0x00000006   Code   RO          659    .ARM.Collect$$_printf_percent$$00000004  c_w.l(_printf_e.o)
    0x080001bc   0x00000006   Code   RO          660    .ARM.Collect$$_printf_percent$$00000005  c_w.l(_printf_g.o)
    0x080001c2   0x00000006   Code   RO          661    .ARM.Collect$$_printf_percent$$00000006  c_w.l(_printf_a.o)
    0x080001c8   0x0000000a   Code   RO          666    .ARM.Collect$$_printf_percent$$00000007  c_w.l(_printf_ll.o)
    0x080001d2   0x00000006   Code   RO          656    .ARM.Collect$$_printf_percent$$00000008  c_w.l(_printf_i.o)
    0x080001d8   0x00000006   Code   RO          520    .ARM.Collect$$_printf_percent$$00000009  c_w.l(_printf_d.o)
    0x080001de   0x00000006   Code   RO          657    .ARM.Collect$$_printf_percent$$0000000A  c_w.l(_printf_u.o)
    0x080001e4   0x00000006   Code   RO          655    .ARM.Collect$$_printf_percent$$0000000B  c_w.l(_printf_o.o)
    0x080001ea   0x00000006   Code   RO          653    .ARM.Collect$$_printf_percent$$0000000C  c_w.l(_printf_x.o)
    0x080001f0   0x00000006   Code   RO          663    .ARM.Collect$$_printf_percent$$0000000D  c_w.l(_printf_lli.o)
    0x080001f6   0x00000006   Code   RO          664    .ARM.Collect$$_printf_percent$$0000000E  c_w.l(_printf_lld.o)
    0x080001fc   0x00000006   Code   RO          665    .ARM.Collect$$_printf_percent$$0000000F  c_w.l(_printf_llu.o)
    0x08000202   0x00000006   Code   RO          670    .ARM.Collect$$_printf_percent$$00000010  c_w.l(_printf_llo.o)
    0x08000208   0x00000006   Code   RO          671    .ARM.Collect$$_printf_percent$$00000011  c_w.l(_printf_llx.o)
    0x0800020e   0x0000000a   Code   RO          667    .ARM.Collect$$_printf_percent$$00000012  c_w.l(_printf_l.o)
    0x08000218   0x00000006   Code   RO          651    .ARM.Collect$$_printf_percent$$00000013  c_w.l(_printf_c.o)
    0x0800021e   0x00000006   Code   RO          519    .ARM.Collect$$_printf_percent$$00000014  c_w.l(_printf_s.o)
    0x08000224   0x00000006   Code   RO          668    .ARM.Collect$$_printf_percent$$00000015  c_w.l(_printf_lc.o)
    0x0800022a   0x00000006   Code   RO          669    .ARM.Collect$$_printf_percent$$00000016  c_w.l(_printf_ls.o)
    0x08000230   0x00000004   Code   RO          662    .ARM.Collect$$_printf_percent$$00000017  c_w.l(_printf_percent_end.o)
    0x08000234   0x00000002   Code   RO          833    .ARM.Collect$$libinit$$00000000  c_w.l(libinit.o)
    0x08000236   0x00000000   Code   RO          852    .ARM.Collect$$libinit$$00000002  c_w.l(libinit2.o)
    0x08000236   0x00000000   Code   RO          854    .ARM.Collect$$libinit$$00000004  c_w.l(libinit2.o)
    0x08000236   0x00000000   Code   RO          857    .ARM.Collect$$libinit$$0000000A  c_w.l(libinit2.o)
    0x08000236   0x00000000   Code   RO          859    .ARM.Collect$$libinit$$0000000C  c_w.l(libinit2.o)
    0x08000236   0x00000000   Code   RO          861    .ARM.Collect$$libinit$$0000000E  c_w.l(libinit2.o)
    0x08000236   0x00000006   Code   RO          862    .ARM.Collect$$libinit$$0000000F  c_w.l(libinit2.o)
    0x0800023c   0x00000000   Code   RO          864    .ARM.Collect$$libinit$$00000011  c_w.l(libinit2.o)
    0x0800023c   0x0000000c   Code   RO          865    .ARM.Collect$$libinit$$00000012  c_w.l(libinit2.o)
    0x08000248   0x00000000   Code   RO          866    .ARM.Collect$$libinit$$00000013  c_w.l(libinit2.o)
    0x08000248   0x00000000   Code   RO          868    .ARM.Collect$$libinit$$00000015  c_w.l(libinit2.o)
    0x08000248   0x0000000a   Code   RO          869    .ARM.Collect$$libinit$$00000016  c_w.l(libinit2.o)
    0x08000252   0x00000000   Code   RO          870    .ARM.Collect$$libinit$$00000017  c_w.l(libinit2.o)
    0x08000252   0x00000000   Code   RO          872    .ARM.Collect$$libinit$$00000019  c_w.l(libinit2.o)
    0x08000252   0x00000000   Code   RO          874    .ARM.Collect$$libinit$$0000001B  c_w.l(libinit2.o)
    0x08000252   0x00000000   Code   RO          876    .ARM.Collect$$libinit$$0000001D  c_w.l(libinit2.o)
    0x08000252   0x00000000   Code   RO          878    .ARM.Collect$$libinit$$0000001F  c_w.l(libinit2.o)
    0x08000252   0x00000000   Code   RO          880    .ARM.Collect$$libinit$$00000021  c_w.l(libinit2.o)
    0x08000252   0x00000000   Code   RO          882    .ARM.Collect$$libinit$$00000023  c_w.l(libinit2.o)
    0x08000252   0x00000000   Code   RO          884    .ARM.Collect$$libinit$$00000025  c_w.l(libinit2.o)
    0x08000252   0x00000000   Code   RO          888    .ARM.Collect$$libinit$$0000002C  c_w.l(libinit2.o)
    0x08000252   0x00000000   Code   RO          890    .ARM.Collect$$libinit$$0000002E  c_w.l(libinit2.o)
    0x08000252   0x00000000   Code   RO          892    .ARM.Collect$$libinit$$00000030  c_w.l(libinit2.o)
    0x08000252   0x00000000   Code   RO          894    .ARM.Collect$$libinit$$00000032  c_w.l(libinit2.o)
    0x08000252   0x00000002   Code   RO          895    .ARM.Collect$$libinit$$00000033  c_w.l(libinit2.o)
    0x08000254   0x00000002   Code   RO          925    .ARM.Collect$$libshutdown$$00000000  c_w.l(libshutdown.o)
    0x08000256   0x00000000   Code   RO          940    .ARM.Collect$$libshutdown$$00000003  c_w.l(libshutdown2.o)
    0x08000256   0x00000000   Code   RO          943    .ARM.Collect$$libshutdown$$00000006  c_w.l(libshutdown2.o)
    0x08000256   0x00000000   Code   RO          946    .ARM.Collect$$libshutdown$$00000009  c_w.l(libshutdown2.o)
    0x08000256   0x00000000   Code   RO          948    .ARM.Collect$$libshutdown$$0000000B  c_w.l(libshutdown2.o)
    0x08000256   0x00000000   Code   RO          951    .ARM.Collect$$libshutdown$$0000000E  c_w.l(libshutdown2.o)
    0x08000256   0x00000002   Code   RO          952    .ARM.Collect$$libshutdown$$0000000F  c_w.l(libshutdown2.o)
    0x08000258   0x00000000   Code   RO          598    .ARM.Collect$$rtentry$$00000000  c_w.l(__rtentry.o)
    0x08000258   0x00000000   Code   RO          737    .ARM.Collect$$rtentry$$00000002  c_w.l(__rtentry2.o)
    0x08000258   0x00000006   Code   RO          749    .ARM.Collect$$rtentry$$00000004  c_w.l(__rtentry4.o)
    0x0800025e   0x00000000   Code   RO          739    .ARM.Collect$$rtentry$$00000009  c_w.l(__rtentry2.o)
    0x0800025e   0x00000004   Code   RO          740    .ARM.Collect$$rtentry$$0000000A  c_w.l(__rtentry2.o)
    0x08000262   0x00000000   Code   RO          742    .ARM.Collect$$rtentry$$0000000C  c_w.l(__rtentry2.o)
    0x08000262   0x00000008   Code   RO          743    .ARM.Collect$$rtentry$$0000000D  c_w.l(__rtentry2.o)
    0x0800026a   0x00000002   Code   RO          840    .ARM.Collect$$rtexit$$00000000  c_w.l(rtexit.o)
    0x0800026c   0x00000000   Code   RO          899    .ARM.Collect$$rtexit$$00000002  c_w.l(rtexit2.o)
    0x0800026c   0x00000004   Code   RO          900    .ARM.Collect$$rtexit$$00000003  c_w.l(rtexit2.o)
    0x08000270   0x00000006   Code   RO          901    .ARM.Collect$$rtexit$$00000004  c_w.l(rtexit2.o)
    0x08000276   0x00000002   PAD
    0x08000278   0x000002a0   Code   RO            1    .text               main.o
    0x08000518   0x0000001a   Code   RO          139    .text               stm32f10x_it.o
    0x08000532   0x00000002   PAD
    0x08000534   0x000001e0   Code   RO          180    .text               system_stm32f10x.o
    0x08000714   0x0000027c   Code   RO          198    .text               esp8266.o
    0x08000990   0x0000008c   Code   RO          210    .text               timer.o
    0x08000a1c   0x00000198   Code   RO          223    .text               usart3.o
    0x08000bb4   0x00000174   Code   RO          249    .text               timer_mos.o
    0x08000d28   0x00000884   Code   RO          261    .text               mpu6050.o
    0x080015ac   0x00001eb0   Code   RO          295    .text               inv_mpu.o
    0x0800345c   0x00000d70   Code   RO          315    .text               inv_mpu_dmp_motion_driver.o
    0x080041cc   0x00000508   Code   RO          336    .text               ioi2c.o
    0x080046d4   0x000000d4   Code   RO          348    .text               delay.o
    0x080047a8   0x00000140   Code   RO          379    .text               usart.o
    0x080048e8   0x00000040   Code   RO          415    .text               startup_stm32f10x_hd.o
    0x08004928   0x000000dc   Code   RO          419    .text               misc.o
    0x08004a04   0x0000035c   Code   RO          431    .text               stm32f10x_gpio.o
    0x08004d60   0x000003a4   Code   RO          443    .text               stm32f10x_rcc.o
    0x08005104   0x00000408   Code   RO          457    .text               stm32f10x_usart.o
    0x0800550c   0x00000e1a   Code   RO          469    .text               stm32f10x_tim.o
    0x08006326   0x00000002   Code   RO          483    .text               c_w.l(use_no_semi_2.o)
    0x08006328   0x00000048   Code   RO          485    .text               c_w.l(llsdiv.o)
    0x08006370   0x00000024   Code   RO          487    .text               c_w.l(c89vsprintf.o)
    0x08006394   0x00000018   Code   RO          489    .text               c_w.l(__2printf.o)
    0x080063ac   0x00000052   Code   RO          495    .text               c_w.l(_printf_str.o)
    0x080063fe   0x00000002   PAD
    0x08006400   0x00000078   Code   RO          497    .text               c_w.l(_printf_dec.o)
    0x08006478   0x00000188   Code   RO          516    .text               c_w.l(__printf_flags_ss_wp.o)
    0x08006600   0x00000024   Code   RO          522    .text               c_w.l(strstr.o)
    0x08006624   0x00000058   Code   RO          524    .text               c_w.l(memcmp.o)
    0x0800667c   0x0000003e   Code   RO          526    .text               c_w.l(strlen.o)
    0x080066ba   0x00000010   Code   RO          528    .text               c_w.l(aeabi_memset.o)
    0x080066ca   0x00000006   Code   RO          530    .text               c_w.l(heapauxi.o)
    0x080066d0   0x00000002   Code   RO          596    .text               c_w.l(use_no_semi.o)
    0x080066d2   0x000000ee   Code   RO          599    .text               c_w.l(lludivv7m.o)
    0x080067c0   0x00000016   Code   RO          601    .text               c_w.l(_rserrno.o)
    0x080067d6   0x0000004e   Code   RO          603    .text               c_w.l(_printf_pad.o)
    0x08006824   0x00000024   Code   RO          605    .text               c_w.l(_printf_truncate.o)
    0x08006848   0x000000b2   Code   RO          607    .text               c_w.l(_printf_intcommon.o)
    0x080068fa   0x00000028   Code   RO          609    .text               c_w.l(_printf_charcount.o)
    0x08006922   0x00000002   PAD
    0x08006924   0x00000030   Code   RO          611    .text               c_w.l(_printf_char_common.o)
    0x08006954   0x0000000a   Code   RO          613    .text               c_w.l(_sputc.o)
    0x0800695e   0x0000002c   Code   RO          615    .text               c_w.l(_printf_char.o)
    0x0800698a   0x00000002   PAD
    0x0800698c   0x00000024   Code   RO          617    .text               c_w.l(_printf_char_file.o)
    0x080069b0   0x000000bc   Code   RO          619    .text               c_w.l(_printf_wctomb.o)
    0x08006a6c   0x0000007c   Code   RO          622    .text               c_w.l(_printf_longlong_dec.o)
    0x08006ae8   0x00000070   Code   RO          628    .text               c_w.l(_printf_oct_int_ll.o)
    0x08006b58   0x00000094   Code   RO          648    .text               c_w.l(_printf_hex_int_ll_ptr.o)
    0x08006bec   0x00000044   Code   RO          672    .text               c_w.l(rt_memclr.o)
    0x08006c30   0x00000008   Code   RO          758    .text               c_w.l(rt_errno_addr_intlibspace.o)
    0x08006c38   0x0000008a   Code   RO          760    .text               c_w.l(lludiv10.o)
    0x08006cc2   0x0000041a   Code   RO          762    .text               c_w.l(_printf_fp_dec.o)
    0x080070dc   0x0000002c   Code   RO          766    .text               c_w.l(_printf_wchar.o)
    0x08007108   0x00000008   Code   RO          768    .text               c_w.l(ferror.o)
    0x08007110   0x00000040   Code   RO          772    .text               c_w.l(_wcrtomb.o)
    0x08007150   0x0000004e   Code   RO          774    .text               c_w.l(rt_memclr_w.o)
    0x0800719e   0x00000002   PAD
    0x080071a0   0x00000008   Code   RO          782    .text               c_w.l(libspace.o)
    0x080071a8   0x0000004a   Code   RO          785    .text               c_w.l(sys_stackheap_outer.o)
    0x080071f2   0x00000002   PAD
    0x080071f4   0x00000010   Code   RO          787    .text               c_w.l(rt_ctype_table.o)
    0x08007204   0x00000008   Code   RO          794    .text               c_w.l(rt_locale_intlibspace.o)
    0x0800720c   0x00000080   Code   RO          796    .text               c_w.l(_printf_fp_infnan.o)
    0x0800728c   0x000000dc   Code   RO          798    .text               c_w.l(bigflt0.o)
    0x08007368   0x0000000c   Code   RO          826    .text               c_w.l(exit.o)
    0x08007374   0x00000080   Code   RO          849    .text               c_w.l(strcmpv7m.o)
    0x080073f4   0x0000003e   Code   RO          801    CL$$btod_d2e        c_w.l(btod.o)
    0x08007432   0x00000046   Code   RO          803    CL$$btod_d2e_denorm_low  c_w.l(btod.o)
    0x08007478   0x00000060   Code   RO          802    CL$$btod_d2e_norm_op1  c_w.l(btod.o)
    0x080074d8   0x00000338   Code   RO          811    CL$$btod_div_common  c_w.l(btod.o)
    0x08007810   0x000000c6   Code   RO          808    CL$$btod_e2e        c_w.l(btod.o)
    0x080078d6   0x00000028   Code   RO          805    CL$$btod_ediv       c_w.l(btod.o)
    0x080078fe   0x00000028   Code   RO          804    CL$$btod_emul       c_w.l(btod.o)
    0x08007926   0x00000244   Code   RO          810    CL$$btod_mult_common  c_w.l(btod.o)
    0x08007b6a   0x00000028   Code   RO          723    i.__ARM_fpclassify  m_ws.l(fpclassify.o)
    0x08007b92   0x000000aa   Code   RO          725    i.__kernel_poly     m_ws.l(poly.o)
    0x08007c3c   0x00000006   Code   RO          710    i.__mathlib_dbl_infnan  m_ws.l(dunder.o)
    0x08007c42   0x00000004   Code   RO          711    i.__mathlib_dbl_infnan2  m_ws.l(dunder.o)
    0x08007c46   0x0000000c   Code   RO          712    i.__mathlib_dbl_invalid  m_ws.l(dunder.o)
    0x08007c52   0x00000002   PAD
    0x08007c54   0x00000010   Code   RO          715    i.__mathlib_dbl_underflow  m_ws.l(dunder.o)
    0x08007c64   0x0000000e   Code   RO          509    i._is_digit         c_w.l(__printf_wp.o)
    0x08007c72   0x00000002   PAD
    0x08007c74   0x00000270   Code   RO          575    i.asin              m_ws.l(asin.o)
    0x08007ee4   0x00000220   Code   RO          700    i.atan              m_ws.l(atan.o)
    0x08008104   0x00000180   Code   RO          585    i.atan2             m_ws.l(atan2.o)
    0x08008284   0x0000004c   Code   RO          729    i.sqrt              m_ws.l(sqrt.o)
    0x080082d0   0x0000002c   Code   RO          824    locale$$code        c_w.l(lc_numeric_c.o)
    0x080082fc   0x0000002c   Code   RO          843    locale$$code        c_w.l(lc_ctype_c.o)
    0x08008328   0x00000150   Code   RO          674    x$fpl$dadd          fz_ws.l(daddsub_clz.o)
    0x08008478   0x00000010   Code   RO          776    x$fpl$dcheck1       fz_ws.l(dcheck1.o)
    0x08008488   0x000002b0   Code   RO          681    x$fpl$ddiv          fz_ws.l(ddiv.o)
    0x08008738   0x0000005e   Code   RO          534    x$fpl$dfix          fz_ws.l(dfix.o)
    0x08008796   0x00000002   PAD
    0x08008798   0x00000154   Code   RO          538    x$fpl$dmul          fz_ws.l(dmul.o)
    0x080088ec   0x0000009c   Code   RO          684    x$fpl$dnaninf       fz_ws.l(dnaninf.o)
    0x08008988   0x0000000c   Code   RO          686    x$fpl$dretinf       fz_ws.l(dretinf.o)
    0x08008994   0x00000016   Code   RO          675    x$fpl$drsb          fz_ws.l(daddsub_clz.o)
    0x080089aa   0x00000002   PAD
    0x080089ac   0x000001cc   Code   RO          780    x$fpl$dsqrt         fz_ws.l(dsqrt_noumaal.o)
    0x08008b78   0x000001d4   Code   RO          676    x$fpl$dsub          fz_ws.l(daddsub_clz.o)
    0x08008d4c   0x00000056   Code   RO          540    x$fpl$f2d           fz_ws.l(f2d.o)
    0x08008da2   0x00000002   PAD
    0x08008da4   0x000000c4   Code   RO          542    x$fpl$fadd          fz_ws.l(faddsub_clz.o)
    0x08008e68   0x00000018   Code   RO          688    x$fpl$fcmpinf       fz_ws.l(fcmpi.o)
    0x08008e80   0x00000184   Code   RO          549    x$fpl$fdiv          fz_ws.l(fdiv.o)
    0x08009004   0x00000068   Code   RO          552    x$fpl$feqf          fz_ws.l(feqf.o)
    0x0800906c   0x00000036   Code   RO          554    x$fpl$ffix          fz_ws.l(ffix.o)
    0x080090a2   0x00000002   PAD
    0x080090a4   0x0000003e   Code   RO          558    x$fpl$ffixu         fz_ws.l(ffixu.o)
    0x080090e2   0x00000002   PAD
    0x080090e4   0x00000030   Code   RO          563    x$fpl$fflt          fz_ws.l(fflt_clz.o)
    0x08009114   0x00000026   Code   RO          562    x$fpl$ffltu         fz_ws.l(fflt_clz.o)
    0x0800913a   0x00000002   PAD
    0x0800913c   0x00000068   Code   RO          568    x$fpl$fleqf         fz_ws.l(fleqf.o)
    0x080091a4   0x00000102   Code   RO          570    x$fpl$fmul          fz_ws.l(fmul.o)
    0x080092a6   0x0000008c   Code   RO          690    x$fpl$fnaninf       fz_ws.l(fnaninf.o)
    0x08009332   0x0000000a   Code   RO          692    x$fpl$fretinf       fz_ws.l(fretinf.o)
    0x0800933c   0x00000062   Code   RO          572    x$fpl$frleqf        fz_ws.l(frleqf.o)
    0x0800939e   0x00000002   PAD
    0x080093a0   0x000000ea   Code   RO          544    x$fpl$fsub          fz_ws.l(faddsub_clz.o)
    0x0800948a   0x00000004   Code   RO          694    x$fpl$printf1       fz_ws.l(printf1.o)
    0x0800948e   0x00000064   Code   RO          838    x$fpl$retnan        fz_ws.l(retnan.o)
    0x080094f2   0x0000005c   Code   RO          696    x$fpl$scalbn        fz_ws.l(scalbn.o)
    0x0800954e   0x00000030   Code   RO          896    x$fpl$trapveneer    fz_ws.l(trapv.o)
    0x0800957e   0x00000000   Code   RO          698    x$fpl$usenofp       fz_ws.l(usenofp.o)
    0x0800957e   0x00000002   PAD
    0x08009580   0x00000050   Data   RO          296    .constdata          inv_mpu.o
    0x080095d0   0x00000bf6   Data   RO          317    .constdata          inv_mpu_dmp_motion_driver.o
    0x0800a1c6   0x00000011   Data   RO          517    .constdata          c_w.l(__printf_flags_ss_wp.o)
    0x0800a1d7   0x00000001   PAD
    0x0800a1d8   0x00000050   Data   RO          576    .constdata          m_ws.l(asin.o)
    0x0800a228   0x00000008   Data   RO          620    .constdata          c_w.l(_printf_wctomb.o)
    0x0800a230   0x00000028   Data   RO          649    .constdata          c_w.l(_printf_hex_int_ll_ptr.o)
    0x0800a258   0x00000098   Data   RO          701    .constdata          m_ws.l(atan.o)
    0x0800a2f0   0x00000008   Data   RO          727    .constdata          m_ws.l(qnan.o)
    0x0800a2f8   0x00000094   Data   RO          799    .constdata          c_w.l(bigflt0.o)
    0x0800a38c   0x0000004e   Data   RO          297    .conststring        inv_mpu.o
    0x0800a3da   0x00000002   PAD
    0x0800a3dc   0x00000020   Data   RO          970    Region$$Table       anon$$obj.o
    0x0800a3fc   0x0000001c   Data   RO          823    locale$$data        c_w.l(lc_numeric_c.o)
    0x0800a418   0x00000110   Data   RO          842    locale$$data        c_w.l(lc_ctype_c.o)


    Execution Region RW_IRAM1 (Base: 0x20000000, Size: 0x00000d18, Max: 0x00005000, ABSOLUTE)

    Base Addr    Size         Type   Attr      Idx    E Section Name        Object

    0x20000000   0x00000014   Data   RW          181    .data               system_stm32f10x.o
    0x20000014   0x00000002   Data   RW          225    .data               usart3.o
    0x20000016   0x00000002   PAD
    0x20000018   0x00000034   Data   RW          263    .data               mpu6050.o
    0x2000004c   0x0000002c   Data   RW          298    .data               inv_mpu.o
    0x20000078   0x00000004   Data   RW          349    .data               delay.o
    0x2000007c   0x00000006   Data   RW          381    .data               usart.o
    0x20000082   0x00000014   Data   RW          444    .data               stm32f10x_rcc.o
    0x20000096   0x00000002   PAD
    0x20000098   0x000004b0   Zero   RW          224    .bss                usart3.o
    0x20000548   0x00000092   Zero   RW          262    .bss                mpu6050.o
    0x200005da   0x00000002   PAD
    0x200005dc   0x00000010   Zero   RW          316    .bss                inv_mpu_dmp_motion_driver.o
    0x200005ec   0x000000c8   Zero   RW          380    .bss                usart.o
    0x200006b4   0x00000060   Zero   RW          783    .bss                c_w.l(libspace.o)
    0x20000714   0x00000004   PAD
    0x20000718   0x00000200   Zero   RW          413    HEAP                startup_stm32f10x_hd.o
    0x20000918   0x00000400   Zero   RW          412    STACK               startup_stm32f10x_hd.o


==============================================================================

Image component sizes


      Code (inc. data)   RO Data    RW Data    ZI Data      Debug   Object Name

       212         18          0          4          0       1067   delay.o
       636        242          0          0          0       2178   esp8266.o
      7856        168        158         44          0      20991   inv_mpu.o
      3440        126       3062          0         16      14935   inv_mpu_dmp_motion_driver.o
      1288         12          0          0          0       5454   ioi2c.o
       672         70          0          0          0     252730   main.o
       220         22          0          0          0       1841   misc.o
      2180        436          0         52        146      20771   mpu6050.o
        64         26        304          0       1536        816   startup_stm32f10x_hd.o
       860         38          0          0          0       5689   stm32f10x_gpio.o
        26          0          0          0          0       1202   stm32f10x_it.o
       932         36          0         20          0       8884   stm32f10x_rcc.o
      3610         88          0          0          0      22172   stm32f10x_tim.o
      1032         22          0          0          0       8412   stm32f10x_usart.o
         0          0          0          0          0         32   sys.o
       480         38          0         20          0       1803   system_stm32f10x.o
       140          4          0          0          0        796   timer.o
       372         12          0          0          0       1254   timer_mos.o
       320         16          0          6        200       3210   usart.o
       408         24          0          2       1200       2630   usart3.o

    ----------------------------------------------------------------------
     24750       1398       3558        152       3100     376867   Object Totals
         0          0         32          0          0          0   (incl. Generated)
         2          0          2          4          2          0   (incl. Padding)

    ----------------------------------------------------------------------

      Code (inc. data)   RO Data    RW Data    ZI Data      Debug   Library Member Name

        24          4          0          0          0         84   __2printf.o
         8          0          0          0          0         68   __main.o
       392          4         17          0          0         92   __printf_flags_ss_wp.o
        14          0          0          0          0         68   __printf_wp.o
         0          0          0          0          0          0   __rtentry.o
        12          0          0          0          0          0   __rtentry2.o
         6          0          0          0          0          0   __rtentry4.o
        52          8          0          0          0          0   __scatter.o
        26          0          0          0          0          0   __scatter_copy.o
        28          0          0          0          0          0   __scatter_zi.o
         6          0          0          0          0          0   _printf_a.o
         6          0          0          0          0          0   _printf_c.o
        44          0          0          0          0        108   _printf_char.o
        48          6          0          0          0         96   _printf_char_common.o
        36          4          0          0          0         80   _printf_char_file.o
        40          0          0          0          0         68   _printf_charcount.o
         6          0          0          0          0          0   _printf_d.o
       120         16          0          0          0         92   _printf_dec.o
         6          0          0          0          0          0   _printf_e.o
         6          0          0          0          0          0   _printf_f.o
      1050          0          0          0          0        216   _printf_fp_dec.o
       128         16          0          0          0         84   _printf_fp_infnan.o
         6          0          0          0          0          0   _printf_g.o
       148          4         40          0          0        160   _printf_hex_int_ll_ptr.o
         6          0          0          0          0          0   _printf_i.o
       178          0          0          0          0         88   _printf_intcommon.o
        10          0          0          0          0          0   _printf_l.o
         6          0          0          0          0          0   _printf_lc.o
        10          0          0          0          0          0   _printf_ll.o
         6          0          0          0          0          0   _printf_lld.o
         6          0          0          0          0          0   _printf_lli.o
         6          0          0          0          0          0   _printf_llo.o
         6          0          0          0          0          0   _printf_llu.o
         6          0          0          0          0          0   _printf_llx.o
       124         16          0          0          0         92   _printf_longlong_dec.o
         6          0          0          0          0          0   _printf_ls.o
         6          0          0          0          0          0   _printf_n.o
         6          0          0          0          0          0   _printf_o.o
       112          8          0          0          0        124   _printf_oct_int_ll.o
         6          0          0          0          0          0   _printf_p.o
        78          0          0          0          0        108   _printf_pad.o
         0          0          0          0          0          0   _printf_percent.o
         4          0          0          0          0          0   _printf_percent_end.o
         6          0          0          0          0          0   _printf_s.o
        82          0          0          0          0         80   _printf_str.o
        36          0          0          0          0         84   _printf_truncate.o
         6          0          0          0          0          0   _printf_u.o
        44          0          0          0          0        108   _printf_wchar.o
       188          6          8          0          0         92   _printf_wctomb.o
         6          0          0          0          0          0   _printf_x.o
        22          0          0          0          0        100   _rserrno.o
        10          0          0          0          0         68   _sputc.o
        64          0          0          0          0         92   _wcrtomb.o
        16          0          0          0          0         68   aeabi_memset.o
       220          4        148          0          0         96   bigflt0.o
      1910        128          0          0          0        672   btod.o
        36          4          0          0          0         76   c89vsprintf.o
        12          0          0          0          0         72   exit.o
         8          0          0          0          0         68   ferror.o
         6          0          0          0          0        152   heapauxi.o
        44         10        272          0          0         76   lc_ctype_c.o
        44         10         28          0          0         76   lc_numeric_c.o
         2          0          0          0          0          0   libinit.o
        30          0          0          0          0          0   libinit2.o
         2          0          0          0          0          0   libshutdown.o
         2          0          0          0          0          0   libshutdown2.o
         8          4          0          0         96         68   libspace.o
        72          0          0          0          0         76   llsdiv.o
       138          0          0          0          0         80   lludiv10.o
       238          0          0          0          0        100   lludivv7m.o
        88          0          0          0          0         76   memcmp.o
        16          4          0          0          0         76   rt_ctype_table.o
         8          4          0          0          0         68   rt_errno_addr_intlibspace.o
         8          4          0          0          0         68   rt_locale_intlibspace.o
        68          0          0          0          0         68   rt_memclr.o
        78          0          0          0          0         80   rt_memclr_w.o
         2          0          0          0          0          0   rtexit.o
        10          0          0          0          0          0   rtexit2.o
       128          0          0          0          0         68   strcmpv7m.o
        62          0          0          0          0         76   strlen.o
        36          0          0          0          0         80   strstr.o
        74          0          0          0          0         80   sys_stackheap_outer.o
         2          0          0          0          0         68   use_no_semi.o
         2          0          0          0          0         68   use_no_semi_2.o
       826         16          0          0          0        348   daddsub_clz.o
        16          4          0          0          0         68   dcheck1.o
       688        140          0          0          0        208   ddiv.o
        94          4          0          0          0         92   dfix.o
       340         12          0          0          0        104   dmul.o
       156          4          0          0          0         92   dnaninf.o
        12          0          0          0          0         68   dretinf.o
       460         56          0          0          0        120   dsqrt_noumaal.o
        86          4          0          0          0         84   f2d.o
       430          8          0          0          0        168   faddsub_clz.o
        24          0          0          0          0         68   fcmpi.o
       388         76          0          0          0         96   fdiv.o
       104          4          0          0          0         84   feqf.o
        54          4          0          0          0         84   ffix.o
        62          4          0          0          0         84   ffixu.o
        86          0          0          0          0        136   fflt_clz.o
       104          4          0          0          0         84   fleqf.o
       258          4          0          0          0         84   fmul.o
       140          4          0          0          0         84   fnaninf.o
        10          0          0          0          0         68   fretinf.o
        98          0          0          0          0         68   frleqf.o
         4          0          0          0          0         68   printf1.o
       100          0          0          0          0         68   retnan.o
        92          0          0          0          0         68   scalbn.o
        48          0          0          0          0         68   trapv.o
         0          0          0          0          0          0   usenofp.o
       624         52         80          0          0        168   asin.o
       544         70        152          0          0        124   atan.o
       384         38          0          0          0        144   atan2.o
        38          6          0          0          0        272   dunder.o
        40          0          0          0          0         68   fpclassify.o
       170          0          0          0          0         96   poly.o
         0          0          8          0          0          0   qnan.o
        76          0          0          0          0         84   sqrt.o

    ----------------------------------------------------------------------
     13218        778        754          0        100       8328   Library Totals
        34          0          1          0          4          0   (incl. Padding)

    ----------------------------------------------------------------------

      Code (inc. data)   RO Data    RW Data    ZI Data      Debug   Library Name

      6628        264        513          0         96       4808   c_w.l
      4680        348          0          0          0       2564   fz_ws.l
      1876        166        240          0          0        956   m_ws.l

    ----------------------------------------------------------------------
     13218        778        754          0        100       8328   Library Totals

    ----------------------------------------------------------------------

==============================================================================


      Code (inc. data)   RO Data    RW Data    ZI Data      Debug   

     37968       2176       4312        152       3200     378951   Grand Totals
     37968       2176       4312        152       3200     378951   ELF Image Totals
     37968       2176       4312        152          0          0   ROM Totals

==============================================================================

    Total RO  Size (Code + RO Data)                42280 (  41.29kB)
    Total RW  Size (RW Data + ZI Data)              3352 (   3.27kB)
    Total ROM Size (Code + RO Data + RW Data)      42432 (  41.44kB)

==============================================================================

