Component: ARM Compiler 5.05 update 1 (build 106) Tool: armlink [4d0efa]

==============================================================================

Section Cross References

    main.o(.text) refers to _printf_percent.o(.ARM.Collect$$_printf_percent$$00000000) for _printf_percent
    main.o(.text) refers to _printf_d.o(.ARM.Collect$$_printf_percent$$00000009) for _printf_d
    main.o(.text) refers to _printf_dec.o(.text) for _printf_int_dec
    main.o(.text) refers to _printf_s.o(.ARM.Collect$$_printf_percent$$00000014) for _printf_s
    main.o(.text) refers to _printf_str.o(.text) for _printf_str
    main.o(.text) refers to delay.o(.text) for delay_init
    main.o(.text) refers to misc.o(.text) for NVIC_PriorityGroupConfig
    main.o(.text) refers to usart.o(.text) for uart_init
    main.o(.text) refers to usart3.o(.text) for usart3_init
    main.o(.text) refers to adc.o(.text) for Adc_Init
    main.o(.text) refers to esp8266.o(.text) for esp8266_start_trans
    main.o(.text) refers to oled.o(.text) for OLED_Init
    main.o(.text) refers to __2printf.o(.text) for __2printf
    main.o(.text) refers to stm32f10x_gpio.o(.text) for GPIO_ReadInputDataBit
    main.o(.text) refers to main.o(.data) for ack
    system_stm32f10x.o(.text) refers to system_stm32f10x.o(.data) for SystemCoreClock
    esp8266.o(.text) refers to _printf_percent.o(.ARM.Collect$$_printf_percent$$00000000) for _printf_percent
    esp8266.o(.text) refers to _printf_s.o(.ARM.Collect$$_printf_percent$$00000014) for _printf_s
    esp8266.o(.text) refers to _printf_str.o(.text) for _printf_str
    esp8266.o(.text) refers to strstr.o(.text) for strstr
    esp8266.o(.text) refers to usart3.o(.text) for u3_printf
    esp8266.o(.text) refers to delay.o(.text) for delay_ms
    esp8266.o(.text) refers to __2printf.o(.text) for __2printf
    esp8266.o(.text) refers to usart3.o(.data) for USART3_RX_STA
    esp8266.o(.text) refers to usart3.o(.bss) for USART3_RX_BUF
    timer.o(.text) refers to stm32f10x_tim.o(.text) for TIM_GetITStatus
    timer.o(.text) refers to stm32f10x_rcc.o(.text) for RCC_APB1PeriphClockCmd
    timer.o(.text) refers to misc.o(.text) for NVIC_Init
    timer.o(.text) refers to usart3.o(.data) for USART3_RX_STA
    usart3.o(.text) refers to stm32f10x_usart.o(.text) for USART_GetITStatus
    usart3.o(.text) refers to stm32f10x_tim.o(.text) for TIM_SetCounter
    usart3.o(.text) refers to stm32f10x_rcc.o(.text) for RCC_APB2PeriphClockCmd
    usart3.o(.text) refers to stm32f10x_gpio.o(.text) for GPIO_Init
    usart3.o(.text) refers to misc.o(.text) for NVIC_Init
    usart3.o(.text) refers to timer.o(.text) for TIM7_Int_Init
    usart3.o(.text) refers to c89vsprintf.o(.text) for __c89vsprintf
    usart3.o(.text) refers to strlen.o(.text) for strlen
    usart3.o(.text) refers to usart3.o(.data) for USART3_RX_STA
    usart3.o(.text) refers to usart3.o(.bss) for USART3_RX_BUF
    adc.o(.text) refers to stm32f10x_rcc.o(.text) for RCC_APB2PeriphClockCmd
    adc.o(.text) refers to stm32f10x_gpio.o(.text) for GPIO_Init
    adc.o(.text) refers to stm32f10x_adc.o(.text) for ADC_DeInit
    adc.o(.text) refers to delay.o(.text) for delay_ms
    oled.o(.text) refers to stm32f10x_gpio.o(.text) for GPIO_SetBits
    oled.o(.text) refers to oled.o(.bss) for OLED_GRAM
    oled.o(.text) refers to stm32f10x_rcc.o(.text) for RCC_APB2PeriphClockCmd
    oled.o(.text) refers to delay.o(.text) for delay_ms
    oled.o(.text) refers to oled.o(.constdata) for asc2_1206
    oled.o(.text) refers to oled.o(.data) for Hzk1
    delay.o(.text) refers to misc.o(.text) for SysTick_CLKSourceConfig
    delay.o(.text) refers to system_stm32f10x.o(.data) for SystemCoreClock
    delay.o(.text) refers to delay.o(.data) for fac_us
    usart.o(.text) refers (Special) to use_no_semi_2.o(.text) for __use_no_semihosting
    usart.o(.text) refers to stm32f10x_rcc.o(.text) for RCC_APB2PeriphClockCmd
    usart.o(.text) refers to stm32f10x_gpio.o(.text) for GPIO_Init
    usart.o(.text) refers to misc.o(.text) for NVIC_Init
    usart.o(.text) refers to stm32f10x_usart.o(.text) for USART_Init
    usart.o(.text) refers to usart.o(.data) for USART_RX_STA
    usart.o(.text) refers to usart.o(.bss) for USART_RX_BUF
    usart.o(.bss) refers (Special) to use_no_semi_2.o(.text) for __use_no_semihosting
    usart.o(.data) refers (Special) to use_no_semi_2.o(.text) for __use_no_semihosting
    startup_stm32f10x_md.o(STACK) refers (Special) to heapauxi.o(.text) for __use_two_region_memory
    startup_stm32f10x_md.o(HEAP) refers (Special) to heapauxi.o(.text) for __use_two_region_memory
    startup_stm32f10x_md.o(RESET) refers (Special) to heapauxi.o(.text) for __use_two_region_memory
    startup_stm32f10x_md.o(RESET) refers to startup_stm32f10x_md.o(STACK) for __initial_sp
    startup_stm32f10x_md.o(RESET) refers to startup_stm32f10x_md.o(.text) for Reset_Handler
    startup_stm32f10x_md.o(RESET) refers to stm32f10x_it.o(.text) for NMI_Handler
[...]
    .ARM.Collect$$libinit$$00000004          0x08000232   Section        0  libinit2.o(.ARM.Collect$$libinit$$00000004)
    .ARM.Collect$$libinit$$0000000A          0x08000232   Section        0  libinit2.o(.ARM.Collect$$libinit$$0000000A)
    .ARM.Collect$$libinit$$0000000C          0x08000232   Section        0  libinit2.o(.ARM.Collect$$libinit$$0000000C)
    .ARM.Collect$$libinit$$0000000E          0x08000232   Section        0  libinit2.o(.ARM.Collect$$libinit$$0000000E)
    .ARM.Collect$$libinit$$0000000F          0x08000232   Section        6  libinit2.o(.ARM.Collect$$libinit$$0000000F)
    .ARM.Collect$$libinit$$00000011          0x08000238   Section        0  libinit2.o(.ARM.Collect$$libinit$$00000011)
    .ARM.Collect$$libinit$$00000012          0x08000238   Section       12  libinit2.o(.ARM.Collect$$libinit$$00000012)
    .ARM.Collect$$libinit$$00000013          0x08000244   Section        0  libinit2.o(.ARM.Collect$$libinit$$00000013)
    .ARM.Collect$$libinit$$00000015          0x08000244   Section        0  libinit2.o(.ARM.Collect$$libinit$$00000015)
    .ARM.Collect$$libinit$$00000016          0x08000244   Section       10  libinit2.o(.ARM.Collect$$libinit$$00000016)
    .ARM.Collect$$libinit$$00000017          0x0800024e   Section        0  libinit2.o(.ARM.Collect$$libinit$$00000017)
    .ARM.Collect$$libinit$$00000019          0x0800024e   Section        0  libinit2.o(.ARM.Collect$$libinit$$00000019)
    .ARM.Collect$$libinit$$0000001B          0x0800024e   Section        0  libinit2.o(.ARM.Collect$$libinit$$0000001B)
    .ARM.Collect$$libinit$$0000001D          0x0800024e   Section        0  libinit2.o(.ARM.Collect$$libinit$$0000001D)
    .ARM.Collect$$libinit$$0000001F          0x0800024e   Section        0  libinit2.o(.ARM.Collect$$libinit$$0000001F)
    .ARM.Collect$$libinit$$00000021          0x0800024e   Section        0  libinit2.o(.ARM.Collect$$libinit$$00000021)
    .ARM.Collect$$libinit$$00000023          0x0800024e   Section        0  libinit2.o(.ARM.Collect$$libinit$$00000023)
    .ARM.Collect$$libinit$$00000025          0x0800024e   Section        0  libinit2.o(.ARM.Collect$$libinit$$00000025)
    .ARM.Collect$$libinit$$0000002C          0x0800024e   Section        0  libinit2.o(.ARM.Collect$$libinit$$0000002C)
    .ARM.Collect$$libinit$$0000002E          0x0800024e   Section        0  libinit2.o(.ARM.Collect$$libinit$$0000002E)
    .ARM.Collect$$libinit$$00000030          0x0800024e   Section        0  libinit2.o(.ARM.Collect$$libinit$$00000030)
    .ARM.Collect$$libinit$$00000032          0x0800024e   Section        0  libinit2.o(.ARM.Collect$$libinit$$00000032)
    .ARM.Collect$$libinit$$00000033          0x0800024e   Section        2  libinit2.o(.ARM.Collect$$libinit$$00000033)
    .ARM.Collect$$libshutdown$$00000000      0x08000250   Section        2  libshutdown.o(.ARM.Collect$$libshutdown$$00000000)
    .ARM.Collect$$libshutdown$$00000003      0x08000252   Section        0  libshutdown2.o(.ARM.Collect$$libshutdown$$00000003)
    .ARM.Collect$$libshutdown$$00000006      0x08000252   Section        0  libshutdown2.o(.ARM.Collect$$libshutdown$$00000006)
    .ARM.Collect$$libshutdown$$00000009      0x08000252   Section        0  libshutdown2.o(.ARM.Collect$$libshutdown$$00000009)
    .ARM.Collect$$libshutdown$$0000000B      0x08000252   Section        0  libshutdown2.o(.ARM.Collect$$libshutdown$$0000000B)
    .ARM.Collect$$libshutdown$$0000000E      0x08000252   Section        0  libshutdown2.o(.ARM.Collect$$libshutdown$$0000000E)
    .ARM.Collect$$libshutdown$$0000000F      0x08000252   Section        2  libshutdown2.o(.ARM.Collect$$libshutdown$$0000000F)
    .ARM.Collect$$rtentry$$00000000          0x08000254   Section        0  __rtentry.o(.ARM.Collect$$rtentry$$00000000)
    .ARM.Collect$$rtentry$$00000002          0x08000254   Section        0  __rtentry2.o(.ARM.Collect$$rtentry$$00000002)
    .ARM.Collect$$rtentry$$00000004          0x08000254   Section        6  __rtentry4.o(.ARM.Collect$$rtentry$$00000004)
    .ARM.Collect$$rtentry$$00000009          0x0800025a   Section        0  __rtentry2.o(.ARM.Collect$$rtentry$$00000009)
    .ARM.Collect$$rtentry$$0000000A          0x0800025a   Section        4  __rtentry2.o(.ARM.Collect$$rtentry$$0000000A)
    .ARM.Collect$$rtentry$$0000000C          0x0800025e   Section        0  __rtentry2.o(.ARM.Collect$$rtentry$$0000000C)
    .ARM.Collect$$rtentry$$0000000D          0x0800025e   Section        8  __rtentry2.o(.ARM.Collect$$rtentry$$0000000D)
    .ARM.Collect$$rtexit$$00000000           0x08000266   Section        2  rtexit.o(.ARM.Collect$$rtexit$$00000000)
    .ARM.Collect$$rtexit$$00000002           0x08000268   Section        0  rtexit2.o(.ARM.Collect$$rtexit$$00000002)
    .ARM.Collect$$rtexit$$00000003           0x08000268   Section        4  rtexit2.o(.ARM.Collect$$rtexit$$00000003)
    .ARM.Collect$$rtexit$$00000004           0x0800026c   Section        6  rtexit2.o(.ARM.Collect$$rtexit$$00000004)
    .text                                    0x08000274   Section        0  main.o(.text)
    .text                                    0x080006a4   Section        0  stm32f10x_it.o(.text)
    .text                                    0x080006c0   Section        0  esp8266.o(.text)
    .text                                    0x08000908   Section        0  timer.o(.text)
    .text                                    0x08000994   Section        0  usart3.o(.text)
    .text                                    0x08000b2c   Section        0  adc.o(.text)
    .text                                    0x08000c7c   Section        0  oled.o(.text)
    .text                                    0x08001568   Section        0  delay.o(.text)
    .text                                    0x0800163c   Section        0  usart.o(.text)
    .text                                    0x0800177c   Section       56  startup_stm32f10x_md.o(.text)
    .text                                    0x080017b4   Section        0  misc.o(.text)
    .text                                    0x08001890   Section        0  stm32f10x_gpio.o(.text)
    .text                                    0x08001bec   Section        0  stm32f10x_rcc.o(.text)
    .text                                    0x08001f90   Section        0  stm32f10x_usart.o(.text)
    .text                                    0x08002398   Section        0  stm32f10x_tim.o(.text)
    TI4_Config                               0x0800283f   Thumb Code   130  stm32f10x_tim.o(.text)
    TI3_Config                               0x080028d3   Thumb Code   122  stm32f10x_tim.o(.text)
    TI2_Config                               0x08002967   Thumb Code   130  stm32f10x_tim.o(.text)
    TI1_Config                               0x080029fb   Thumb Code   108  stm32f10x_tim.o(.text)
    .text                                    0x080031b4   Section        0  stm32f10x_adc.o(.text)
    .text                                    0x08003602   Section        2  use_no_semi_2.o(.text)
    .text                                    0x08003604   Section        0  c89vsprintf.o(.text)
    .text                                    0x08003628   Section        0  __2printf.o(.text)
    .text                                    0x08003640   Section        0  _printf_str.o(.text)
    .text                                    0x08003694   Section        0  _printf_dec.o(.text)
    .text                                    0x0800370c   Section        0  __printf_flags_ss_wp.o(.text)
    .text                                    0x08003894   Section        0  strstr.o(.text)
    .text                                    0x080038b8   Section        0  strlen.o(.text)
    .text                                    0x080038f6   Section        0  heapauxi.o(.text)
    .text                                    0x080038fc   Section        2  use_no_semi.o(.text)
    .text                                    0x080038fe   Section        0  _printf_pad.o(.text)
    .text                                    0x0800394c   Section        0  _printf_truncate.o(.text)
    .text                                    0x08003970   Section        0  _printf_intcommon.o(.text)
    .text                                    0x08003a22   Section        0  _printf_charcount.o(.text)
    .text                                    0x08003a4c   Section        0  _printf_char_common.o(.text)
    _printf_input_char                       0x08003a4d   Thumb Code    10  _printf_char_common.o(.text)
    .text                                    0x08003a7c   Section        0  _sputc.o(.text)
    .text                                    0x08003a86   Section        0  _printf_char.o(.text)
    .text                                    0x08003ab4   Section        0  _printf_char_file.o(.text)
    .text                                    0x08003ad8   Section        0  _printf_wctomb.o(.text)
    .text                                    0x08003b94   Section        0  _printf_longlong_dec.o(.text)
    .text                                    0x08003c10   Section        0  _printf_oct_int_ll.o(.text)
    _printf_longlong_oct_internal            0x08003c11   Thumb Code     0  _printf_oct_int_ll.o(.text)
    .text                                    0x08003c80   Section        0  _printf_hex_int_ll_ptr.o(.text)
    _printf_hex_common                       0x08003c81   Thumb Code     0  _printf_hex_int_ll_ptr.o(.text)
    .text                                    0x08003d14   Section      138  lludiv10.o(.text)
    .text                                    0x08003d9e   Section        0  _printf_fp_dec.o(.text)
    _fp_digits                               0x08003da1   Thumb Code   428  _printf_fp_dec.o(.text)
    .text                                    0x080041b8   Section        0  _printf_wchar.o(.text)
    .text                                    0x080041e4   Section        0  ferror.o(.text)
    .text                                    0x080041ec   Section        0  _wcrtomb.o(.text)
    .text                                    0x0800422c   Section       74  sys_stackheap_outer.o(.text)
    .text                                    0x08004278   Section       16  rt_ctype_table.o(.text)
    .text                                    0x08004288   Section        8  rt_locale_intlibspace.o(.text)
    .text                                    0x08004290   Section        0  _printf_fp_infnan.o(.text)
    .text                                    0x08004310   Section        0  bigflt0.o(.text)
    .text                                    0x080043ec   Section        0  exit.o(.text)
    .text                                    0x080043f8   Section        8  libspace.o(.text)
    .text                                    0x08004400   Section      128  strcmpv7m.o(.text)
    CL$$btod_d2e                             0x08004480   Section       62  btod.o(CL$$btod_d2e)
    CL$$btod_d2e_denorm_low                  0x080044be   Section       70  btod.o(CL$$btod_d2e_denorm_low)
    CL$$btod_d2e_norm_op1                    0x08004504   Section       96  btod.o(CL$$btod_d2e_norm_op1)
    CL$$btod_div_common                      0x08004564   Section      824  btod.o(CL$$btod_div_common)
    CL$$btod_e2e                             0x0800489c   Section      198  btod.o(CL$$btod_e2e)
    CL$$btod_ediv                            0x08004962   Section       40  btod.o(CL$$btod_ediv)
    CL$$btod_emul                            0x0800498a   Section       40  btod.o(CL$$btod_emul)
    CL$$btod_mult_common                     0x080049b2   Section      580  btod.o(CL$$btod_mult_common)
    i.__ARM_fpclassify                       0x08004bf6   Section        0  fpclassify.o(i.__ARM_fpclassify)
    i._is_digit                              0x08004c1e   Section        0  __printf_wp.o(i._is_digit)
    locale$$code                             0x08004c2c   Section       44  lc_numeric_c.o(locale$$code)
    locale$$code                             0x08004c58   Section       44  lc_ctype_c.o(locale$$code)
    x$fpl$printf1                            0x08004c84   Section        4  printf1.o(x$fpl$printf1)
    .constdata                               0x08004c88   Section     6080  oled.o(.constdata)
    x$fpl$usenofp                            0x08004c88   Section        0  usenofp.o(x$fpl$usenofp)
    .constdata                               0x08006448   Section       17  __printf_flags_ss_wp.o(.constdata)
    maptable                                 0x08006448   Data          17  __printf_flags_ss_wp.o(.constdata)
    .constdata                               0x0800645c   Section        8  _printf_wctomb.o(.constdata)
    initial_mbstate                          0x0800645c   Data           8  _printf_wctomb.o(.constdata)
    .constdata                               0x08006464   Section       40  _printf_hex_int_ll_ptr.o(.constdata)
    uc_hextab                                0x08006464   Data          20  _printf_hex_int_ll_ptr.o(.constdata)
    lc_hextab                                0x08006478   Data          20  _printf_hex_int_ll_ptr.o(.constdata)
    .constdata                               0x0800648c   Section      148  bigflt0.o(.constdata)
    tenpwrs_x                                0x0800648c   Data          60  bigflt0.o(.constdata)
    tenpwrs_i                                0x080064c8   Data          64  bigflt0.o(.constdata)
    locale$$data                             0x08006540   Section       28  lc_numeric_c.o(locale$$data)
    __lcnum_c_name                           0x08006544   Data           2  lc_numeric_c.o(locale$$data)
    __lcnum_c_start                          0x0800654c   Data           0  lc_numeric_c.o(locale$$data)
    __lcnum_c_point                          0x08006558   Data           0  lc_numeric_c.o(locale$$data)
    __lcnum_c_thousands                      0x0800655a   Data           0  lc_numeric_c.o(locale$$data)
    __lcnum_c_grouping                       0x0800655b   Data           0  lc_numeric_c.o(locale$$data)
    locale$$data                             0x0800655c   Section      272  lc_ctype_c.o(locale$$data)
    __lcnum_c_end                            0x0800655c   Data           0  lc_numeric_c.o(locale$$data)
    __lcctype_c_name                         0x08006560   Data           2  lc_ctype_c.o(locale$$data)
    __lcctype_c_start                        0x08006568   Data           0  lc_ctype_c.o(locale$$data)
    __lcctype_c_end                          0x0800666c   Data           0  lc_ctype_c.o(locale$$data)
    .data                                    0x20000000   Section       10  main.o(.data)
    .data                                    0x2000000c   Section       20  system_stm32f10x.o(.data)
    .data                                    0x20000020   Section        2  usart3.o(.data)
    .data                                    0x20000022   Section     5176  oled.o(.data)
    .data                                    0x2000145a   Section        4  delay.o(.data)
    fac_us                                   0x2000145a   Data           1  delay.o(.data)
    fac_ms                                   0x2000145c   Data           2  delay.o(.data)
    .data                                    0x20001460   Section        6  usart.o(.data)
    .data                                    0x20001466   Section       20  stm32f10x_rcc.o(.data)
    APBAHBPrescTable                         0x20001466   Data          16  stm32f10x_rcc.o(.data)
    ADCPrescTable                            0x20001476   Data           4  stm32f10x_rcc.o(.data)
    .bss                                     0x2000147c   Section     1200  usart3.o(.bss)
    .bss                                     0x2000192c   Section     1152  oled.o(.bss)
    .bss                                     0x20001dac   Section      200  usart.o(.bss)
    .bss                                     0x20001e74   Section       96  libspace.o(.bss)
    HEAP                                     0x20001ed8   Section      512  startup_stm32f10x_md.o(HEAP)
    Heap_Mem                                 0x20001ed8   Data         512  startup_stm32f10x_md.o(HEAP)
    STACK                                    0x200020d8   Section     1024  startup_stm32f10x_md.o(STACK)
    Stack_Mem                                0x200020d8   Data        1024  startup_stm32f10x_md.o(STACK)
    __initial_sp                             0x200024d8   Data           0  startup_stm32f10x_md.o(STACK)

    Global Symbols

    Symbol Name                              Value     Ov Type        Size  Object(Section)

    BuildAttributes$$THM_ISAv4$P$D$K$B$S$PE$A:L22UL41UL21$X:L11$S22US41US21$IEEE1$IW$USESV6$~STKCKD$USESV7$~SHL$OTIME$ROPI$IEEEJ$EBA8$UX$STANDARDLIB$REQ8$PRES8$EABIv2 0x00000000   Number         0  anon$$obj.o ABSOLUTE
    __ARM_use_no_argv                        0x00000000   Number         0  main.o ABSOLUTE
    _printf_flags                            0x00000000   Number         0  printf_stubs.o ABSOLUTE
    _printf_return_value                     0x00000000   Number         0  printf_stubs.o ABSOLUTE
    _printf_sizespec                         0x00000000   Number         0  printf_stubs.o ABSOLUTE
    _printf_widthprec                        0x00000000   Number         0  printf_stubs.o ABSOLUTE
    __ARM_exceptions_init                     - Undefined Weak Reference
    __alloca_initialize                       - Undefined Weak Reference
    __arm_preinit_                            - Undefined Weak Reference
    __cpp_initialize__aeabi_                  - Undefined Weak Reference
    __cxa_finalize                            - Undefined Weak Reference
    __sigvec_lookup                           - Undefined Weak Reference
    _atexit_init                              - Undefined Weak Reference
    _call_atexit_fns                          - Undefined Weak Reference
    _clock_init                               - Undefined Weak Reference
    _fp_trap_init                             - Undefined Weak Reference
    _fp_trap_shutdown                         - Undefined Weak Reference
    _get_lc_collate                           - Undefined Weak Reference
    _get_lc_monetary                          - Undefined Weak Reference
    _get_lc_time                              - Undefined Weak Reference
    _getenv_init                              - Undefined Weak Reference
    _handle_redirection                       - Undefined Weak Reference
    _init_alloc                               - Undefined Weak Reference
    _init_user_alloc                          - Undefined Weak Reference
    _initio                                   - Undefined Weak Reference
    _mutex_acquire                            - Undefined Weak Reference
    _mutex_release                            - Undefined Weak Reference
    _printf_fp_hex                            - Undefined Weak Reference
    _printf_mbtowc                            - Undefined Weak Reference
    _printf_wc                                - Undefined Weak Reference
    _rand_init                                - Undefined Weak Reference
    _signal_finish                            - Undefined Weak Reference
    _signal_init                              - Undefined Weak Reference
    _terminate_alloc                          - Undefined Weak Reference
    _terminate_user_alloc                     - Undefined Weak Reference
    _terminateio                              - Undefined Weak Reference
    __Vectors_Size                           0x000000ec   Number         0  startup_stm32f10x_md.o ABSOLUTE
    __Vectors                                0x08000000   Data           4  startup_stm32f10x_md.o(RESET)
    __Vectors_End                            0x080000ec   Data           0  startup_stm32f10x_md.o(RESET)
    __main                                   0x080000ed   Thumb Code     8  __main.o(!!!main)
    __scatterload                            0x080000f5   Thumb Code     0  __scatter.o(!!!scatter)
    __scatterload_rt2                        0x080000f5   Thumb Code    44  __scatter.o(!!!scatter)
    __scatterload_rt2_thumb_only             0x080000f5   Thumb Code     0  __scatter.o(!!!scatter)
    __scatterload_null                       0x08000103   Thumb Code     0  __scatter.o(!!!scatter)
    __decompress                             0x08000129   Thumb Code    90  __dczerorl2.o(!!dczerorl2)
    __decompress1                            0x08000129   Thumb Code     0  __dczerorl2.o(!!dczerorl2)
    __scatterload_zeroinit                   0x08000185   Thumb Code    28  __scatter_zi.o(!!handler_zi)
    _printf_n                                0x080001a1   Thumb Code     0  _printf_n.o(.ARM.Collect$$_printf_percent$$00000001)
    _printf_percent                          0x080001a1   Thumb Code     0  _printf_percent.o(.ARM.Collect$$_printf_percent$$00000000)
    _printf_p                                0x080001a7   Thumb Code     0  _printf_p.o(.ARM.Collect$$_printf_percent$$00000002)
    _printf_f                                0x080001ad   Thumb Code     0  _printf_f.o(.ARM.Collect$$_printf_percent$$00000003)
    _printf_e                                0x080001b3   Thumb Code     0  _printf_e.o(.ARM.Collect$$_printf_percent$$00000004)
    _printf_g                                0x080001b9   Thumb Code     0  _printf_g.o(.ARM.Collect$$_printf_percent$$00000005)
    _printf_a                                0x080001bf   Thumb Code     0  _printf_a.o(.ARM.Collect$$_printf_percent$$00000006)
    _printf_ll                               0x080001c5   Thumb Code     0  _printf_ll.o(.ARM.Collect$$_printf_percent$$00000007)
    _printf_i                                0x080001cf   Thumb Code     0  _printf_i.o(.ARM.Collect$$_printf_percent$$00000008)
    _printf_d                                0x080001d5   Thumb Code     0  _printf_d.o(.ARM.Collect$$_printf_percent$$00000009)
    _printf_u                                0x080001db   Thumb Code     0  _printf_u.o(.ARM.Collect$$_printf_percent$$0000000A)
    _printf_o                                0x080001e1   Thumb Code     0  _printf_o.o(.ARM.Collect$$_printf_percent$$0000000B)
    _printf_x                                0x080001e7   Thumb Code     0  _printf_x.o(.ARM.Collect$$_printf_percent$$0000000C)
    _printf_lli                              0x080001ed   Thumb Code     0  _printf_lli.o(.ARM.Collect$$_printf_percent$$0000000D)
    _printf_lld                              0x080001f3   Thumb Code     0  _printf_lld.o(.ARM.Collect$$_printf_percent$$0000000E)
    _printf_llu                              0x080001f9   Thumb Code     0  _printf_llu.o(.ARM.Collect$$_printf_percent$$0000000F)
    _printf_llo                              0x080001ff   Thumb Code     0  _printf_llo.o(.ARM.Collect$$_printf_percent$$00000010)
    _printf_llx                              0x08000205   Thumb Code     0  _printf_llx.o(.ARM.Collect$$_printf_percent$$00000011)
    _printf_l                                0x0800020b   Thumb Code     0  _printf_l.o(.ARM.Collect$$_printf_percent$$00000012)
    _printf_c                                0x08000215   Thumb Code     0  _printf_c.o(.ARM.Collect$$_printf_percent$$00000013)
    _printf_s                                0x0800021b   Thumb Code     0  _printf_s.o(.ARM.Collect$$_printf_percent$$00000014)
    _printf_lc                               0x08000221   Thumb Code     0  _printf_lc.o(.ARM.Collect$$_printf_percent$$00000015)
    _printf_ls                               0x08000227   Thumb Code     0  _printf_ls.o(.ARM.Collect$$_printf_percent$$00000016)
    _printf_percent_end                      0x0800022d   Thumb Code     0  _printf_percent_end.o(.ARM.Collect$$_printf_percent$$00000017)
    __rt_lib_init                            0x08000231   Thumb Code     0  libinit.o(.ARM.Collect$$libinit$$00000000)
    __rt_lib_init_fp_1                       0x08000233   Thumb Code     0  libinit2.o(.ARM.Collect$$libinit$$00000002)
    __rt_lib_init_heap_1                     0x08000233   Thumb Code     0  libinit2.o(.ARM.Collect$$libinit$$0000000A)
    __rt_lib_init_lc_common                  0x08000233   Thumb Code     0  libinit2.o(.ARM.Collect$$libinit$$0000000F)
    __rt_lib_init_preinit_1                  0x08000233   Thumb Code     0  libinit2.o(.ARM.Collect$$libinit$$00000004)
    __rt_lib_init_rand_1                     0x08000233   Thumb Code     0  libinit2.o(.ARM.Collect$$libinit$$0000000E)
    __rt_lib_init_user_alloc_1               0x08000233   Thumb Code     0  libinit2.o(.ARM.Collect$$libinit$$0000000C)
    __rt_lib_init_lc_collate_1               0x08000239   Thumb Code     0  libinit2.o(.ARM.Collect$$libinit$$00000011)
    __rt_lib_init_lc_ctype_2                 0x08000239   Thumb Code     0  libinit2.o(.ARM.Collect$$libinit$$00000012)
    __rt_lib_init_lc_ctype_1                 0x08000245   Thumb Code     0  libinit2.o(.ARM.Collect$$libinit$$00000013)
    __rt_lib_init_lc_monetary_1              0x08000245   Thumb Code     0  libinit2.o(.ARM.Collect$$libinit$$00000015)
    __rt_lib_init_lc_numeric_2               0x08000245   Thumb Code     0  libinit2.o(.ARM.Collect$$libinit$$00000016)
    __rt_lib_init_alloca_1                   0x0800024f   Thumb Code     0  libinit2.o(.ARM.Collect$$libinit$$0000002E)
    __rt_lib_init_argv_1                     0x0800024f   Thumb Code     0  libinit2.o(.ARM.Collect$$libinit$$0000002C)
    __rt_lib_init_atexit_1                   0x0800024f   Thumb Code     0  libinit2.o(.ARM.Collect$$libinit$$0000001B)
    __rt_lib_init_clock_1                    0x0800024f   Thumb Code     0  libinit2.o(.ARM.Collect$$libinit$$00000021)
    __rt_lib_init_cpp_1                      0x0800024f   Thumb Code     0  libinit2.o(.ARM.Collect$$libinit$$00000032)
    __rt_lib_init_exceptions_1               0x0800024f   Thumb Code     0  libinit2.o(.ARM.Collect$$libinit$$00000030)
    __rt_lib_init_fp_trap_1                  0x0800024f   Thumb Code     0  libinit2.o(.ARM.Collect$$libinit$$0000001F)
    __rt_lib_init_getenv_1                   0x0800024f   Thumb Code     0  libinit2.o(.ARM.Collect$$libinit$$00000023)
    __rt_lib_init_lc_numeric_1               0x0800024f   Thumb Code     0  libinit2.o(.ARM.Collect$$libinit$$00000017)
    __rt_lib_init_lc_time_1                  0x0800024f   Thumb Code     0  libinit2.o(.ARM.Collect$$libinit$$00000019)
    __rt_lib_init_return                     0x0800024f   Thumb Code     0  libinit2.o(.ARM.Collect$$libinit$$00000033)
    __rt_lib_init_signal_1                   0x0800024f   Thumb Code     0  libinit2.o(.ARM.Collect$$libinit$$0000001D)
    __rt_lib_init_stdio_1                    0x0800024f   Thumb Code     0  libinit2.o(.ARM.Collect$$libinit$$00000025)
    __rt_lib_shutdown                        0x08000251   Thumb Code     0  libshutdown.o(.ARM.Collect$$libshutdown$$00000000)
    __rt_lib_shutdown_fp_trap_1              0x08000253   Thumb Code     0  libshutdown2.o(.ARM.Collect$$libshutdown$$00000006)
    __rt_lib_shutdown_heap_1                 0x08000253   Thumb Code     0  libshutdown2.o(.ARM.Collect$$libshutdown$$0000000E)
    __rt_lib_shutdown_return                 0x08000253   Thumb Code     0  libshutdown2.o(.ARM.Collect$$libshutdown$$0000000F)
    __rt_lib_shutdown_signal_1               0x08000253   Thumb Code     0  libshutdown2.o(.ARM.Collect$$libshutdown$$00000009)
    __rt_lib_shutdown_stdio_1                0x08000253   Thumb Code     0  libshutdown2.o(.ARM.Collect$$libshutdown$$00000003)
    __rt_lib_shutdown_user_alloc_1           0x08000253   Thumb Code     0  libshutdown2.o(.ARM.Collect$$libshutdown$$0000000B)
    __rt_entry                               0x08000255   Thumb Code     0  __rtentry.o(.ARM.Collect$$rtentry$$00000000)
    __rt_entry_presh_1                       0x08000255   Thumb Code     0  __rtentry2.o(.ARM.Collect$$rtentry$$00000002)
    __rt_entry_sh                            0x08000255   Thumb Code     0  __rtentry4.o(.ARM.Collect$$rtentry$$00000004)
    __rt_entry_li                            0x0800025b   Thumb Code     0  __rtentry2.o(.ARM.Collect$$rtentry$$0000000A)
    __rt_entry_postsh_1                      0x0800025b   Thumb Code     0  __rtentry2.o(.ARM.Collect$$rtentry$$00000009)
    __rt_entry_main                          0x0800025f   Thumb Code     0  __rtentry2.o(.ARM.Collect$$rtentry$$0000000D)
    __rt_entry_postli_1                      0x0800025f   Thumb Code     0  __rtentry2.o(.ARM.Collect$$rtentry$$0000000C)
    __rt_exit                                0x08000267   Thumb Code     0  rtexit.o(.ARM.Collect$$rtexit$$00000000)
    __rt_exit_ls                             0x08000269   Thumb Code     0  rtexit2.o(.ARM.Collect$$rtexit$$00000003)
    __rt_exit_prels_1                        0x08000269   Thumb Code     0  rtexit2.o(.ARM.Collect$$rtexit$$00000002)
    __rt_exit_exit                           0x0800026d   Thumb Code     0  rtexit2.o(.ARM.Collect$$rtexit$$00000004)
    create_string                            0x08000275   Thumb Code   168  main.o(.text)
    main                                     0x0800031d   Thumb Code   824  main.o(.text)
    NMI_Handler                              0x080006a5   Thumb Code     2  stm32f10x_it.o(.text)
    HardFault_Handler                        0x080006a7   Thumb Code     4  stm32f10x_it.o(.text)
    MemManage_Handler                        0x080006ab   Thumb Code     4  stm32f10x_it.o(.text)
    BusFault_Handler                         0x080006af   Thumb Code     4  stm32f10x_it.o(.text)
    UsageFault_Handler                       0x080006b3   Thumb Code     4  stm32f10x_it.o(.text)
    SVC_Handler                              0x080006b7   Thumb Code     2  stm32f10x_it.o(.text)
    DebugMon_Handler                         0x080006b9   Thumb Code     2  stm32f10x_it.o(.text)
    PendSV_Handler                           0x080006bb   Thumb Code     2  stm32f10x_it.o(.text)
    SysTick_Handler                          0x080006bd   Thumb Code     2  stm32f10x_it.o(.text)
    esp8266_check_cmd                        0x080006c1   Thumb Code    44  esp8266.o(.text)
    esp8266_send_cmd                         0x080006ed   Thumb Code    92  esp8266.o(.text)
    esp8266_start_trans                      0x08000749   Thumb Code   100  esp8266.o(.text)
    esp8266_quit_trans                       0x080007ad   Thumb Code    50  esp8266.o(.text)
    esp8266_send_data                        0x080007df   Thumb Code    88  esp8266.o(.text)
    TIM3_IRQHandler                          0x08000909   Thumb Code    42  timer.o(.text)
    TIM7_Int_Init                            0x08000933   Thumb Code    90  timer.o(.text)
    USART2_IRQHandler                        0x08000995   Thumb Code    94  usart3.o(.text)
    usart3_init                              0x080009f3   Thumb Code   214  usart3.o(.text)
    u3_printf                                0x08000ac9   Thumb Code    72  usart3.o(.text)
    Adc_Init                                 0x08000b2d   Thumb Code   234  adc.o(.text)
    Get_Adc                                  0x08000c17   Thumb Code    46  adc.o(.text)
    Get_Adc_Average                          0x08000c45   Thumb Code    46  adc.o(.text)
    I2C_Stop                                 0x08000c7d   Thumb Code    34  oled.o(.text)
    I2C_WaitAck                              0x08000c9f   Thumb Code    24  oled.o(.text)
    Send_Byte                                0x08000cb7   Thumb Code    80  oled.o(.text)
    I2C_Start                                0x08000d07   Thumb Code    44  oled.o(.text)
    OLED_WR_Byte                             0x08000d33   Thumb Code    56  oled.o(.text)
    OLED_ColorTurn                           0x08000d6b   Thumb Code    28  oled.o(.text)
    OLED_DisplayTurn                         0x08000d87   Thumb Code    44  oled.o(.text)
    OLED_DisPlay_On                          0x08000db3   Thumb Code    28  oled.o(.text)
    OLED_DisPlay_Off                         0x08000dcf   Thumb Code    28  oled.o(.text)
    OLED_Refresh                             0x08000deb   Thumb Code    70  oled.o(.text)
    OLED_Clear                               0x08000e31   Thumb Code    42  oled.o(.text)
    OLED_DrawPoint                           0x08000e5b   Thumb Code    54  oled.o(.text)
    OLED_ClearPoint                          0x08000e91   Thumb Code    90  oled.o(.text)
    OLED_DrawLine                            0x08000eeb   Thumb Code   176  oled.o(.text)
    OLED_DrawCircle                          0x08000f9b   Thumb Code   152  oled.o(.text)
    OLED_ShowChar                            0x08001033   Thumb Code   248  oled.o(.text)
    OLED_ShowString                          0x0800112b   Thumb Code    66  oled.o(.text)
    OLED_Pow                                 0x0800116d   Thumb Code    22  oled.o(.text)
    OLED_ShowNum                             0x08001183   Thumb Code   116  oled.o(.text)
    OLED_ShowChinese                         0x080011f7   Thumb Code   248  oled.o(.text)
    OLED_ScrollDisplay                       0x080012ef   Thumb Code   160  oled.o(.text)
    OLED_WR_BP                               0x0800138f   Thumb Code    46  oled.o(.text)
    OLED_ShowPicture                         0x080013bd   Thumb Code    98  oled.o(.text)
    OLED_Init                                0x0800141f   Thumb Code   328  oled.o(.text)
    delay_init                               0x08001569   Thumb Code    50  delay.o(.text)
    delay_us                                 0x0800159b   Thumb Code    72  delay.o(.text)
    delay_ms                                 0x080015e3   Thumb Code    72  delay.o(.text)
    _sys_exit                                0x0800163d   Thumb Code     6  usart.o(.text)
    fputc                                    0x08001643   Thumb Code    24  usart.o(.text)
    uart_init                                0x0800165b   Thumb Code   152  usart.o(.text)
    USART1_IRQHandler                        0x080016f3   Thumb Code   122  usart.o(.text)
    Reset_Handler                            0x0800177d   Thumb Code     4  startup_stm32f10x_md.o(.text)
    ADC1_2_IRQHandler                        0x08001793   Thumb Code     0  startup_stm32f10x_md.o(.text)
    CAN1_RX1_IRQHandler                      0x08001793   Thumb Code     0  startup_stm32f10x_md.o(.text)
    CAN1_SCE_IRQHandler                      0x08001793   Thumb Code     0  startup_stm32f10x_md.o(.text)
    DMA1_Channel1_IRQHandler                 0x08001793   Thumb Code     0  startup_stm32f10x_md.o(.text)
    DMA1_Channel2_IRQHandler                 0x08001793   Thumb Code     0  startup_stm32f10x_md.o(.text)
    DMA1_Channel3_IRQHandler                 0x08001793   Thumb Code     0  startup_stm32f10x_md.o(.text)
    DMA1_Channel4_IRQHandler                 0x08001793   Thumb Code     0  startup_stm32f10x_md.o(.text)
    DMA1_Channel5_IRQHandler                 0x08001793   Thumb Code     0  startup_stm32f10x_md.o(.text)
    DMA1_Channel6_IRQHandler                 0x08001793   Thumb Code     0  startup_stm32f10x_md.o(.text)
    DMA1_Channel7_IRQHandler                 0x08001793   Thumb Code     0  startup_stm32f10x_md.o(.text)
    EXTI0_IRQHandler                         0x08001793   Thumb Code     0  startup_stm32f10x_md.o(.text)
    EXTI15_10_IRQHandler                     0x08001793   Thumb Code     0  startup_stm32f10x_md.o(.text)
    EXTI1_IRQHandler                         0x08001793   Thumb Code     0  startup_stm32f10x_md.o(.text)
    EXTI2_IRQHandler                         0x08001793   Thumb Code     0  startup_stm32f10x_md.o(.text)
    EXTI3_IRQHandler                         0x08001793   Thumb Code     0  startup_stm32f10x_md.o(.text)
    EXTI4_IRQHandler                         0x08001793   Thumb Code     0  startup_stm32f10x_md.o(.text)
    EXTI9_5_IRQHandler                       0x08001793   Thumb Code     0  startup_stm32f10x_md.o(.text)
    FLASH_IRQHandler                         0x08001793   Thumb Code     0  startup_stm32f10x_md.o(.text)
    I2C1_ER_IRQHandler                       0x08001793   Thumb Code     0  startup_stm32f10x_md.o(.text)
    I2C1_EV_IRQHandler                       0x08001793   Thumb Code     0  startup_stm32f10x_md.o(.text)
    I2C2_ER_IRQHandler                       0x08001793   Thumb Code     0  startup_stm32f10x_md.o(.text)
    I2C2_EV_IRQHandler                       0x08001793   Thumb Code     0  startup_stm32f10x_md.o(.text)
    PVD_IRQHandler                           0x08001793   Thumb Code     0  startup_stm32f10x_md.o(.text)
    RCC_IRQHandler                           0x08001793   Thumb Code     0  startup_stm32f10x_md.o(.text)
    RTCAlarm_IRQHandler                      0x08001793   Thumb Code     0  startup_stm32f10x_md.o(.text)
    RTC_IRQHandler                           0x08001793   Thumb Code     0  startup_stm32f10x_md.o(.text)
    SPI1_IRQHandler                          0x08001793   Thumb Code     0  startup_stm32f10x_md.o(.text)
    SPI2_IRQHandler                          0x08001793   Thumb Code     0  startup_stm32f10x_md.o(.text)
    TAMPER_IRQHandler                        0x08001793   Thumb Code     0  startup_stm32f10x_md.o(.text)
    TIM1_BRK_IRQHandler                      0x08001793   Thumb Code     0  startup_stm32f10x_md.o(.text)
    TIM1_CC_IRQHandler                       0x08001793   Thumb Code     0  startup_stm32f10x_md.o(.text)
    TIM1_TRG_COM_IRQHandler                  0x08001793   Thumb Code     0  startup_stm32f10x_md.o(.text)
    TIM1_UP_IRQHandler                       0x08001793   Thumb Code     0  startup_stm32f10x_md.o(.text)
    TIM2_IRQHandler                          0x08001793   Thumb Code     0  startup_stm32f10x_md.o(.text)
    TIM4_IRQHandler                          0x08001793   Thumb Code     0  startup_stm32f10x_md.o(.text)
    USART3_IRQHandler                        0x08001793   Thumb Code     0  startup_stm32f10x_md.o(.text)
    USBWakeUp_IRQHandler                     0x08001793   Thumb Code     0  startup_stm32f10x_md.o(.text)
    USB_HP_CAN1_TX_IRQHandler                0x08001793   Thumb Code     0  startup_stm32f10x_md.o(.text)
    USB_LP_CAN1_RX0_IRQHandler               0x08001793   Thumb Code     0  startup_stm32f10x_md.o(.text)
    WWDG_IRQHandler                          0x08001793   Thumb Code     0  startup_stm32f10x_md.o(.text)
    __user_initial_stackheap                 0x08001795   Thumb Code     0  startup_stm32f10x_md.o(.text)
    NVIC_PriorityGroupConfig                 0x080017b5   Thumb Code    10  misc.o(.text)
    NVIC_Init                                0x080017bf   Thumb Code   100  misc.o(.text)
    NVIC_SetVectorTable                      0x08001823   Thumb Code    14  misc.o(.text)
    NVIC_SystemLPConfig                      0x08001831   Thumb Code    34  misc.o(.text)
    SysTick_CLKSourceConfig                  0x08001853   Thumb Code    40  misc.o(.text)
    GPIO_DeInit                              0x08001891   Thumb Code   172  stm32f10x_gpio.o(.text)
    GPIO_AFIODeInit                          0x0800193d   Thumb Code    20  stm32f10x_gpio.o(.text)
    GPIO_Init                                0x08001951   Thumb Code   278  stm32f10x_gpio.o(.text)
    GPIO_StructInit                          0x08001a67   Thumb Code    16  stm32f10x_gpio.o(.text)
    GPIO_ReadInputDataBit                    0x08001a77   Thumb Code    18  stm32f10x_gpio.o(.text)
    GPIO_ReadInputData                       0x08001a89   Thumb Code     8  stm32f10x_gpio.o(.text)
    GPIO_ReadOutputDataBit                   0x08001a91   Thumb Code    18  stm32f10x_gpio.o(.text)
    GPIO_ReadOutputData                      0x08001aa3   Thumb Code     8  stm32f10x_gpio.o(.text)
    GPIO_SetBits                             0x08001aab   Thumb Code     4  stm32f10x_gpio.o(.text)
    GPIO_ResetBits                           0x08001aaf   Thumb Code     4  stm32f10x_gpio.o(.text)
    GPIO_WriteBit                            0x08001ab3   Thumb Code    10  stm32f10x_gpio.o(.text)
    GPIO_Write                               0x08001abd   Thumb Code     4  stm32f10x_gpio.o(.text)
    GPIO_PinLockConfig                       0x08001ac1   Thumb Code    18  stm32f10x_gpio.o(.text)
    GPIO_EventOutputConfig                   0x08001ad3   Thumb Code    26  stm32f10x_gpio.o(.text)
    GPIO_EventOutputCmd                      0x08001aed   Thumb Code     6  stm32f10x_gpio.o(.text)
    GPIO_PinRemapConfig                      0x08001af3   Thumb Code   138  stm32f10x_gpio.o(.text)
    GPIO_EXTILineConfig                      0x08001b7d   Thumb Code    66  stm32f10x_gpio.o(.text)
    GPIO_ETH_MediaInterfaceConfig            0x08001bbf   Thumb Code     8  stm32f10x_gpio.o(.text)
    RCC_DeInit                               0x08001bed   Thumb Code    64  stm32f10x_rcc.o(.text)
    RCC_HSEConfig                            0x08001c2d   Thumb Code    70  stm32f10x_rcc.o(.text)
    RCC_GetFlagStatus                        0x08001c73   Thumb Code    56  stm32f10x_rcc.o(.text)
    RCC_WaitForHSEStartUp                    0x08001cab   Thumb Code    56  stm32f10x_rcc.o(.text)
    RCC_AdjustHSICalibrationValue            0x08001ce3   Thumb Code    20  stm32f10x_rcc.o(.text)
    RCC_HSICmd                               0x08001cf7   Thumb Code     6  stm32f10x_rcc.o(.text)
    RCC_PLLConfig                            0x08001cfd   Thumb Code    24  stm32f10x_rcc.o(.text)
    RCC_PLLCmd                               0x08001d15   Thumb Code     6  stm32f10x_rcc.o(.text)
    RCC_SYSCLKConfig                         0x08001d1b   Thumb Code    18  stm32f10x_rcc.o(.text)
    RCC_GetSYSCLKSource                      0x08001d2d   Thumb Code    10  stm32f10x_rcc.o(.text)
    RCC_HCLKConfig                           0x08001d37   Thumb Code    18  stm32f10x_rcc.o(.text)
    RCC_PCLK1Config                          0x08001d49   Thumb Code    18  stm32f10x_rcc.o(.text)
    RCC_PCLK2Config                          0x08001d5b   Thumb Code    20  stm32f10x_rcc.o(.text)
    RCC_ITConfig                             0x08001d6f   Thumb Code    26  stm32f10x_rcc.o(.text)
    RCC_USBCLKConfig                         0x08001d89   Thumb Code     8  stm32f10x_rcc.o(.text)
    RCC_ADCCLKConfig                         0x08001d91   Thumb Code    18  stm32f10x_rcc.o(.text)
    RCC_LSEConfig                            0x08001da3   Thumb Code    50  stm32f10x_rcc.o(.text)
    RCC_LSICmd                               0x08001dd5   Thumb Code     6  stm32f10x_rcc.o(.text)
    RCC_RTCCLKConfig                         0x08001ddb   Thumb Code    12  stm32f10x_rcc.o(.text)
    RCC_RTCCLKCmd                            0x08001de7   Thumb Code     8  stm32f10x_rcc.o(.text)
    RCC_GetClocksFreq                        0x08001def   Thumb Code   192  stm32f10x_rcc.o(.text)
    RCC_AHBPeriphClockCmd                    0x08001eaf   Thumb Code    26  stm32f10x_rcc.o(.text)
    RCC_APB2PeriphClockCmd                   0x08001ec9   Thumb Code    26  stm32f10x_rcc.o(.text)
    RCC_APB1PeriphClockCmd                   0x08001ee3   Thumb Code    26  stm32f10x_rcc.o(.text)
    RCC_APB2PeriphResetCmd                   0x08001efd   Thumb Code    26  stm32f10x_rcc.o(.text)
    RCC_APB1PeriphResetCmd                   0x08001f17   Thumb Code    26  stm32f10x_rcc.o(.text)
    RCC_BackupResetCmd                       0x08001f31   Thumb Code     8  stm32f10x_rcc.o(.text)
    RCC_ClockSecuritySystemCmd               0x08001f39   Thumb Code     6  stm32f10x_rcc.o(.text)
    RCC_MCOConfig                            0x08001f3f   Thumb Code     6  stm32f10x_rcc.o(.text)
    RCC_ClearFlag                            0x08001f45   Thumb Code    14  stm32f10x_rcc.o(.text)
    RCC_GetITStatus                          0x08001f53   Thumb Code    20  stm32f10x_rcc.o(.text)
    RCC_ClearITPendingBit                    0x08001f67   Thumb Code     6  stm32f10x_rcc.o(.text)
    USART_DeInit                             0x08001f91   Thumb Code   134  stm32f10x_usart.o(.text)
    USART_Init                               0x08002017   Thumb Code   210  stm32f10x_usart.o(.text)
    USART_StructInit                         0x080020e9   Thumb Code    24  stm32f10x_usart.o(.text)
    USART_ClockInit                          0x08002101   Thumb Code    34  stm32f10x_usart.o(.text)
    USART_ClockStructInit                    0x08002123   Thumb Code    12  stm32f10x_usart.o(.text)
    USART_Cmd                                0x0800212f   Thumb Code    24  stm32f10x_usart.o(.text)
    USART_ITConfig                           0x08002147   Thumb Code    74  stm32f10x_usart.o(.text)
    USART_DMACmd                             0x08002191   Thumb Code    18  stm32f10x_usart.o(.text)
    USART_SetAddress                         0x080021a3   Thumb Code    18  stm32f10x_usart.o(.text)
    USART_WakeUpConfig                       0x080021b5   Thumb Code    18  stm32f10x_usart.o(.text)
    USART_ReceiverWakeUpCmd                  0x080021c7   Thumb Code    24  stm32f10x_usart.o(.text)
    USART_LINBreakDetectLengthConfig         0x080021df   Thumb Code    18  stm32f10x_usart.o(.text)
    USART_LINCmd                             0x080021f1   Thumb Code    24  stm32f10x_usart.o(.text)
    USART_SendData                           0x08002209   Thumb Code     8  stm32f10x_usart.o(.text)
    USART_ReceiveData                        0x08002211   Thumb Code    10  stm32f10x_usart.o(.text)
    USART_SendBreak                          0x0800221b   Thumb Code    10  stm32f10x_usart.o(.text)
    USART_SetGuardTime                       0x08002225   Thumb Code    16  stm32f10x_usart.o(.text)
    USART_SetPrescaler                       0x08002235   Thumb Code    16  stm32f10x_usart.o(.text)
    USART_SmartCardCmd                       0x08002245   Thumb Code    24  stm32f10x_usart.o(.text)
    USART_SmartCardNACKCmd                   0x0800225d   Thumb Code    24  stm32f10x_usart.o(.text)
    USART_HalfDuplexCmd                      0x08002275   Thumb Code    24  stm32f10x_usart.o(.text)
    USART_OverSampling8Cmd                   0x0800228d   Thumb Code    22  stm32f10x_usart.o(.text)
    USART_OneBitMethodCmd                    0x080022a3   Thumb Code    24  stm32f10x_usart.o(.text)
    USART_IrDAConfig                         0x080022bb   Thumb Code    18  stm32f10x_usart.o(.text)
    USART_IrDACmd                            0x080022cd   Thumb Code    24  stm32f10x_usart.o(.text)
    USART_GetFlagStatus                      0x080022e5   Thumb Code    26  stm32f10x_usart.o(.text)
    USART_ClearFlag                          0x080022ff   Thumb Code    18  stm32f10x_usart.o(.text)
    USART_GetITStatus                        0x08002311   Thumb Code    84  stm32f10x_usart.o(.text)
    USART_ClearITPendingBit                  0x08002365   Thumb Code    52  stm32f10x_usart.o(.text)
    TIM_DeInit                               0x08002399   Thumb Code   424  stm32f10x_tim.o(.text)
    TIM_TimeBaseInit                         0x08002541   Thumb Code   122  stm32f10x_tim.o(.text)
    TIM_OC1Init                              0x080025bb   Thumb Code   132  stm32f10x_tim.o(.text)
    TIM_OC2Init                              0x0800263f   Thumb Code   154  stm32f10x_tim.o(.text)
    TIM_OC3Init                              0x080026d9   Thumb Code   150  stm32f10x_tim.o(.text)
    TIM_OC4Init                              0x0800276f   Thumb Code   182  stm32f10x_tim.o(.text)
    TIM_SetIC4Prescaler                      0x08002825   Thumb Code    26  stm32f10x_tim.o(.text)
    TIM_SetIC3Prescaler                      0x080028c1   Thumb Code    18  stm32f10x_tim.o(.text)
    TIM_SetIC2Prescaler                      0x0800294d   Thumb Code    26  stm32f10x_tim.o(.text)
    TIM_SetIC1Prescaler                      0x080029e9   Thumb Code    18  stm32f10x_tim.o(.text)
    TIM_ICInit                               0x08002a67   Thumb Code   150  stm32f10x_tim.o(.text)
    TIM_PWMIConfig                           0x08002afd   Thumb Code   124  stm32f10x_tim.o(.text)
    TIM_BDTRConfig                           0x08002b79   Thumb Code    32  stm32f10x_tim.o(.text)
    TIM_TimeBaseStructInit                   0x08002b99   Thumb Code    18  stm32f10x_tim.o(.text)
    TIM_OCStructInit                         0x08002bab   Thumb Code    20  stm32f10x_tim.o(.text)
    TIM_ICStructInit                         0x08002bbf   Thumb Code    18  stm32f10x_tim.o(.text)
    TIM_BDTRStructInit                       0x08002bd1   Thumb Code    40  stm32f10x_tim.o(.text)
    TIM_Cmd                                  0x08002bf9   Thumb Code    24  stm32f10x_tim.o(.text)
    TIM_CtrlPWMOutputs                       0x08002c11   Thumb Code    30  stm32f10x_tim.o(.text)
    TIM_ITConfig                             0x08002c2f   Thumb Code    18  stm32f10x_tim.o(.text)
    TIM_GenerateEvent                        0x08002c41   Thumb Code     4  stm32f10x_tim.o(.text)
    TIM_DMAConfig                            0x08002c45   Thumb Code    10  stm32f10x_tim.o(.text)
    TIM_DMACmd                               0x08002c4f   Thumb Code    18  stm32f10x_tim.o(.text)
    TIM_InternalClockConfig                  0x08002c61   Thumb Code    12  stm32f10x_tim.o(.text)
    TIM_SelectInputTrigger                   0x08002c6d   Thumb Code    18  stm32f10x_tim.o(.text)
    TIM_ITRxExternalClockConfig              0x08002c7f   Thumb Code    24  stm32f10x_tim.o(.text)
    TIM_TIxExternalClockConfig               0x08002c97   Thumb Code    62  stm32f10x_tim.o(.text)
    TIM_ETRConfig                            0x08002cd5   Thumb Code    28  stm32f10x_tim.o(.text)
    TIM_ETRClockMode1Config                  0x08002cf1   Thumb Code    54  stm32f10x_tim.o(.text)
    TIM_ETRClockMode2Config                  0x08002d27   Thumb Code    32  stm32f10x_tim.o(.text)
    TIM_PrescalerConfig                      0x08002d47   Thumb Code     6  stm32f10x_tim.o(.text)
    TIM_CounterModeConfig                    0x08002d4d   Thumb Code    18  stm32f10x_tim.o(.text)
    TIM_EncoderInterfaceConfig               0x08002d5f   Thumb Code    66  stm32f10x_tim.o(.text)
    TIM_ForcedOC1Config                      0x08002da1   Thumb Code    18  stm32f10x_tim.o(.text)
    TIM_ForcedOC2Config                      0x08002db3   Thumb Code    26  stm32f10x_tim.o(.text)
    TIM_ForcedOC3Config                      0x08002dcd   Thumb Code    18  stm32f10x_tim.o(.text)
    TIM_ForcedOC4Config                      0x08002ddf   Thumb Code    26  stm32f10x_tim.o(.text)
    TIM_ARRPreloadConfig                     0x08002df9   Thumb Code    24  stm32f10x_tim.o(.text)
    TIM_SelectCOM                            0x08002e11   Thumb Code    24  stm32f10x_tim.o(.text)
    TIM_SelectCCDMA                          0x08002e29   Thumb Code    24  stm32f10x_tim.o(.text)
    TIM_CCPreloadControl                     0x08002e41   Thumb Code    24  stm32f10x_tim.o(.text)
    TIM_OC1PreloadConfig                     0x08002e59   Thumb Code    18  stm32f10x_tim.o(.text)
    TIM_OC2PreloadConfig                     0x08002e6b   Thumb Code    26  stm32f10x_tim.o(.text)
    TIM_OC3PreloadConfig                     0x08002e85   Thumb Code    18  stm32f10x_tim.o(.text)
    TIM_OC4PreloadConfig                     0x08002e97   Thumb Code    26  stm32f10x_tim.o(.text)
    TIM_OC1FastConfig                        0x08002eb1   Thumb Code    18  stm32f10x_tim.o(.text)
    TIM_OC2FastConfig                        0x08002ec3   Thumb Code    26  stm32f10x_tim.o(.text)
    TIM_OC3FastConfig                        0x08002edd   Thumb Code    18  stm32f10x_tim.o(.text)
    TIM_OC4FastConfig                        0x08002eef   Thumb Code    26  stm32f10x_tim.o(.text)
    TIM_ClearOC1Ref                          0x08002f09   Thumb Code    18  stm32f10x_tim.o(.text)
    TIM_ClearOC2Ref                          0x08002f1b   Thumb Code    24  stm32f10x_tim.o(.text)
    TIM_ClearOC3Ref                          0x08002f33   Thumb Code    18  stm32f10x_tim.o(.text)
    TIM_ClearOC4Ref                          0x08002f45   Thumb Code    24  stm32f10x_tim.o(.text)
    TIM_OC1PolarityConfig                    0x08002f5d   Thumb Code    18  stm32f10x_tim.o(.text)
    TIM_OC1NPolarityConfig                   0x08002f6f   Thumb Code    18  stm32f10x_tim.o(.text)
    TIM_OC2PolarityConfig                    0x08002f81   Thumb Code    26  stm32f10x_tim.o(.text)
    TIM_OC2NPolarityConfig                   0x08002f9b   Thumb Code    26  stm32f10x_tim.o(.text)
    TIM_OC3PolarityConfig                    0x08002fb5   Thumb Code    26  stm32f10x_tim.o(.text)
    TIM_OC3NPolarityConfig                   0x08002fcf   Thumb Code    26  stm32f10x_tim.o(.text)
    TIM_OC4PolarityConfig                    0x08002fe9   Thumb Code    26  stm32f10x_tim.o(.text)
    TIM_CCxCmd                               0x08003003   Thumb Code    30  stm32f10x_tim.o(.text)
    TIM_CCxNCmd                              0x08003021   Thumb Code    30  stm32f10x_tim.o(.text)
    TIM_SelectOCxM                           0x0800303f   Thumb Code    82  stm32f10x_tim.o(.text)
    TIM_UpdateDisableConfig                  0x08003091   Thumb Code    24  stm32f10x_tim.o(.text)
    TIM_UpdateRequestConfig                  0x080030a9   Thumb Code    24  stm32f10x_tim.o(.text)
    TIM_SelectHallSensor                     0x080030c1   Thumb Code    24  stm32f10x_tim.o(.text)
    TIM_SelectOnePulseMode                   0x080030d9   Thumb Code    18  stm32f10x_tim.o(.text)
    TIM_SelectOutputTrigger                  0x080030eb   Thumb Code    18  stm32f10x_tim.o(.text)
    TIM_SelectSlaveMode                      0x080030fd   Thumb Code    18  stm32f10x_tim.o(.text)
    TIM_SelectMasterSlaveMode                0x0800310f   Thumb Code    18  stm32f10x_tim.o(.text)
    TIM_SetCounter                           0x08003121   Thumb Code     4  stm32f10x_tim.o(.text)
    TIM_SetAutoreload                        0x08003125   Thumb Code     4  stm32f10x_tim.o(.text)
    TIM_SetCompare1                          0x08003129   Thumb Code     4  stm32f10x_tim.o(.text)
    TIM_SetCompare2                          0x0800312d   Thumb Code     4  stm32f10x_tim.o(.text)
    TIM_SetCompare3                          0x08003131   Thumb Code     4  stm32f10x_tim.o(.text)
    TIM_SetCompare4                          0x08003135   Thumb Code     6  stm32f10x_tim.o(.text)
    TIM_SetClockDivision                     0x0800313b   Thumb Code    18  stm32f10x_tim.o(.text)
    TIM_GetCapture1                          0x0800314d   Thumb Code     6  stm32f10x_tim.o(.text)
    TIM_GetCapture2                          0x08003153   Thumb Code     6  stm32f10x_tim.o(.text)
    TIM_GetCapture3                          0x08003159   Thumb Code     6  stm32f10x_tim.o(.text)
    TIM_GetCapture4                          0x0800315f   Thumb Code     8  stm32f10x_tim.o(.text)
    TIM_GetCounter                           0x08003167   Thumb Code     6  stm32f10x_tim.o(.text)
    TIM_GetPrescaler                         0x0800316d   Thumb Code     6  stm32f10x_tim.o(.text)
    TIM_GetFlagStatus                        0x08003173   Thumb Code    18  stm32f10x_tim.o(.text)
    TIM_ClearFlag                            0x08003185   Thumb Code     6  stm32f10x_tim.o(.text)
    TIM_GetITStatus                          0x0800318b   Thumb Code    34  stm32f10x_tim.o(.text)
    TIM_ClearITPendingBit                    0x080031ad   Thumb Code     6  stm32f10x_tim.o(.text)
    ADC_DeInit                               0x080031b5   Thumb Code    78  stm32f10x_adc.o(.text)
    ADC_Init                                 0x08003203   Thumb Code    70  stm32f10x_adc.o(.text)
    ADC_StructInit                           0x08003249   Thumb Code    18  stm32f10x_adc.o(.text)
    ADC_Cmd                                  0x0800325b   Thumb Code    22  stm32f10x_adc.o(.text)
    ADC_DMACmd                               0x08003271   Thumb Code    22  stm32f10x_adc.o(.text)
    ADC_ITConfig                             0x08003287   Thumb Code    24  stm32f10x_adc.o(.text)
    ADC_ResetCalibration                     0x0800329f   Thumb Code    10  stm32f10x_adc.o(.text)
    ADC_GetResetCalibrationStatus            0x080032a9   Thumb Code    20  stm32f10x_adc.o(.text)
    ADC_StartCalibration                     0x080032bd   Thumb Code    10  stm32f10x_adc.o(.text)
    ADC_GetCalibrationStatus                 0x080032c7   Thumb Code    20  stm32f10x_adc.o(.text)
    ADC_SoftwareStartConvCmd                 0x080032db   Thumb Code    22  stm32f10x_adc.o(.text)
    ADC_GetSoftwareStartConvStatus           0x080032f1   Thumb Code    20  stm32f10x_adc.o(.text)
    ADC_DiscModeChannelCountConfig           0x08003305   Thumb Code    24  stm32f10x_adc.o(.text)
    ADC_DiscModeCmd                          0x0800331d   Thumb Code    22  stm32f10x_adc.o(.text)
    ADC_RegularChannelConfig                 0x08003333   Thumb Code   184  stm32f10x_adc.o(.text)
    ADC_ExternalTrigConvCmd                  0x080033eb   Thumb Code    22  stm32f10x_adc.o(.text)
    ADC_GetConversionValue                   0x08003401   Thumb Code     8  stm32f10x_adc.o(.text)
    ADC_GetDualModeConversionValue           0x08003409   Thumb Code     8  stm32f10x_adc.o(.text)
    ADC_AutoInjectedConvCmd                  0x08003411   Thumb Code    22  stm32f10x_adc.o(.text)
    ADC_InjectedDiscModeCmd                  0x08003427   Thumb Code    22  stm32f10x_adc.o(.text)
    ADC_ExternalTrigInjectedConvConfig       0x0800343d   Thumb Code    16  stm32f10x_adc.o(.text)
    ADC_ExternalTrigInjectedConvCmd          0x0800344d   Thumb Code    22  stm32f10x_adc.o(.text)
    ADC_SoftwareStartInjectedConvCmd         0x08003463   Thumb Code    22  stm32f10x_adc.o(.text)
    ADC_GetSoftwareStartInjectedConvCmdStatus 0x08003479   Thumb Code    20  stm32f10x_adc.o(.text)
    ADC_InjectedChannelConfig                0x0800348d   Thumb Code   130  stm32f10x_adc.o(.text)
    ADC_InjectedSequencerLengthConfig        0x0800350f   Thumb Code    24  stm32f10x_adc.o(.text)
    ADC_SetInjectedOffset                    0x08003527   Thumb Code    20  stm32f10x_adc.o(.text)
    ADC_GetInjectedConversionValue           0x0800353b   Thumb Code    28  stm32f10x_adc.o(.text)
    ADC_AnalogWatchdogCmd                    0x08003557   Thumb Code    16  stm32f10x_adc.o(.text)
    ADC_AnalogWatchdogThresholdsConfig       0x08003567   Thumb Code     6  stm32f10x_adc.o(.text)
    ADC_AnalogWatchdogSingleChannelConfig    0x0800356d   Thumb Code    16  stm32f10x_adc.o(.text)
    ADC_TempSensorVrefintCmd                 0x0800357d   Thumb Code    64  stm32f10x_adc.o(.text)
    ADC_GetFlagStatus                        0x080035bd   Thumb Code    18  stm32f10x_adc.o(.text)
    ADC_ClearFlag                            0x080035cf   Thumb Code     6  stm32f10x_adc.o(.text)
    ADC_GetITStatus                          0x080035d5   Thumb Code    36  stm32f10x_adc.o(.text)
    ADC_ClearITPendingBit                    0x080035f9   Thumb Code    10  stm32f10x_adc.o(.text)
    __use_no_semihosting                     0x08003603   Thumb Code     2  use_no_semi_2.o(.text)
    __c89vsprintf                            0x08003605   Thumb Code    32  c89vsprintf.o(.text)
    __2printf                                0x08003629   Thumb Code    20  __2printf.o(.text)
    _printf_str                              0x08003641   Thumb Code    82  _printf_str.o(.text)
    _printf_int_dec                          0x08003695   Thumb Code   104  _printf_dec.o(.text)
    __printf                                 0x0800370d   Thumb Code   388  __printf_flags_ss_wp.o(.text)
    strstr                                   0x08003895   Thumb Code    36  strstr.o(.text)
    strlen                                   0x080038b9   Thumb Code    62  strlen.o(.text)
    __use_two_region_memory                  0x080038f7   Thumb Code     2  heapauxi.o(.text)
    __rt_heap_escrow$2region                 0x080038f9   Thumb Code     2  heapauxi.o(.text)
    __rt_heap_expand$2region                 0x080038fb   Thumb Code     2  heapauxi.o(.text)
    __I$use$semihosting                      0x080038fd   Thumb Code     0  use_no_semi.o(.text)
    __use_no_semihosting_swi                 0x080038fd   Thumb Code     2  use_no_semi.o(.text)
    _printf_pre_padding                      0x080038ff   Thumb Code    44  _printf_pad.o(.text)
    _printf_post_padding                     0x0800392b   Thumb Code    34  _printf_pad.o(.text)
    _printf_truncate_signed                  0x0800394d   Thumb Code    18  _printf_truncate.o(.text)
    _printf_truncate_unsigned                0x0800395f   Thumb Code    18  _printf_truncate.o(.text)
    _printf_int_common                       0x08003971   Thumb Code   178  _printf_intcommon.o(.text)
    _printf_charcount                        0x08003a23   Thumb Code    40  _printf_charcount.o(.text)
    _printf_char_common                      0x08003a57   Thumb Code    32  _printf_char_common.o(.text)
    _sputc                                   0x08003a7d   Thumb Code    10  _sputc.o(.text)
    _printf_cs_common                        0x08003a87   Thumb Code    20  _printf_char.o(.text)
    _printf_char                             0x08003a9b   Thumb Code    16  _printf_char.o(.text)
    _printf_string                           0x08003aab   Thumb Code     8  _printf_char.o(.text)
    _printf_char_file                        0x08003ab5   Thumb Code    32  _printf_char_file.o(.text)
    _printf_wctomb                           0x08003ad9   Thumb Code   182  _printf_wctomb.o(.text)
    _printf_longlong_dec                     0x08003b95   Thumb Code   108  _printf_longlong_dec.o(.text)
    _printf_longlong_oct                     0x08003c11   Thumb Code    68  _printf_oct_int_ll.o(.text)
    _printf_int_oct                          0x08003c55   Thumb Code    24  _printf_oct_int_ll.o(.text)
    _printf_ll_oct                           0x08003c6d   Thumb Code    12  _printf_oct_int_ll.o(.text)
    _printf_longlong_hex                     0x08003c81   Thumb Code    86  _printf_hex_int_ll_ptr.o(.text)
    _printf_int_hex                          0x08003cd7   Thumb Code    28  _printf_hex_int_ll_ptr.o(.text)
    _printf_ll_hex                           0x08003cf3   Thumb Code    12  _printf_hex_int_ll_ptr.o(.text)
    _printf_hex_ptr                          0x08003cff   Thumb Code    18  _printf_hex_int_ll_ptr.o(.text)
    _ll_udiv10                               0x08003d15   Thumb Code   138  lludiv10.o(.text)
    __lib_sel_fp_printf                      0x08003d9f   Thumb Code     2  _printf_fp_dec.o(.text)
    _printf_fp_dec_real                      0x08003f4d   Thumb Code   620  _printf_fp_dec.o(.text)
    _printf_lcs_common                       0x080041b9   Thumb Code    20  _printf_wchar.o(.text)
    _printf_wchar                            0x080041cd   Thumb Code    16  _printf_wchar.o(.text)
    _printf_wstring                          0x080041dd   Thumb Code     8  _printf_wchar.o(.text)
    ferror                                   0x080041e5   Thumb Code     8  ferror.o(.text)
    _wcrtomb                                 0x080041ed   Thumb Code    64  _wcrtomb.o(.text)
    __user_setup_stackheap                   0x0800422d   Thumb Code    74  sys_stackheap_outer.o(.text)
    __rt_ctype_table                         0x08004279   Thumb Code    16  rt_ctype_table.o(.text)
    __rt_locale                              0x08004289   Thumb Code     8  rt_locale_intlibspace.o(.text)
    _printf_fp_infnan                        0x08004291   Thumb Code   112  _printf_fp_infnan.o(.text)
    _btod_etento                             0x08004311   Thumb Code   216  bigflt0.o(.text)
    exit                                     0x080043ed   Thumb Code    12  exit.o(.text)
    __user_libspace                          0x080043f9   Thumb Code     8  libspace.o(.text)
    __user_perproc_libspace                  0x080043f9   Thumb Code     0  libspace.o(.text)
    __user_perthread_libspace                0x080043f9   Thumb Code     0  libspace.o(.text)
    strcmp                                   0x08004401   Thumb Code   128  strcmpv7m.o(.text)
    _btod_d2e                                0x08004481   Thumb Code    62  btod.o(CL$$btod_d2e)
    _d2e_denorm_low                          0x080044bf   Thumb Code    70  btod.o(CL$$btod_d2e_denorm_low)
    _d2e_norm_op1                            0x08004505   Thumb Code    96  btod.o(CL$$btod_d2e_norm_op1)
    __btod_div_common                        0x08004565   Thumb Code   696  btod.o(CL$$btod_div_common)
    _e2e                                     0x0800489d   Thumb Code   198  btod.o(CL$$btod_e2e)
    _btod_ediv                               0x08004963   Thumb Code    40  btod.o(CL$$btod_ediv)
    _btod_emul                               0x0800498b   Thumb Code    40  btod.o(CL$$btod_emul)
    __btod_mult_common                       0x080049b3   Thumb Code   580  btod.o(CL$$btod_mult_common)
    __ARM_fpclassify                         0x08004bf7   Thumb Code    40  fpclassify.o(i.__ARM_fpclassify)
    _is_digit                                0x08004c1f   Thumb Code    14  __printf_wp.o(i._is_digit)
    _get_lc_numeric                          0x08004c2d   Thumb Code    44  lc_numeric_c.o(locale$$code)
    _get_lc_ctype                            0x08004c59   Thumb Code    44  lc_ctype_c.o(locale$$code)
    _printf_fp_dec                           0x08004c85   Thumb Code     4  printf1.o(x$fpl$printf1)
    __I$use$fp                               0x08004c88   Number         0  usenofp.o(x$fpl$usenofp)
    asc2_1206                                0x08004c88   Data        1140  oled.o(.constdata)
    asc2_1608                                0x080050fc   Data        1520  oled.o(.constdata)
    asc2_2412                                0x080056ec   Data        3420  oled.o(.constdata)
    Region$$Table$$Base                      0x08006520   Number         0  anon$$obj.o(Region$$Table)
    Region$$Table$$Limit                     0x08006540   Number         0  anon$$obj.o(Region$$Table)
    __ctype                                  0x08006569   Data           0  lc_ctype_c.o(locale$$data)
    ack                                      0x20000000   Data          10  main.o(.data)
    SystemCoreClock                          0x2000000c   Data           4  system_stm32f10x.o(.data)
    AHBPrescTable                            0x20000010   Data          16  system_stm32f10x.o(.data)
    USART3_RX_STA                            0x20000020   Data           2  usart3.o(.data)
    Hzk1                                     0x20000022   Data         352  oled.o(.data)
    Hzk2                                     0x20000182   Data         216  oled.o(.data)
    Hzk3                                     0x2000025a   Data         512  oled.o(.data)
    Hzk4                                     0x2000045a   Data        4096  oled.o(.data)
    __stdout                                 0x20001460   Data           4  usart.o(.data)
    USART_RX_STA                             0x20001464   Data           2  usart.o(.data)
    USART3_RX_BUF                            0x2000147c   Data         600  usart3.o(.bss)
    USART3_TX_BUF                            0x200016d4   Data         600  usart3.o(.bss)
    OLED_GRAM                                0x2000192c   Data        1152  oled.o(.bss)
    USART_RX_BUF                             0x20001dac   Data         200  usart.o(.bss)
    __libspace_start                         0x20001e74   Data          96  libspace.o(.bss)
    __temporary_stack_top$libspace           0x20001ed4   Data           0  libspace.o(.bss)



==============================================================================

Memory Map of the image

  Image Entry point : 0x080000ed

  Load Region LR_IROM1 (Base: 0x08000000, Size: 0x00007ae8, Max: 0x00008000, ABSOLUTE, COMPRESSED[0x00006844])

    Execution Region ER_IROM1 (Base: 0x08000000, Size: 0x0000666c, Max: 0x00008000, ABSOLUTE)

    Base Addr    Size         Type   Attr      Idx    E Section Name        Object

    0x08000000   0x000000ec   Data   RO          352    RESET               startup_stm32f10x_md.o
    0x080000ec   0x00000008   Code   RO          476  * !!!main             c_w.l(__main.o)
    0x080000f4   0x00000034   Code   RO          764    !!!scatter          c_w.l(__scatter.o)
    0x08000128   0x0000005a   Code   RO          762    !!dczerorl2         c_w.l(__dczerorl2.o)
    0x08000182   0x00000002   PAD
    0x08000184   0x0000001c   Code   RO          766    !!handler_zi        c_w.l(__scatter_zi.o)
    0x080001a0   0x00000000   Code   RO          469    .ARM.Collect$$_printf_percent$$00000000  c_w.l(_printf_percent.o)
    0x080001a0   0x00000006   Code   RO          530    .ARM.Collect$$_printf_percent$$00000001  c_w.l(_printf_n.o)
    0x080001a6   0x00000006   Code   RO          532    .ARM.Collect$$_printf_percent$$00000002  c_w.l(_printf_p.o)
    0x080001ac   0x00000006   Code   RO          536    .ARM.Collect$$_printf_percent$$00000003  c_w.l(_printf_f.o)
    0x080001b2   0x00000006   Code   RO          537    .ARM.Collect$$_printf_percent$$00000004  c_w.l(_printf_e.o)
    0x080001b8   0x00000006   Code   RO          538    .ARM.Collect$$_printf_percent$$00000005  c_w.l(_printf_g.o)
    0x080001be   0x00000006   Code   RO          539    .ARM.Collect$$_printf_percent$$00000006  c_w.l(_printf_a.o)
    0x080001c4   0x0000000a   Code   RO          544    .ARM.Collect$$_printf_percent$$00000007  c_w.l(_printf_ll.o)
    0x080001ce   0x00000006   Code   RO          534    .ARM.Collect$$_printf_percent$$00000008  c_w.l(_printf_i.o)
    0x080001d4   0x00000006   Code   RO          468    .ARM.Collect$$_printf_percent$$00000009  c_w.l(_printf_d.o)
    0x080001da   0x00000006   Code   RO          535    .ARM.Collect$$_printf_percent$$0000000A  c_w.l(_printf_u.o)
    0x080001e0   0x00000006   Code   RO          533    .ARM.Collect$$_printf_percent$$0000000B  c_w.l(_printf_o.o)
    0x080001e6   0x00000006   Code   RO          531    .ARM.Collect$$_printf_percent$$0000000C  c_w.l(_printf_x.o)
    0x080001ec   0x00000006   Code   RO          541    .ARM.Collect$$_printf_percent$$0000000D  c_w.l(_printf_lli.o)
    0x080001f2   0x00000006   Code   RO          542    .ARM.Collect$$_printf_percent$$0000000E  c_w.l(_printf_lld.o)
    0x080001f8   0x00000006   Code   RO          543    .ARM.Collect$$_printf_percent$$0000000F  c_w.l(_printf_llu.o)
    0x080001fe   0x00000006   Code   RO          548    .ARM.Collect$$_printf_percent$$00000010  c_w.l(_printf_llo.o)
    0x08000204   0x00000006   Code   RO          549    .ARM.Collect$$_printf_percent$$00000011  c_w.l(_printf_llx.o)
    0x0800020a   0x0000000a   Code   RO          545    .ARM.Collect$$_printf_percent$$00000012  c_w.l(_printf_l.o)
    0x08000214   0x00000006   Code   RO          529    .ARM.Collect$$_printf_percent$$00000013  c_w.l(_printf_c.o)
    0x0800021a   0x00000006   Code   RO          467    .ARM.Collect$$_printf_percent$$00000014  c_w.l(_printf_s.o)
    0x08000220   0x00000006   Code   RO          546    .ARM.Collect$$_printf_percent$$00000015  c_w.l(_printf_lc.o)
    0x08000226   0x00000006   Code   RO          547    .ARM.Collect$$_printf_percent$$00000016  c_w.l(_printf_ls.o)
    0x0800022c   0x00000004   Code   RO          540    .ARM.Collect$$_printf_percent$$00000017  c_w.l(_printf_percent_end.o)
    0x08000230   0x00000002   Code   RO          627    .ARM.Collect$$libinit$$00000000  c_w.l(libinit.o)
    0x08000232   0x00000000   Code   RO          644    .ARM.Collect$$libinit$$00000002  c_w.l(libinit2.o)
    0x08000232   0x00000000   Code   RO          646    .ARM.Collect$$libinit$$00000004  c_w.l(libinit2.o)
    0x08000232   0x00000000   Code   RO          649    .ARM.Collect$$libinit$$0000000A  c_w.l(libinit2.o)
    0x08000232   0x00000000   Code   RO          651    .ARM.Collect$$libinit$$0000000C  c_w.l(libinit2.o)
    0x08000232   0x00000000   Code   RO          653    .ARM.Collect$$libinit$$0000000E  c_w.l(libinit2.o)
    0x08000232   0x00000006   Code   RO          654    .ARM.Collect$$libinit$$0000000F  c_w.l(libinit2.o)
    0x08000238   0x00000000   Code   RO          656    .ARM.Collect$$libinit$$00000011  c_w.l(libinit2.o)
    0x08000238   0x0000000c   Code   RO          657    .ARM.Collect$$libinit$$00000012  c_w.l(libinit2.o)
    0x08000244   0x00000000   Code   RO          658    .ARM.Collect$$libinit$$00000013  c_w.l(libinit2.o)
    0x08000244   0x00000000   Code   RO          660    .ARM.Collect$$libinit$$00000015  c_w.l(libinit2.o)
    0x08000244   0x0000000a   Code   RO          661    .ARM.Collect$$libinit$$00000016  c_w.l(libinit2.o)
    0x0800024e   0x00000000   Code   RO          662    .ARM.Collect$$libinit$$00000017  c_w.l(libinit2.o)
    0x0800024e   0x00000000   Code   RO          664    .ARM.Collect$$libinit$$00000019  c_w.l(libinit2.o)
    0x0800024e   0x00000000   Code   RO          666    .ARM.Collect$$libinit$$0000001B  c_w.l(libinit2.o)
    0x0800024e   0x00000000   Code   RO          668    .ARM.Collect$$libinit$$0000001D  c_w.l(libinit2.o)
    0x0800024e   0x00000000   Code   RO          670    .ARM.Collect$$libinit$$0000001F  c_w.l(libinit2.o)
    0x0800024e   0x00000000   Code   RO          672    .ARM.Collect$$libinit$$00000021  c_w.l(libinit2.o)
    0x0800024e   0x00000000   Code   RO          674    .ARM.Collect$$libinit$$00000023  c_w.l(libinit2.o)
    0x0800024e   0x00000000   Code   RO          676    .ARM.Collect$$libinit$$00000025  c_w.l(libinit2.o)
    0x0800024e   0x00000000   Code   RO          680    .ARM.Collect$$libinit$$0000002C  c_w.l(libinit2.o)
    0x0800024e   0x00000000   Code   RO          682    .ARM.Collect$$libinit$$0000002E  c_w.l(libinit2.o)
    0x0800024e   0x00000000   Code   RO          684    .ARM.Collect$$libinit$$00000030  c_w.l(libinit2.o)
    0x0800024e   0x00000000   Code   RO          686    .ARM.Collect$$libinit$$00000032  c_w.l(libinit2.o)
    0x0800024e   0x00000002   Code   RO          687    .ARM.Collect$$libinit$$00000033  c_w.l(libinit2.o)
    0x08000250   0x00000002   Code   RO          705    .ARM.Collect$$libshutdown$$00000000  c_w.l(libshutdown.o)
    0x08000252   0x00000000   Code   RO          716    .ARM.Collect$$libshutdown$$00000003  c_w.l(libshutdown2.o)
    0x08000252   0x00000000   Code   RO          719    .ARM.Collect$$libshutdown$$00000006  c_w.l(libshutdown2.o)
    0x08000252   0x00000000   Code   RO          722    .ARM.Collect$$libshutdown$$00000009  c_w.l(libshutdown2.o)
    0x08000252   0x00000000   Code   RO          724    .ARM.Collect$$libshutdown$$0000000B  c_w.l(libshutdown2.o)
    0x08000252   0x00000000   Code   RO          727    .ARM.Collect$$libshutdown$$0000000E  c_w.l(libshutdown2.o)
    0x08000252   0x00000002   Code   RO          728    .ARM.Collect$$libshutdown$$0000000F  c_w.l(libshutdown2.o)
    0x08000254   0x00000000   Code   RO          480    .ARM.Collect$$rtentry$$00000000  c_w.l(__rtentry.o)
    0x08000254   0x00000000   Code   RO          553    .ARM.Collect$$rtentry$$00000002  c_w.l(__rtentry2.o)
    0x08000254   0x00000006   Code   RO          565    .ARM.Collect$$rtentry$$00000004  c_w.l(__rtentry4.o)
    0x0800025a   0x00000000   Code   RO          555    .ARM.Collect$$rtentry$$00000009  c_w.l(__rtentry2.o)
    0x0800025a   0x00000004   Code   RO          556    .ARM.Collect$$rtentry$$0000000A  c_w.l(__rtentry2.o)
    0x0800025e   0x00000000   Code   RO          558    .ARM.Collect$$rtentry$$0000000C  c_w.l(__rtentry2.o)
    0x0800025e   0x00000008   Code   RO          559    .ARM.Collect$$rtentry$$0000000D  c_w.l(__rtentry2.o)
    0x08000266   0x00000002   Code   RO          636    .ARM.Collect$$rtexit$$00000000  c_w.l(rtexit.o)
    0x08000268   0x00000000   Code   RO          689    .ARM.Collect$$rtexit$$00000002  c_w.l(rtexit2.o)
    0x08000268   0x00000004   Code   RO          690    .ARM.Collect$$rtexit$$00000003  c_w.l(rtexit2.o)
    0x0800026c   0x00000006   Code   RO          691    .ARM.Collect$$rtexit$$00000004  c_w.l(rtexit2.o)
    0x08000272   0x00000002   PAD
    0x08000274   0x00000430   Code   RO            1    .text               main.o
    0x080006a4   0x0000001a   Code   RO          141    .text               stm32f10x_it.o
    0x080006be   0x00000002   PAD
    0x080006c0   0x00000248   Code   RO          200    .text               esp8266.o
    0x08000908   0x0000008c   Code   RO          212    .text               timer.o
    0x08000994   0x00000198   Code   RO          225    .text               usart3.o
    0x08000b2c   0x00000150   Code   RO          251    .text               adc.o
    0x08000c7c   0x000008ea   Code   RO          263    .text               oled.o
    0x08001566   0x00000002   PAD
    0x08001568   0x000000d4   Code   RO          286    .text               delay.o
    0x0800163c   0x00000140   Code   RO          317    .text               usart.o
    0x0800177c   0x00000038   Code   RO          353    .text               startup_stm32f10x_md.o
    0x080017b4   0x000000dc   Code   RO          357    .text               misc.o
    0x08001890   0x0000035c   Code   RO          369    .text               stm32f10x_gpio.o
    0x08001bec   0x000003a4   Code   RO          381    .text               stm32f10x_rcc.o
    0x08001f90   0x00000408   Code   RO          395    .text               stm32f10x_usart.o
    0x08002398   0x00000e1a   Code   RO          407    .text               stm32f10x_tim.o
    0x080031b2   0x00000002   PAD
    0x080031b4   0x0000044e   Code   RO          419    .text               stm32f10x_adc.o
    0x08003602   0x00000002   Code   RO          433    .text               c_w.l(use_no_semi_2.o)
    0x08003604   0x00000024   Code   RO          435    .text               c_w.l(c89vsprintf.o)
    0x08003628   0x00000018   Code   RO          437    .text               c_w.l(__2printf.o)
    0x08003640   0x00000052   Code   RO          443    .text               c_w.l(_printf_str.o)
    0x08003692   0x00000002   PAD
    0x08003694   0x00000078   Code   RO          445    .text               c_w.l(_printf_dec.o)
    0x0800370c   0x00000188   Code   RO          464    .text               c_w.l(__printf_flags_ss_wp.o)
    0x08003894   0x00000024   Code   RO          470    .text               c_w.l(strstr.o)
    0x080038b8   0x0000003e   Code   RO          472    .text               c_w.l(strlen.o)
    0x080038f6   0x00000006   Code   RO          474    .text               c_w.l(heapauxi.o)
    0x080038fc   0x00000002   Code   RO          478    .text               c_w.l(use_no_semi.o)
    0x080038fe   0x0000004e   Code   RO          481    .text               c_w.l(_printf_pad.o)
    0x0800394c   0x00000024   Code   RO          483    .text               c_w.l(_printf_truncate.o)
    0x08003970   0x000000b2   Code   RO          485    .text               c_w.l(_printf_intcommon.o)
    0x08003a22   0x00000028   Code   RO          487    .text               c_w.l(_printf_charcount.o)
    0x08003a4a   0x00000002   PAD
    0x08003a4c   0x00000030   Code   RO          489    .text               c_w.l(_printf_char_common.o)
    0x08003a7c   0x0000000a   Code   RO          491    .text               c_w.l(_sputc.o)
    0x08003a86   0x0000002c   Code   RO          493    .text               c_w.l(_printf_char.o)
    0x08003ab2   0x00000002   PAD
    0x08003ab4   0x00000024   Code   RO          495    .text               c_w.l(_printf_char_file.o)
    0x08003ad8   0x000000bc   Code   RO          497    .text               c_w.l(_printf_wctomb.o)
    0x08003b94   0x0000007c   Code   RO          500    .text               c_w.l(_printf_longlong_dec.o)
    0x08003c10   0x00000070   Code   RO          506    .text               c_w.l(_printf_oct_int_ll.o)
    0x08003c80   0x00000094   Code   RO          526    .text               c_w.l(_printf_hex_int_ll_ptr.o)
    0x08003d14   0x0000008a   Code   RO          567    .text               c_w.l(lludiv10.o)
    0x08003d9e   0x0000041a   Code   RO          569    .text               c_w.l(_printf_fp_dec.o)
    0x080041b8   0x0000002c   Code   RO          573    .text               c_w.l(_printf_wchar.o)
    0x080041e4   0x00000008   Code   RO          575    .text               c_w.l(ferror.o)
    0x080041ec   0x00000040   Code   RO          579    .text               c_w.l(_wcrtomb.o)
    0x0800422c   0x0000004a   Code   RO          581    .text               c_w.l(sys_stackheap_outer.o)
    0x08004276   0x00000002   PAD
    0x08004278   0x00000010   Code   RO          583    .text               c_w.l(rt_ctype_table.o)
    0x08004288   0x00000008   Code   RO          588    .text               c_w.l(rt_locale_intlibspace.o)
    0x08004290   0x00000080   Code   RO          590    .text               c_w.l(_printf_fp_infnan.o)
    0x08004310   0x000000dc   Code   RO          592    .text               c_w.l(bigflt0.o)
    0x080043ec   0x0000000c   Code   RO          620    .text               c_w.l(exit.o)
    0x080043f8   0x00000008   Code   RO          633    .text               c_w.l(libspace.o)
    0x08004400   0x00000080   Code   RO          641    .text               c_w.l(strcmpv7m.o)
    0x08004480   0x0000003e   Code   RO          595    CL$$btod_d2e        c_w.l(btod.o)
    0x080044be   0x00000046   Code   RO          597    CL$$btod_d2e_denorm_low  c_w.l(btod.o)
    0x08004504   0x00000060   Code   RO          596    CL$$btod_d2e_norm_op1  c_w.l(btod.o)
    0x08004564   0x00000338   Code   RO          605    CL$$btod_div_common  c_w.l(btod.o)
    0x0800489c   0x000000c6   Code   RO          602    CL$$btod_e2e        c_w.l(btod.o)
    0x08004962   0x00000028   Code   RO          599    CL$$btod_ediv       c_w.l(btod.o)
    0x0800498a   0x00000028   Code   RO          598    CL$$btod_emul       c_w.l(btod.o)
    0x080049b2   0x00000244   Code   RO          604    CL$$btod_mult_common  c_w.l(btod.o)
    0x08004bf6   0x00000028   Code   RO          631    i.__ARM_fpclassify  m_ws.l(fpclassify.o)
    0x08004c1e   0x0000000e   Code   RO          457    i._is_digit         c_w.l(__printf_wp.o)
    0x08004c2c   0x0000002c   Code   RO          618    locale$$code        c_w.l(lc_numeric_c.o)
    0x08004c58   0x0000002c   Code   RO          639    locale$$code        c_w.l(lc_ctype_c.o)
    0x08004c84   0x00000004   Code   RO          550    x$fpl$printf1       fz_ws.l(printf1.o)
    0x08004c88   0x00000000   Code   RO          630    x$fpl$usenofp       fz_ws.l(usenofp.o)
    0x08004c88   0x000017c0   Data   RO          265    .constdata          oled.o
    0x08006448   0x00000011   Data   RO          465    .constdata          c_w.l(__printf_flags_ss_wp.o)
    0x08006459   0x00000003   PAD
    0x0800645c   0x00000008   Data   RO          498    .constdata          c_w.l(_printf_wctomb.o)
    0x08006464   0x00000028   Data   RO          527    .constdata          c_w.l(_printf_hex_int_ll_ptr.o)
    0x0800648c   0x00000094   Data   RO          593    .constdata          c_w.l(bigflt0.o)
    0x08006520   0x00000020   Data   RO          760    Region$$Table       anon$$obj.o
    0x08006540   0x0000001c   Data   RO          617    locale$$data        c_w.l(lc_numeric_c.o)
    0x0800655c   0x00000110   Data   RO          638    locale$$data        c_w.l(lc_ctype_c.o)


    Execution Region RW_IRAM1 (Base: 0x20000000, Size: 0x000024d8, Max: 0x00002800, ABSOLUTE, COMPRESSED[0x000001d8])

    Base Addr    Size         Type   Attr      Idx    E Section Name        Object

    0x20000000   0x0000000a   Data   RW            2    .data               main.o
    0x2000000a   0x00000002   PAD
    0x2000000c   0x00000014   Data   RW          183    .data               system_stm32f10x.o
    0x20000020   0x00000002   Data   RW          227    .data               usart3.o
    0x20000022   0x00001438   Data   RW          266    .data               oled.o
    0x2000145a   0x00000004   Data   RW          287    .data               delay.o
    0x2000145e   0x00000002   PAD
    0x20001460   0x00000006   Data   RW          319    .data               usart.o
    0x20001466   0x00000014   Data   RW          382    .data               stm32f10x_rcc.o
    0x2000147a   0x00000002   PAD
    0x2000147c   0x000004b0   Zero   RW          226    .bss                usart3.o
    0x2000192c   0x00000480   Zero   RW          264    .bss                oled.o
    0x20001dac   0x000000c8   Zero   RW          318    .bss                usart.o
    0x20001e74   0x00000060   Zero   RW          634    .bss                c_w.l(libspace.o)
    0x20001ed4   0x00000004   PAD
    0x20001ed8   0x00000200   Zero   RW          351    HEAP                startup_stm32f10x_md.o
    0x200020d8   0x00000400   Zero   RW          350    STACK               startup_stm32f10x_md.o


==============================================================================

Image component sizes


      Code (inc. data)   RO Data    RW Data    ZI Data      Debug   Object Name

       336         10          0          0          0       1155   adc.o
       212         18          0          4          0       1071   delay.o
       584        210          0          0          0       2186   esp8266.o
      1072         80          0         10          0     262283   main.o
       220         22          0          0          0       1849   misc.o
      2282         44       6080       5176       1152       8506   oled.o
        56         22        236          0       1536        812   startup_stm32f10x_md.o
      1102         26          0          0          0      10881   stm32f10x_adc.o
       860         38          0          0          0       5693   stm32f10x_gpio.o
        26          0          0          0          0       1206   stm32f10x_it.o
       932         36          0         20          0       8888   stm32f10x_rcc.o
      3610         88          0          0          0      22176   stm32f10x_tim.o
      1032         22          0          0          0       8420   stm32f10x_usart.o
         0          0          0          0          0         32   sys.o
         0          0          0         20          0        672   system_stm32f10x.o
       140          8          0          0          0        800   timer.o
       320         16          0          6        200       3218   usart.o
       408         28          0          2       1200       2642   usart3.o

    ----------------------------------------------------------------------
     13198        668       6348       5244       4088     342490   Object Totals
         0          0         32          0          0          0   (incl. Generated)
         6          0          0          6          0          0   (incl. Padding)

    ----------------------------------------------------------------------

      Code (inc. data)   RO Data    RW Data    ZI Data      Debug   Library Member Name

        24          4          0          0          0         84   __2printf.o
        90          0          0          0          0          0   __dczerorl2.o
         8          0          0          0          0         68   __main.o
       392          4         17          0          0         92   __printf_flags_ss_wp.o
        14          0          0          0          0         68   __printf_wp.o
         0          0          0          0          0          0   __rtentry.o
        12          0          0          0          0          0   __rtentry2.o
         6          0          0          0          0          0   __rtentry4.o
        52          8          0          0          0          0   __scatter.o
        28          0          0          0          0          0   __scatter_zi.o
         6          0          0          0          0          0   _printf_a.o
         6          0          0          0          0          0   _printf_c.o
        44          0          0          0          0        108   _printf_char.o
        48          6          0          0          0         96   _printf_char_common.o
        36          4          0          0          0         80   _printf_char_file.o
        40          0          0          0          0         68   _printf_charcount.o
         6          0          0          0          0          0   _printf_d.o
       120         16          0          0          0         92   _printf_dec.o
         6          0          0          0          0          0   _printf_e.o
         6          0          0          0          0          0   _printf_f.o
      1050          0          0          0          0        216   _printf_fp_dec.o
       128         16          0          0          0         84   _printf_fp_infnan.o
         6          0          0          0          0          0   _printf_g.o
       148          4         40          0          0        160   _printf_hex_int_ll_ptr.o
         6          0          0          0          0          0   _printf_i.o
       178          0          0          0          0         88   _printf_intcommon.o
        10          0          0          0          0          0   _printf_l.o
         6          0          0          0          0          0   _printf_lc.o
        10          0          0          0          0          0   _printf_ll.o
         6          0          0          0          0          0   _printf_lld.o
         6          0          0          0          0          0   _printf_lli.o
         6          0          0          0          0          0   _printf_llo.o
         6          0          0          0          0          0   _printf_llu.o
         6          0          0          0          0          0   _printf_llx.o
       124         16          0          0          0         92   _printf_longlong_dec.o
         6          0          0          0          0          0   _printf_ls.o
         6          0          0          0          0          0   _printf_n.o
         6          0          0          0          0          0   _printf_o.o
       112          8          0          0          0        124   _printf_oct_int_ll.o
         6          0          0          0          0          0   _printf_p.o
        78          0          0          0          0        108   _printf_pad.o
         0          0          0          0          0          0   _printf_percent.o
         4          0          0          0          0          0   _printf_percent_end.o
         6          0          0          0          0          0   _printf_s.o
        82          0          0          0          0         80   _printf_str.o
        36          0          0          0          0         84   _printf_truncate.o
         6          0          0          0          0          0   _printf_u.o
        44          0          0          0          0        108   _printf_wchar.o
       188          6          8          0          0         92   _printf_wctomb.o
         6          0          0          0          0          0   _printf_x.o
        10          0          0          0          0         68   _sputc.o
        64          0          0          0          0         92   _wcrtomb.o
       220          4        148          0          0         96   bigflt0.o
      1910        128          0          0          0        672   btod.o
        36          4          0          0          0         76   c89vsprintf.o
        12          0          0          0          0         72   exit.o
         8          0          0          0          0         68   ferror.o
         6          0          0          0          0        152   heapauxi.o
        44         10        272          0          0         76   lc_ctype_c.o
        44         10         28          0          0         76   lc_numeric_c.o
         2          0          0          0          0          0   libinit.o
        30          0          0          0          0          0   libinit2.o
         2          0          0          0          0          0   libshutdown.o
         2          0          0          0          0          0   libshutdown2.o
         8          4          0          0         96         68   libspace.o
       138          0          0          0          0         80   lludiv10.o
        16          4          0          0          0         76   rt_ctype_table.o
         8          4          0          0          0         68   rt_locale_intlibspace.o
         2          0          0          0          0          0   rtexit.o
        10          0          0          0          0          0   rtexit2.o
       128          0          0          0          0         68   strcmpv7m.o
        62          0          0          0          0         76   strlen.o
        36          0          0          0          0         80   strstr.o
        74          0          0          0          0         80   sys_stackheap_outer.o
         2          0          0          0          0         68   use_no_semi.o
         2          0          0          0          0         68   use_no_semi_2.o
         4          0          0          0          0         68   printf1.o
         0          0          0          0          0          0   usenofp.o
        40          0          0          0          0         68   fpclassify.o

    ----------------------------------------------------------------------
      6158        260        516          0        100       4308   Library Totals
        12          0          3          0          4          0   (incl. Padding)

    ----------------------------------------------------------------------

      Code (inc. data)   RO Data    RW Data    ZI Data      Debug   Library Name

      6102        260        513          0         96       4172   c_w.l
         4          0          0          0          0         68   fz_ws.l
        40          0          0          0          0         68   m_ws.l

    ----------------------------------------------------------------------
      6158        260        516          0        100       4308   Library Totals

    ----------------------------------------------------------------------

==============================================================================


      Code (inc. data)   RO Data    RW Data    ZI Data      Debug   

     19356        928       6864       5244       4188     343154   Grand Totals
     19356        928       6864        472       4188     343154   ELF Image Totals (compressed)
     19356        928       6864        472          0          0   ROM Totals

==============================================================================

    Total RO  Size (Code + RO Data)                26220 (  25.61kB)
    Total RW  Size (RW Data + ZI Data)              9432 (   9.21kB)
    Total ROM Size (Code + RO Data + RW Data)      26692 (  26.07kB)

==============================================================================

